Archive member included to satisfy reference by file (symbol)

e:/compiler/bin/../lib/gcc/arm-none-eabi/10.2.1/thumb/v7e-m+fp/hard\libgcc.a(_arm_muldf3.o)
                              CMakeFiles/FOC_OpenLoop.elf.dir/UserApp/FOC/FOC.c.obj (__aeabi_dmul)
e:/compiler/bin/../lib/gcc/arm-none-eabi/10.2.1/thumb/v7e-m+fp/hard\libgcc.a(_arm_addsubdf3.o)
                              CMakeFiles/FOC_OpenLoop.elf.dir/UserApp/FOC/FOC.c.obj (__aeabi_dsub)
e:/compiler/bin/../lib/gcc/arm-none-eabi/10.2.1/thumb/v7e-m+fp/hard\libgcc.a(_arm_muldivdf3.o)
                              CMakeFiles/FOC_OpenLoop.elf.dir/UserApp/FOC/FOC.c.obj (__aeabi_ddiv)
e:/compiler/bin/../lib/gcc/arm-none-eabi/10.2.1/thumb/v7e-m+fp/hard\libgcc.a(_arm_truncdfsf2.o)
                              CMakeFiles/FOC_OpenLoop.elf.dir/UserApp/FOC/FOC.c.obj (__aeabi_d2f)
e:/compiler/bin/../lib/gcc/arm-none-eabi/10.2.1/thumb/v7e-m+fp/hard\libgcc.a(_aeabi_uldivmod.o)
                              CMakeFiles/FOC_OpenLoop.elf.dir/Drivers/STM32H7xx_HAL_Driver/Src/stm32h7xx_hal_uart.c.obj (__aeabi_uldivmod)
e:/compiler/bin/../lib/gcc/arm-none-eabi/10.2.1/thumb/v7e-m+fp/hard\libgcc.a(_udivmoddi4.o)
                              e:/compiler/bin/../lib/gcc/arm-none-eabi/10.2.1/thumb/v7e-m+fp/hard\libgcc.a(_aeabi_uldivmod.o) (__udivmoddi4)
e:/compiler/bin/../lib/gcc/arm-none-eabi/10.2.1/thumb/v7e-m+fp/hard\libgcc.a(_dvmd_tls.o)
                              e:/compiler/bin/../lib/gcc/arm-none-eabi/10.2.1/thumb/v7e-m+fp/hard\libgcc.a(_aeabi_uldivmod.o) (__aeabi_ldiv0)
e:/compiler/bin/../lib/gcc/arm-none-eabi/10.2.1/../../../../arm-none-eabi/lib/thumb/v7e-m+fp/hard\libg.a(lib_a-atof.o)
                              CMakeFiles/FOC_OpenLoop.elf.dir/UserApp/retarget/retarget.c.obj (atof)
e:/compiler/bin/../lib/gcc/arm-none-eabi/10.2.1/../../../../arm-none-eabi/lib/thumb/v7e-m+fp/hard\libg.a(lib_a-errno.o)
                              CMakeFiles/FOC_OpenLoop.elf.dir/Core/Src/syscalls.c.obj (__errno)
e:/compiler/bin/../lib/gcc/arm-none-eabi/10.2.1/../../../../arm-none-eabi/lib/thumb/v7e-m+fp/hard\libg.a(lib_a-exit.o)
                              e:/compiler/bin/../lib/gcc/arm-none-eabi/10.2.1/../../../../arm-none-eabi/lib/thumb/v7e-m+fp/hard/crt0.o (exit)
e:/compiler/bin/../lib/gcc/arm-none-eabi/10.2.1/../../../../arm-none-eabi/lib/thumb/v7e-m+fp/hard\libg.a(lib_a-impure.o)
                              e:/compiler/bin/../lib/gcc/arm-none-eabi/10.2.1/../../../../arm-none-eabi/lib/thumb/v7e-m+fp/hard\libg.a(lib_a-exit.o) (_global_impure_ptr)
e:/compiler/bin/../lib/gcc/arm-none-eabi/10.2.1/../../../../arm-none-eabi/lib/thumb/v7e-m+fp/hard\libg.a(lib_a-init.o)
                              e:/compiler/bin/../lib/gcc/arm-none-eabi/10.2.1/../../../../arm-none-eabi/lib/thumb/v7e-m+fp/hard/crt0.o (__libc_init_array)
e:/compiler/bin/../lib/gcc/arm-none-eabi/10.2.1/../../../../arm-none-eabi/lib/thumb/v7e-m+fp/hard\libg.a(lib_a-malloc.o)
                              CMakeFiles/FOC_OpenLoop.elf.dir/UserApp/FOC/lowpassFilter.c.obj (malloc)
e:/compiler/bin/../lib/gcc/arm-none-eabi/10.2.1/../../../../arm-none-eabi/lib/thumb/v7e-m+fp/hard\libg.a(lib_a-mallocr.o)
                              e:/compiler/bin/../lib/gcc/arm-none-eabi/10.2.1/../../../../arm-none-eabi/lib/thumb/v7e-m+fp/hard\libg.a(lib_a-malloc.o) (_malloc_r)
e:/compiler/bin/../lib/gcc/arm-none-eabi/10.2.1/../../../../arm-none-eabi/lib/thumb/v7e-m+fp/hard\libg.a(lib_a-memcpy.o)
                              CMakeFiles/FOC_OpenLoop.elf.dir/Middlewares/Third_Party/FreeRTOS/Source/queue.c.obj (memcpy)
e:/compiler/bin/../lib/gcc/arm-none-eabi/10.2.1/../../../../arm-none-eabi/lib/thumb/v7e-m+fp/hard\libg.a(lib_a-memset.o)
                              e:/compiler/bin/../lib/gcc/arm-none-eabi/10.2.1/../../../../arm-none-eabi/lib/thumb/v7e-m+fp/hard/crt0.o (memset)
e:/compiler/bin/../lib/gcc/arm-none-eabi/10.2.1/../../../../arm-none-eabi/lib/thumb/v7e-m+fp/hard\libg.a(lib_a-mlock.o)
                              e:/compiler/bin/../lib/gcc/arm-none-eabi/10.2.1/../../../../arm-none-eabi/lib/thumb/v7e-m+fp/hard\libg.a(lib_a-mallocr.o) (__malloc_lock)
e:/compiler/bin/../lib/gcc/arm-none-eabi/10.2.1/../../../../arm-none-eabi/lib/thumb/v7e-m+fp/hard\libg.a(lib_a-sbrkr.o)
                              e:/compiler/bin/../lib/gcc/arm-none-eabi/10.2.1/../../../../arm-none-eabi/lib/thumb/v7e-m+fp/hard\libg.a(lib_a-mallocr.o) (_sbrk_r)
e:/compiler/bin/../lib/gcc/arm-none-eabi/10.2.1/../../../../arm-none-eabi/lib/thumb/v7e-m+fp/hard\libg.a(lib_a-strchr.o)
                              CMakeFiles/FOC_OpenLoop.elf.dir/UserApp/retarget/retarget.c.obj (strchr)
e:/compiler/bin/../lib/gcc/arm-none-eabi/10.2.1/../../../../arm-none-eabi/lib/thumb/v7e-m+fp/hard\libg.a(lib_a-strlen.o)
                              CMakeFiles/FOC_OpenLoop.elf.dir/UserApp/retarget/retarget.c.obj (strlen)
e:/compiler/bin/../lib/gcc/arm-none-eabi/10.2.1/../../../../arm-none-eabi/lib/thumb/v7e-m+fp/hard\libg.a(lib_a-strncpy.o)
[...]
Memory Configuration

Name             Origin             Length             Attributes
FLASH            0x08000000         0x00200000         xr
DTCMRAM          0x20000000         0x00020000         xrw
RAM_D1           0x24000000         0x00080000         xrw
RAM_D2           0x30000000         0x00048000         xrw
RAM_D3           0x38000000         0x00010000         xrw
ITCMRAM          0x00000000         0x00010000         xrw
*default*        0x00000000         0xffffffff

Linker script and memory map

LOAD e:/compiler/bin/../lib/gcc/arm-none-eabi/10.2.1/thumb/v7e-m+fp/hard/crti.o
LOAD e:/compiler/bin/../lib/gcc/arm-none-eabi/10.2.1/thumb/v7e-m+fp/hard/crtbegin.o
LOAD e:/compiler/bin/../lib/gcc/arm-none-eabi/10.2.1/../../../../arm-none-eabi/lib/thumb/v7e-m+fp/hard/crt0.o
LOAD CMakeFiles/FOC_OpenLoop.elf.dir/Core/Src/freertos.c.obj
LOAD CMakeFiles/FOC_OpenLoop.elf.dir/Core/Src/main.c.obj
LOAD CMakeFiles/FOC_OpenLoop.elf.dir/Core/Src/stm32h7xx_hal_msp.c.obj
LOAD CMakeFiles/FOC_OpenLoop.elf.dir/Core/Src/stm32h7xx_it.c.obj
LOAD CMakeFiles/FOC_OpenLoop.elf.dir/Core/Src/syscalls.c.obj
LOAD CMakeFiles/FOC_OpenLoop.elf.dir/Core/Src/sysmem.c.obj
LOAD CMakeFiles/FOC_OpenLoop.elf.dir/Core/Src/system_stm32h7xx.c.obj
LOAD CMakeFiles/FOC_OpenLoop.elf.dir/Core/Startup/startup_stm32h743vitx.s.obj
LOAD CMakeFiles/FOC_OpenLoop.elf.dir/Drivers/STM32H7xx_HAL_Driver/Src/stm32h7xx_hal.c.obj
LOAD CMakeFiles/FOC_OpenLoop.elf.dir/Drivers/STM32H7xx_HAL_Driver/Src/stm32h7xx_hal_cortex.c.obj
LOAD CMakeFiles/FOC_OpenLoop.elf.dir/Drivers/STM32H7xx_HAL_Driver/Src/stm32h7xx_hal_dma.c.obj
LOAD CMakeFiles/FOC_OpenLoop.elf.dir/Drivers/STM32H7xx_HAL_Driver/Src/stm32h7xx_hal_dma_ex.c.obj
LOAD CMakeFiles/FOC_OpenLoop.elf.dir/Drivers/STM32H7xx_HAL_Driver/Src/stm32h7xx_hal_exti.c.obj
LOAD CMakeFiles/FOC_OpenLoop.elf.dir/Drivers/STM32H7xx_HAL_Driver/Src/stm32h7xx_hal_flash.c.obj
LOAD CMakeFiles/FOC_OpenLoop.elf.dir/Drivers/STM32H7xx_HAL_Driver/Src/stm32h7xx_hal_flash_ex.c.obj
LOAD CMakeFiles/FOC_OpenLoop.elf.dir/Drivers/STM32H7xx_HAL_Driver/Src/stm32h7xx_hal_gpio.c.obj
LOAD CMakeFiles/FOC_OpenLoop.elf.dir/Drivers/STM32H7xx_HAL_Driver/Src/stm32h7xx_hal_hsem.c.obj
LOAD CMakeFiles/FOC_OpenLoop.elf.dir/Drivers/STM32H7xx_HAL_Driver/Src/stm32h7xx_hal_i2c.c.obj
LOAD CMakeFiles/FOC_OpenLoop.elf.dir/Drivers/STM32H7xx_HAL_Driver/Src/stm32h7xx_hal_i2c_ex.c.obj
LOAD CMakeFiles/FOC_OpenLoop.elf.dir/Drivers/STM32H7xx_HAL_Driver/Src/stm32h7xx_hal_mdma.c.obj
LOAD CMakeFiles/FOC_OpenLoop.elf.dir/Drivers/STM32H7xx_HAL_Driver/Src/stm32h7xx_hal_pwr.c.obj
LOAD CMakeFiles/FOC_OpenLoop.elf.dir/Drivers/STM32H7xx_HAL_Driver/Src/stm32h7xx_hal_pwr_ex.c.obj
LOAD CMakeFiles/FOC_OpenLoop.elf.dir/Drivers/STM32H7xx_HAL_Driver/Src/stm32h7xx_hal_rcc.c.obj
LOAD CMakeFiles/FOC_OpenLoop.elf.dir/Drivers/STM32H7xx_HAL_Driver/Src/stm32h7xx_hal_rcc_ex.c.obj
LOAD CMakeFiles/FOC_OpenLoop.elf.dir/Drivers/STM32H7xx_HAL_Driver/Src/stm32h7xx_hal_spi.c.obj
LOAD CMakeFiles/FOC_OpenLoop.elf.dir/Drivers/STM32H7xx_HAL_Driver/Src/stm32h7xx_hal_spi_ex.c.obj
LOAD CMakeFiles/FOC_OpenLoop.elf.dir/Drivers/STM32H7xx_HAL_Driver/Src/stm32h7xx_hal_tim.c.obj
LOAD CMakeFiles/FOC_OpenLoop.elf.dir/Drivers/STM32H7xx_HAL_Driver/Src/stm32h7xx_hal_tim_ex.c.obj
LOAD CMakeFiles/FOC_OpenLoop.elf.dir/Drivers/STM32H7xx_HAL_Driver/Src/stm32h7xx_hal_uart.c.obj
LOAD CMakeFiles/FOC_OpenLoop.elf.dir/Drivers/STM32H7xx_HAL_Driver/Src/stm32h7xx_hal_uart_ex.c.obj
LOAD CMakeFiles/FOC_OpenLoop.elf.dir/Middlewares/Third_Party/FreeRTOS/Source/CMSIS_RTOS/cmsis_os.c.obj
LOAD CMakeFiles/FOC_OpenLoop.elf.dir/Middlewares/Third_Party/FreeRTOS/Source/croutine.c.obj
LOAD CMakeFiles/FOC_OpenLoop.elf.dir/Middlewares/Third_Party/FreeRTOS/Source/event_groups.c.obj
LOAD CMakeFiles/FOC_OpenLoop.elf.dir/Middlewares/Third_Party/FreeRTOS/Source/list.c.obj
LOAD CMakeFiles/FOC_OpenLoop.elf.dir/Middlewares/Third_Party/FreeRTOS/Source/portable/GCC/ARM_CM4F/port.c.obj
LOAD CMakeFiles/FOC_OpenLoop.elf.dir/Middlewares/Third_Party/FreeRTOS/Source/portable/MemMang/heap_4.c.obj
LOAD CMakeFiles/FOC_OpenLoop.elf.dir/Middlewares/Third_Party/FreeRTOS/Source/queue.c.obj
LOAD CMakeFiles/FOC_OpenLoop.elf.dir/Middlewares/Third_Party/FreeRTOS/Source/stream_buffer.c.obj
LOAD CMakeFiles/FOC_OpenLoop.elf.dir/Middlewares/Third_Party/FreeRTOS/Source/tasks.c.obj
LOAD CMakeFiles/FOC_OpenLoop.elf.dir/Middlewares/Third_Party/FreeRTOS/Source/timers.c.obj
LOAD CMakeFiles/FOC_OpenLoop.elf.dir/UserApp/FOC/FOC.c.obj
LOAD CMakeFiles/FOC_OpenLoop.elf.dir/UserApp/FOC/lowpassFilter.c.obj
LOAD CMakeFiles/FOC_OpenLoop.elf.dir/UserApp/FOC/pid.c.obj
LOAD CMakeFiles/FOC_OpenLoop.elf.dir/UserApp/MT6701/MT6701.c.obj
LOAD CMakeFiles/FOC_OpenLoop.elf.dir/UserApp/retarget/retarget.c.obj
START GROUP
LOAD e:/compiler/bin/../lib/gcc/arm-none-eabi/10.2.1/thumb/v7e-m+fp/hard\libgcc.a
LOAD e:/compiler/bin/../lib/gcc/arm-none-eabi/10.2.1/../../../../arm-none-eabi/lib/thumb/v7e-m+fp/hard\libg.a
LOAD e:/compiler/bin/../lib/gcc/arm-none-eabi/10.2.1/../../../../arm-none-eabi/lib/thumb/v7e-m+fp/hard\libc.a
END GROUP
LOAD e:/compiler/bin/../lib/gcc/arm-none-eabi/10.2.1/thumb/v7e-m+fp/hard/crtend.o
LOAD e:/compiler/bin/../lib/gcc/arm-none-eabi/10.2.1/thumb/v7e-m+fp/hard/crtn.o
                0x24080000                _estack = (ORIGIN (RAM_D1) + LENGTH (RAM_D1))
                0x00000200                _Min_Heap_Size = 0x200
                0x00000400                _Min_Stack_Size = 0x400

.isr_vector     0x08000000      0x298
                0x08000000                . = ALIGN (0x4)
 *(.isr_vector)
 .isr_vector    0x08000000      0x298 CMakeFiles/FOC_OpenLoop.elf.dir/Core/Startup/startup_stm32h743vitx.s.obj
                0x08000000                g_pfnVectors
                0x08000298                . = ALIGN (0x4)

.text           0x080002c0     0xf184
                0x080002c0                . = ALIGN (0x4)
 *(.text)
 .text          0x080002c0       0x40 e:/compiler/bin/../lib/gcc/arm-none-eabi/10.2.1/thumb/v7e-m+fp/hard/crtbegin.o
 .text          0x08000300      0x378 e:/compiler/bin/../lib/gcc/arm-none-eabi/10.2.1/thumb/v7e-m+fp/hard\libgcc.a(_arm_addsubdf3.o)
                0x08000300                __aeabi_drsub
                0x08000308                __aeabi_dsub
                0x08000308                __subdf3
                0x0800030c                __aeabi_dadd
                0x0800030c                __adddf3
                0x08000584                __floatunsidf
                0x08000584                __aeabi_ui2d
                0x080005a4                __floatsidf
                0x080005a4                __aeabi_i2d
                0x080005c8                __aeabi_f2d
                0x080005c8                __extendsfdf2
                0x0800060c                __floatundidf
                0x0800060c                __aeabi_ul2d
                0x0800061c                __floatdidf
                0x0800061c                __aeabi_l2d
 .text          0x08000678      0x424 e:/compiler/bin/../lib/gcc/arm-none-eabi/10.2.1/thumb/v7e-m+fp/hard\libgcc.a(_arm_muldivdf3.o)
                0x08000678                __aeabi_dmul
                0x08000678                __muldf3
                0x080008cc                __divdf3
                0x080008cc                __aeabi_ddiv
 .text          0x08000a9c       0xa0 e:/compiler/bin/../lib/gcc/arm-none-eabi/10.2.1/thumb/v7e-m+fp/hard\libgcc.a(_arm_truncdfsf2.o)
                0x08000a9c                __truncdfsf2
                0x08000a9c                __aeabi_d2f
 .text          0x08000b3c       0x30 e:/compiler/bin/../lib/gcc/arm-none-eabi/10.2.1/thumb/v7e-m+fp/hard\libgcc.a(_aeabi_uldivmod.o)
                0x08000b3c                __aeabi_uldivmod
 .text          0x08000b6c      0x2d0 e:/compiler/bin/../lib/gcc/arm-none-eabi/10.2.1/thumb/v7e-m+fp/hard\libgcc.a(_udivmoddi4.o)
                0x08000b6c                __udivmoddi4
 .text          0x08000e3c        0x4 e:/compiler/bin/../lib/gcc/arm-none-eabi/10.2.1/thumb/v7e-m+fp/hard\libgcc.a(_dvmd_tls.o)
                0x08000e3c                __aeabi_idiv0
                0x08000e3c                __aeabi_ldiv0
 .text          0x08000e40      0x134 e:/compiler/bin/../lib/gcc/arm-none-eabi/10.2.1/../../../../arm-none-eabi/lib/thumb/v7e-m+fp/hard\libg.a(lib_a-memcpy.o)
                0x08000e40                memcpy
 *fill*         0x08000f74        0xc 
 .text          0x08000f80       0xdc e:/compiler/bin/../lib/gcc/arm-none-eabi/10.2.1/../../../../arm-none-eabi/lib/thumb/v7e-m+fp/hard\libg.a(lib_a-strlen.o)
                0x08000f80                strlen
 *fill*         0x0800105c        0x4 
 .text          0x08001060       0xa0 e:/compiler/bin/../lib/gcc/arm-none-eabi/10.2.1/../../../../arm-none-eabi/lib/thumb/v7e-m+fp/hard\libg.a(lib_a-memchr.o)
                0x08001060                memchr
 .text          0x08001100      0x110 e:/compiler/bin/../lib/gcc/arm-none-eabi/10.2.1/thumb/v7e-m+fp/hard\libgcc.a(_arm_cmpdf2.o)
                0x08001100                __gtdf2
                0x08001100                __gedf2
                0x08001108                __ltdf2
                0x08001108                __ledf2
                0x08001110                __nedf2
                0x08001110                __eqdf2
                0x08001110                __cmpdf2
                0x0800118c                __aeabi_cdrcmple
                0x0800119c                __aeabi_cdcmpeq
                0x0800119c                __aeabi_cdcmple
                0x080011ac                __aeabi_dcmpeq
                0x080011c0                __aeabi_dcmplt
                0x080011d4                __aeabi_dcmple
                0x080011e8                __aeabi_dcmpge
                0x080011fc                __aeabi_dcmpgt
 .text          0x08001210       0x2c e:/compiler/bin/../lib/gcc/arm-none-eabi/10.2.1/thumb/v7e-m+fp/hard\libgcc.a(_arm_unorddf2.o)
                0x08001210                __unorddf2
                0x08001210                __aeabi_dcmpun
 .text          0x0800123c       0x50 e:/compiler/bin/../lib/gcc/arm-none-eabi/10.2.1/thumb/v7e-m+fp/hard\libgcc.a(_arm_fixdfsi.o)
                0x0800123c                __aeabi_d2iz
                0x0800123c                __fixdfsi
 *(.text*)
 .text.vApplicationGetIdleTaskMemory
                0x0800128c       0x18 CMakeFiles/FOC_OpenLoop.elf.dir/Core/Src/freertos.c.obj
                0x0800128c                vApplicationGetIdleTaskMemory
 .text.MotorTask
                0x080012a4       0x28 CMakeFiles/FOC_OpenLoop.elf.dir/Core/Src/freertos.c.obj
                0x080012a4                MotorTask
 .text.MX_GPIO_Init
                0x080012cc      0x11c CMakeFiles/FOC_OpenLoop.elf.dir/Core/Src/main.c.obj
 .text.MX_DMA_Init
                0x080013e8       0x48 CMakeFiles/FOC_OpenLoop.elf.dir/Core/Src/main.c.obj
 .text.StartDefaultTask
                0x08001430       0x2c CMakeFiles/FOC_OpenLoop.elf.dir/Core/Src/main.c.obj
                0x08001430                StartDefaultTask
 .text.Error_Handler
                0x0800145c        0x4 CMakeFiles/FOC_OpenLoop.elf.dir/Core/Src/main.c.obj
                0x0800145c                Error_Handler
 .text.MX_USART1_UART_Init
                0x08001460       0x60 CMakeFiles/FOC_OpenLoop.elf.dir/Core/Src/main.c.obj
 .text.MX_SPI1_Init
                0x080014c0       0x5c CMakeFiles/FOC_OpenLoop.elf.dir/Core/Src/main.c.obj
 .text.MX_TIM4_Init
                0x0800151c       0x7c CMakeFiles/FOC_OpenLoop.elf.dir/Core/Src/main.c.obj
 .text.MX_TIM2_Init
                0x08001598       0x7c CMakeFiles/FOC_OpenLoop.elf.dir/Core/Src/main.c.obj
 .text.MX_TIM3_Init
                0x08001614       0x7c CMakeFiles/FOC_OpenLoop.elf.dir/Core/Src/main.c.obj
 .text.MX_I2C1_Init
                0x08001690       0x54 CMakeFiles/FOC_OpenLoop.elf.dir/Core/Src/main.c.obj
 .text.SystemClock_Config
                0x080016e4       0xc0 CMakeFiles/FOC_OpenLoop.elf.dir/Core/Src/main.c.obj
                0x080016e4                SystemClock_Config
 .text.main     0x080017a4       0x5c CMakeFiles/FOC_OpenLoop.elf.dir/Core/Src/main.c.obj
                0x080017a4                main
 .text.HAL_MspInit
                0x08001800       0x34 CMakeFiles/FOC_OpenLoop.elf.dir/Core/Src/stm32h7xx_hal_msp.c.obj
                0x08001800                HAL_MspInit
 .text.HAL_I2C_MspInit
                0x08001834       0x98 CMakeFiles/FOC_OpenLoop.elf.dir/Core/Src/stm32h7xx_hal_msp.c.obj
                0x08001834                HAL_I2C_MspInit
 .text.HAL_SPI_MspInit
                0x080018cc       0xe4 CMakeFiles/FOC_OpenLoop.elf.dir/Core/Src/stm32h7xx_hal_msp.c.obj
                0x080018cc                HAL_SPI_MspInit
 .text.HAL_TIM_PWM_MspInit
                0x080019b0       0x90 CMakeFiles/FOC_OpenLoop.elf.dir/Core/Src/stm32h7xx_hal_msp.c.obj
                0x080019b0                HAL_TIM_PWM_MspInit
 .text.HAL_TIM_MspPostInit
                0x08001a40       0xcc CMakeFiles/FOC_OpenLoop.elf.dir/Core/Src/stm32h7xx_hal_msp.c.obj
                0x08001a40                HAL_TIM_MspPostInit
 .text.HAL_UART_MspInit
                0x08001b0c       0xd4 CMakeFiles/FOC_OpenLoop.elf.dir/Core/Src/stm32h7xx_hal_msp.c.obj
                0x08001b0c                HAL_UART_MspInit
 .text.NMI_Handler
                0x08001be0        0x2 CMakeFiles/FOC_OpenLoop.elf.dir/Core/Src/stm32h7xx_it.c.obj
                0x08001be0                NMI_Handler
 .text.HardFault_Handler
                0x08001be2        0x2 CMakeFiles/FOC_OpenLoop.elf.dir/Core/Src/stm32h7xx_it.c.obj
                0x08001be2                HardFault_Handler
 .text.MemManage_Handler
                0x08001be4        0x2 CMakeFiles/FOC_OpenLoop.elf.dir/Core/Src/stm32h7xx_it.c.obj
                0x08001be4                MemManage_Handler
 .text.BusFault_Handler
                0x08001be6        0x2 CMakeFiles/FOC_OpenLoop.elf.dir/Core/Src/stm32h7xx_it.c.obj
                0x08001be6                BusFault_Handler
 .text.UsageFault_Handler
                0x08001be8        0x2 CMakeFiles/FOC_OpenLoop.elf.dir/Core/Src/stm32h7xx_it.c.obj
                0x08001be8                UsageFault_Handler
 .text.DebugMon_Handler
                0x08001bea        0x2 CMakeFiles/FOC_OpenLoop.elf.dir/Core/Src/stm32h7xx_it.c.obj
                0x08001bea                DebugMon_Handler
 .text.SysTick_Handler
                0x08001bec       0x16 CMakeFiles/FOC_OpenLoop.elf.dir/Core/Src/stm32h7xx_it.c.obj
                0x08001bec                SysTick_Handler
 *fill*         0x08001c02        0x2 
 .text.DMA1_Stream0_IRQHandler
                0x08001c04       0x10 CMakeFiles/FOC_OpenLoop.elf.dir/Core/Src/stm32h7xx_it.c.obj
                0x08001c04                DMA1_Stream0_IRQHandler
 .text.DMA1_Stream1_IRQHandler
                0x08001c14       0x10 CMakeFiles/FOC_OpenLoop.elf.dir/Core/Src/stm32h7xx_it.c.obj
                0x08001c14                DMA1_Stream1_IRQHandler
 .text.TIM4_IRQHandler
                0x08001c24       0x10 CMakeFiles/FOC_OpenLoop.elf.dir/Core/Src/stm32h7xx_it.c.obj
                0x08001c24                TIM4_IRQHandler
 .text.SPI1_IRQHandler
                0x08001c34       0x10 CMakeFiles/FOC_OpenLoop.elf.dir/Core/Src/stm32h7xx_it.c.obj
                0x08001c34                SPI1_IRQHandler
 .text._getpid  0x08001c44        0x4 CMakeFiles/FOC_OpenLoop.elf.dir/Core/Src/syscalls.c.obj
                0x08001c44                _getpid
 .text._kill    0x08001c48       0x10 CMakeFiles/FOC_OpenLoop.elf.dir/Core/Src/syscalls.c.obj
                0x08001c48                _kill
 .text._exit    0x08001c58        0xc CMakeFiles/FOC_OpenLoop.elf.dir/Core/Src/syscalls.c.obj
                0x08001c58                _exit
 .text._read    0x08001c64       0x20 CMakeFiles/FOC_OpenLoop.elf.dir/Core/Src/syscalls.c.obj
                0x08001c64                _read
 .text._write   0x08001c84       0x1c CMakeFiles/FOC_OpenLoop.elf.dir/Core/Src/syscalls.c.obj
                0x08001c84                _write
 .text._close   0x08001ca0        0x6 CMakeFiles/FOC_OpenLoop.elf.dir/Core/Src/syscalls.c.obj
                0x08001ca0                _close
 .text._fstat   0x08001ca6        0xa CMakeFiles/FOC_OpenLoop.elf.dir/Core/Src/syscalls.c.obj
                0x08001ca6                _fstat
 .text._isatty  0x08001cb0        0x4 CMakeFiles/FOC_OpenLoop.elf.dir/Core/Src/syscalls.c.obj
                0x08001cb0                _isatty
 .text._lseek   0x08001cb4        0x4 CMakeFiles/FOC_OpenLoop.elf.dir/Core/Src/syscalls.c.obj
                0x08001cb4                _lseek
 .text._sbrk    0x08001cb8       0x48 CMakeFiles/FOC_OpenLoop.elf.dir/Core/Src/sysmem.c.obj
                0x08001cb8                _sbrk
 .text.SystemInit
                0x08001d00       0xcc CMakeFiles/FOC_OpenLoop.elf.dir/Core/Src/system_stm32h7xx.c.obj
                0x08001d00                SystemInit
 .text.Reset_Handler
                0x08001dcc       0x50 CMakeFiles/FOC_OpenLoop.elf.dir/Core/Startup/startup_stm32h743vitx.s.obj
                0x08001dcc                Reset_Handler
 .text.Default_Handler
                0x08001e1c        0x2 CMakeFiles/FOC_OpenLoop.elf.dir/Core/Startup/startup_stm32h743vitx.s.obj
                0x08001e1c                RTC_Alarm_IRQHandler
                0x08001e1c                EXTI2_IRQHandler
                0x08001e1c                TIM8_CC_IRQHandler
                0x08001e1c                HRTIM1_Master_IRQHandler
                0x08001e1c                UART8_IRQHandler
                0x08001e1c                SPI4_IRQHandler
                0x08001e1c                TIM1_CC_IRQHandler
                0x08001e1c                BDMA_Channel6_IRQHandler
                0x08001e1c                DMA2_Stream5_IRQHandler
                0x08001e1c                HRTIM1_FLT_IRQHandler
                0x08001e1c                JPEG_IRQHandler
                0x08001e1c                DMA1_Stream5_IRQHandler
                0x08001e1c                BDMA_Channel1_IRQHandler
                0x08001e1c                HRTIM1_TIMD_IRQHandler
                0x08001e1c                TAMP_STAMP_IRQHandler
                0x08001e1c                EXTI3_IRQHandler
                0x08001e1c                LPTIM4_IRQHandler
                0x08001e1c                TIM8_TRG_COM_TIM14_IRQHandler
                0x08001e1c                LPTIM2_IRQHandler
                0x08001e1c                DFSDM1_FLT1_IRQHandler
                0x08001e1c                DMAMUX2_OVR_IRQHandler
                0x08001e1c                TIM8_UP_TIM13_IRQHandler
                0x08001e1c                I2C3_ER_IRQHandler
                0x08001e1c                DFSDM1_FLT2_IRQHandler
                0x08001e1c                MDMA_IRQHandler
                0x08001e1c                LPTIM3_IRQHandler
                0x08001e1c                HSEM1_IRQHandler
                0x08001e1c                EXTI0_IRQHandler
                0x08001e1c                I2C2_EV_IRQHandler
                0x08001e1c                DMA1_Stream2_IRQHandler
                0x08001e1c                FPU_IRQHandler
                0x08001e1c                OTG_HS_WKUP_IRQHandler
                0x08001e1c                FDCAN1_IT1_IRQHandler
                0x08001e1c                LTDC_ER_IRQHandler
                0x08001e1c                DMA2_Stream2_IRQHandler
                0x08001e1c                HRTIM1_TIME_IRQHandler
                0x08001e1c                TIM6_DAC_IRQHandler
                0x08001e1c                DCMI_IRQHandler
                0x08001e1c                HRTIM1_TIMC_IRQHandler
                0x08001e1c                DMA2_Stream3_IRQHandler
                0x08001e1c                SAI2_IRQHandler
                0x08001e1c                DFSDM1_FLT3_IRQHandler
                0x08001e1c                USART6_IRQHandler
                0x08001e1c                TIM17_IRQHandler
                0x08001e1c                USART3_IRQHandler
                0x08001e1c                BDMA_Channel7_IRQHandler
                0x08001e1c                LPTIM5_IRQHandler
                0x08001e1c                UART5_IRQHandler
                0x08001e1c                ADC3_IRQHandler
                0x08001e1c                DMA2_Stream0_IRQHandler
                0x08001e1c                BDMA_Channel2_IRQHandler
                0x08001e1c                QUADSPI_IRQHandler
                0x08001e1c                I2C1_EV_IRQHandler
                0x08001e1c                DMA1_Stream6_IRQHandler
                0x08001e1c                DMAMUX1_OVR_IRQHandler
                0x08001e1c                TIM16_IRQHandler
                0x08001e1c                UART4_IRQHandler
                0x08001e1c                BDMA_Channel5_IRQHandler
                0x08001e1c                TIM3_IRQHandler
                0x08001e1c                RCC_IRQHandler
                0x08001e1c                TIM8_BRK_TIM12_IRQHandler
                0x08001e1c                TIM1_TRG_COM_IRQHandler
                0x08001e1c                Default_Handler
                0x08001e1c                ECC_IRQHandler
                0x08001e1c                CEC_IRQHandler
                0x08001e1c                EXTI15_10_IRQHandler
                0x08001e1c                BDMA_Channel0_IRQHandler
                0x08001e1c                ADC_IRQHandler
                0x08001e1c                DMA1_Stream7_IRQHandler
                0x08001e1c                HRTIM1_TIMA_IRQHandler
                0x08001e1c                SPI5_IRQHandler
                0x08001e1c                TIM7_IRQHandler
                0x08001e1c                SDMMC1_IRQHandler
                0x08001e1c                TIM5_IRQHandler
                0x08001e1c                DMA2_Stream7_IRQHandler
                0x08001e1c                TIM15_IRQHandler
                0x08001e1c                PVD_AVD_IRQHandler
                0x08001e1c                I2C3_EV_IRQHandler
                0x08001e1c                EXTI9_5_IRQHandler
                0x08001e1c                RTC_WKUP_IRQHandler
                0x08001e1c                LTDC_IRQHandler
                0x08001e1c                SAI3_IRQHandler
                0x08001e1c                ETH_WKUP_IRQHandler
                0x08001e1c                SPDIF_RX_IRQHandler
                0x08001e1c                SPI2_IRQHandler
                0x08001e1c                OTG_HS_EP1_IN_IRQHandler
                0x08001e1c                CRS_IRQHandler
                0x08001e1c                EXTI4_IRQHandler
                0x08001e1c                RNG_IRQHandler
                0x08001e1c                HRTIM1_TIMB_IRQHandler
                0x08001e1c                FDCAN2_IT1_IRQHandler
                0x08001e1c                ETH_IRQHandler
                0x08001e1c                TIM1_UP_IRQHandler
                0x08001e1c                BDMA_Channel4_IRQHandler
                0x08001e1c                OTG_HS_EP1_OUT_IRQHandler
                0x08001e1c                WWDG_IRQHandler
                0x08001e1c                SPI6_IRQHandler
                0x08001e1c                MDIOS_IRQHandler
                0x08001e1c                I2C4_EV_IRQHandler
                0x08001e1c                FDCAN2_IT0_IRQHandler
                0x08001e1c                LPUART1_IRQHandler
                0x08001e1c                FDCAN1_IT0_IRQHandler
                0x08001e1c                TIM2_IRQHandler
                0x08001e1c                OTG_FS_WKUP_IRQHandler
                0x08001e1c                OTG_HS_IRQHandler
                0x08001e1c                DMA2D_IRQHandler
                0x08001e1c                TIM1_BRK_IRQHandler
                0x08001e1c                EXTI1_IRQHandler
                0x08001e1c                SDMMC2_IRQHandler
                0x08001e1c                OTG_FS_EP1_OUT_IRQHandler
                0x08001e1c                BDMA_Channel3_IRQHandler
                0x08001e1c                UART7_IRQHandler
                0x08001e1c                MDIOS_WKUP_IRQHandler
                0x08001e1c                USART2_IRQHandler
                0x08001e1c                DFSDM1_FLT0_IRQHandler
                0x08001e1c                SAI4_IRQHandler
                0x08001e1c                I2C2_ER_IRQHandler
                0x08001e1c                DMA2_Stream1_IRQHandler
                0x08001e1c                FLASH_IRQHandler
                0x08001e1c                DMA2_Stream4_IRQHandler
                0x08001e1c                USART1_IRQHandler
                0x08001e1c                OTG_FS_IRQHandler
                0x08001e1c                SPI3_IRQHandler
                0x08001e1c                WAKEUP_PIN_IRQHandler
                0x08001e1c                DMA1_Stream4_IRQHandler
                0x08001e1c                OTG_FS_EP1_IN_IRQHandler
                0x08001e1c                I2C1_ER_IRQHandler
                0x08001e1c                FMC_IRQHandler
                0x08001e1c                FDCAN_CAL_IRQHandler
                0x08001e1c                SWPMI1_IRQHandler
                0x08001e1c                COMP1_IRQHandler
                0x08001e1c                LPTIM1_IRQHandler
                0x08001e1c                I2C4_ER_IRQHandler
                0x08001e1c                DMA2_Stream6_IRQHandler
                0x08001e1c                SAI1_IRQHandler
                0x08001e1c                DMA1_Stream3_IRQHandler
 *fill*         0x08001e1e        0x2 
 .text.HAL_InitTick
                0x08001e20       0x50 CMakeFiles/FOC_OpenLoop.elf.dir/Drivers/STM32H7xx_HAL_Driver/Src/stm32h7xx_hal.c.obj
                0x08001e20                HAL_InitTick
 .text.HAL_Init
                0x08001e70       0x5c CMakeFiles/FOC_OpenLoop.elf.dir/Drivers/STM32H7xx_HAL_Driver/Src/stm32h7xx_hal.c.obj
                0x08001e70                HAL_Init
 .text.HAL_IncTick
                0x08001ecc       0x18 CMakeFiles/FOC_OpenLoop.elf.dir/Drivers/STM32H7xx_HAL_Driver/Src/stm32h7xx_hal.c.obj
                0x08001ecc                HAL_IncTick
 .text.HAL_GetTick
                0x08001ee4        0xc CMakeFiles/FOC_OpenLoop.elf.dir/Drivers/STM32H7xx_HAL_Driver/Src/stm32h7xx_hal.c.obj
                0x08001ee4                HAL_GetTick
 .text.HAL_GetREVID
                0x08001ef0        0xc CMakeFiles/FOC_OpenLoop.elf.dir/Drivers/STM32H7xx_HAL_Driver/Src/stm32h7xx_hal.c.obj
                0x08001ef0                HAL_GetREVID
 .text.HAL_NVIC_SetPriorityGrouping
                0x08001efc       0x24 CMakeFiles/FOC_OpenLoop.elf.dir/Drivers/STM32H7xx_HAL_Driver/Src/stm32h7xx_hal_cortex.c.obj
                0x08001efc                HAL_NVIC_SetPriorityGrouping
 .text.HAL_NVIC_SetPriority
                0x08001f20       0x6c CMakeFiles/FOC_OpenLoop.elf.dir/Drivers/STM32H7xx_HAL_Driver/Src/stm32h7xx_hal_cortex.c.obj
                0x08001f20                HAL_NVIC_SetPriority
 .text.HAL_NVIC_EnableIRQ
                0x08001f8c       0x1c CMakeFiles/FOC_OpenLoop.elf.dir/Drivers/STM32H7xx_HAL_Driver/Src/stm32h7xx_hal_cortex.c.obj
                0x08001f8c                HAL_NVIC_EnableIRQ
 .text.HAL_SYSTICK_Config
                0x08001fa8       0x28 CMakeFiles/FOC_OpenLoop.elf.dir/Drivers/STM32H7xx_HAL_Driver/Src/stm32h7xx_hal_cortex.c.obj
                0x08001fa8                HAL_SYSTICK_Config
 .text.DMA_CalcBaseAndBitshift
                0x08001fd0       0xb4 CMakeFiles/FOC_OpenLoop.elf.dir/Drivers/STM32H7xx_HAL_Driver/Src/stm32h7xx_hal_dma.c.obj
 .text.DMA_CheckFifoParam
                0x08002084       0x92 CMakeFiles/FOC_OpenLoop.elf.dir/Drivers/STM32H7xx_HAL_Driver/Src/stm32h7xx_hal_dma.c.obj
 *fill*         0x08002116        0x2 
 .text.DMA_CalcDMAMUXChannelBaseAndMask
                0x08002118       0xb0 CMakeFiles/FOC_OpenLoop.elf.dir/Drivers/STM32H7xx_HAL_Driver/Src/stm32h7xx_hal_dma.c.obj
 .text.DMA_CalcDMAMUXRequestGenBaseAndMask
                0x080021c8       0x7c CMakeFiles/FOC_OpenLoop.elf.dir/Drivers/STM32H7xx_HAL_Driver/Src/stm32h7xx_hal_dma.c.obj
 .text.HAL_DMA_Init
                0x08002244      0x3a4 CMakeFiles/FOC_OpenLoop.elf.dir/Drivers/STM32H7xx_HAL_Driver/Src/stm32h7xx_hal_dma.c.obj
                0x08002244                HAL_DMA_Init
 .text.HAL_DMA_Abort_IT
                0x080025e8      0x270 CMakeFiles/FOC_OpenLoop.elf.dir/Drivers/STM32H7xx_HAL_Driver/Src/stm32h7xx_hal_dma.c.obj
                0x080025e8                HAL_DMA_Abort_IT
 .text.HAL_DMA_IRQHandler
                0x08002858      0x738 CMakeFiles/FOC_OpenLoop.elf.dir/Drivers/STM32H7xx_HAL_Driver/Src/stm32h7xx_hal_dma.c.obj
                0x08002858                HAL_DMA_IRQHandler
 .text.HAL_GPIO_Init
                0x08002f90      0x220 CMakeFiles/FOC_OpenLoop.elf.dir/Drivers/STM32H7xx_HAL_Driver/Src/stm32h7xx_hal_gpio.c.obj
                0x08002f90                HAL_GPIO_Init
 .text.HAL_GPIO_WritePin
                0x080031b0        0xc CMakeFiles/FOC_OpenLoop.elf.dir/Drivers/STM32H7xx_HAL_Driver/Src/stm32h7xx_hal_gpio.c.obj
                0x080031b0                HAL_GPIO_WritePin
 .text.HAL_GPIO_TogglePin
                0x080031bc       0x12 CMakeFiles/FOC_OpenLoop.elf.dir/Drivers/STM32H7xx_HAL_Driver/Src/stm32h7xx_hal_gpio.c.obj
                0x080031bc                HAL_GPIO_TogglePin
 *fill*         0x080031ce        0x2 
 .text.HAL_I2C_Init
                0x080031d0       0xbc CMakeFiles/FOC_OpenLoop.elf.dir/Drivers/STM32H7xx_HAL_Driver/Src/stm32h7xx_hal_i2c.c.obj
                0x080031d0                HAL_I2C_Init
 .text.HAL_I2CEx_ConfigAnalogFilter
                0x0800328c       0x5c CMakeFiles/FOC_OpenLoop.elf.dir/Drivers/STM32H7xx_HAL_Driver/Src/stm32h7xx_hal_i2c_ex.c.obj
                0x0800328c                HAL_I2CEx_ConfigAnalogFilter
 .text.HAL_I2CEx_ConfigDigitalFilter
                0x080032e8       0x58 CMakeFiles/FOC_OpenLoop.elf.dir/Drivers/STM32H7xx_HAL_Driver/Src/stm32h7xx_hal_i2c_ex.c.obj
                0x080032e8                HAL_I2CEx_ConfigDigitalFilter
 .text.HAL_PWREx_ConfigSupply
                0x08003340       0x54 CMakeFiles/FOC_OpenLoop.elf.dir/Drivers/STM32H7xx_HAL_Driver/Src/stm32h7xx_hal_pwr_ex.c.obj
                0x08003340                HAL_PWREx_ConfigSupply
 .text.HAL_RCC_OscConfig
                0x08003394      0x6b4 CMakeFiles/FOC_OpenLoop.elf.dir/Drivers/STM32H7xx_HAL_Driver/Src/stm32h7xx_hal_rcc.c.obj
                0x08003394                HAL_RCC_OscConfig
 .text.HAL_RCC_GetSysClockFreq
                0x08003a48      0x1f4 CMakeFiles/FOC_OpenLoop.elf.dir/Drivers/STM32H7xx_HAL_Driver/Src/stm32h7xx_hal_rcc.c.obj
                0x08003a48                HAL_RCC_GetSysClockFreq
 .text.HAL_RCC_ClockConfig
                0x08003c3c      0x294 CMakeFiles/FOC_OpenLoop.elf.dir/Drivers/STM32H7xx_HAL_Driver/Src/stm32h7xx_hal_rcc.c.obj
                0x08003c3c                HAL_RCC_ClockConfig
 .text.HAL_RCC_GetHCLKFreq
                0x08003ed0       0x44 CMakeFiles/FOC_OpenLoop.elf.dir/Drivers/STM32H7xx_HAL_Driver/Src/stm32h7xx_hal_rcc.c.obj
                0x08003ed0                HAL_RCC_GetHCLKFreq
 .text.HAL_RCC_GetPCLK1Freq
                0x08003f14       0x24 CMakeFiles/FOC_OpenLoop.elf.dir/Drivers/STM32H7xx_HAL_Driver/Src/stm32h7xx_hal_rcc.c.obj
                0x08003f14                HAL_RCC_GetPCLK1Freq
 .text.HAL_RCC_GetPCLK2Freq
                0x08003f38       0x24 CMakeFiles/FOC_OpenLoop.elf.dir/Drivers/STM32H7xx_HAL_Driver/Src/stm32h7xx_hal_rcc.c.obj
                0x08003f38                HAL_RCC_GetPCLK2Freq
 .text.RCCEx_PLL2_Config
                0x08003f5c      0x10c CMakeFiles/FOC_OpenLoop.elf.dir/Drivers/STM32H7xx_HAL_Driver/Src/stm32h7xx_hal_rcc_ex.c.obj
 .text.RCCEx_PLL3_Config
                0x08004068      0x10c CMakeFiles/FOC_OpenLoop.elf.dir/Drivers/STM32H7xx_HAL_Driver/Src/stm32h7xx_hal_rcc_ex.c.obj
 .text.HAL_RCCEx_PeriphCLKConfig
                0x08004174      0xa8c CMakeFiles/FOC_OpenLoop.elf.dir/Drivers/STM32H7xx_HAL_Driver/Src/stm32h7xx_hal_rcc_ex.c.obj
                0x08004174                HAL_RCCEx_PeriphCLKConfig
 .text.HAL_RCCEx_GetD3PCLK1Freq
                0x08004c00       0x24 CMakeFiles/FOC_OpenLoop.elf.dir/Drivers/STM32H7xx_HAL_Driver/Src/stm32h7xx_hal_rcc_ex.c.obj
                0x08004c00                HAL_RCCEx_GetD3PCLK1Freq
 .text.HAL_RCCEx_GetPLL2ClockFreq
                0x08004c24      0x1f8 CMakeFiles/FOC_OpenLoop.elf.dir/Drivers/STM32H7xx_HAL_Driver/Src/stm32h7xx_hal_rcc_ex.c.obj
                0x08004c24                HAL_RCCEx_GetPLL2ClockFreq
 .text.HAL_RCCEx_GetPLL3ClockFreq
                0x08004e1c      0x1f8 CMakeFiles/FOC_OpenLoop.elf.dir/Drivers/STM32H7xx_HAL_Driver/Src/stm32h7xx_hal_rcc_ex.c.obj
                0x08004e1c                HAL_RCCEx_GetPLL3ClockFreq
 .text.SPI_CloseTransfer
                0x08005014       0xd0 CMakeFiles/FOC_OpenLoop.elf.dir/Drivers/STM32H7xx_HAL_Driver/Src/stm32h7xx_hal_spi.c.obj
 .text.SPI_GetPacketSize
                0x080050e4       0x10 CMakeFiles/FOC_OpenLoop.elf.dir/Drivers/STM32H7xx_HAL_Driver/Src/stm32h7xx_hal_spi.c.obj
 .text.HAL_SPI_Init
                0x080050f4      0x190 CMakeFiles/FOC_OpenLoop.elf.dir/Drivers/STM32H7xx_HAL_Driver/Src/stm32h7xx_hal_spi.c.obj
                0x080050f4                HAL_SPI_Init
 .text.HAL_SPI_TxCpltCallback
                0x08005284        0x2 CMakeFiles/FOC_OpenLoop.elf.dir/Drivers/STM32H7xx_HAL_Driver/Src/stm32h7xx_hal_spi.c.obj
                0x08005284                HAL_SPI_TxCpltCallback
 .text.HAL_SPI_RxCpltCallback
                0x08005286        0x2 CMakeFiles/FOC_OpenLoop.elf.dir/Drivers/STM32H7xx_HAL_Driver/Src/stm32h7xx_hal_spi.c.obj
                0x08005286                HAL_SPI_RxCpltCallback
 .text.HAL_SPI_TxRxCpltCallback
                0x08005288        0x2 CMakeFiles/FOC_OpenLoop.elf.dir/Drivers/STM32H7xx_HAL_Driver/Src/stm32h7xx_hal_spi.c.obj
                0x08005288                HAL_SPI_TxRxCpltCallback
 .text.HAL_SPI_ErrorCallback
                0x0800528a        0x2 CMakeFiles/FOC_OpenLoop.elf.dir/Drivers/STM32H7xx_HAL_Driver/Src/stm32h7xx_hal_spi.c.obj
                0x0800528a                HAL_SPI_ErrorCallback
 .text.SPI_DMAAbortOnError
                0x0800528c       0x1a CMakeFiles/FOC_OpenLoop.elf.dir/Drivers/STM32H7xx_HAL_Driver/Src/stm32h7xx_hal_spi.c.obj
 .text.HAL_SPI_SuspendCallback
                0x080052a6        0x2 CMakeFiles/FOC_OpenLoop.elf.dir/Drivers/STM32H7xx_HAL_Driver/Src/stm32h7xx_hal_spi.c.obj
                0x080052a6                HAL_SPI_SuspendCallback
 .text.HAL_SPI_IRQHandler
                0x080052a8      0x240 CMakeFiles/FOC_OpenLoop.elf.dir/Drivers/STM32H7xx_HAL_Driver/Src/stm32h7xx_hal_spi.c.obj
                0x080052a8                HAL_SPI_IRQHandler
 .text.TIM_OC1_SetConfig
                0x080054e8       0xa8 CMakeFiles/FOC_OpenLoop.elf.dir/Drivers/STM32H7xx_HAL_Driver/Src/stm32h7xx_hal_tim.c.obj
 .text.TIM_OC3_SetConfig
                0x08005590       0x94 CMakeFiles/FOC_OpenLoop.elf.dir/Drivers/STM32H7xx_HAL_Driver/Src/stm32h7xx_hal_tim.c.obj
 .text.TIM_OC4_SetConfig
                0x08005624       0x74 CMakeFiles/FOC_OpenLoop.elf.dir/Drivers/STM32H7xx_HAL_Driver/Src/stm32h7xx_hal_tim.c.obj
 .text.TIM_OC5_SetConfig
                0x08005698       0x74 CMakeFiles/FOC_OpenLoop.elf.dir/Drivers/STM32H7xx_HAL_Driver/Src/stm32h7xx_hal_tim.c.obj
 .text.TIM_OC6_SetConfig
                0x0800570c       0x74 CMakeFiles/FOC_OpenLoop.elf.dir/Drivers/STM32H7xx_HAL_Driver/Src/stm32h7xx_hal_tim.c.obj
 .text.HAL_TIM_PeriodElapsedCallback
                0x08005780        0x2 CMakeFiles/FOC_OpenLoop.elf.dir/Drivers/STM32H7xx_HAL_Driver/Src/stm32h7xx_hal_tim.c.obj
                0x08005780                HAL_TIM_PeriodElapsedCallback
 .text.HAL_TIM_OC_DelayElapsedCallback
                0x08005782        0x2 CMakeFiles/FOC_OpenLoop.elf.dir/Drivers/STM32H7xx_HAL_Driver/Src/stm32h7xx_hal_tim.c.obj
                0x08005782                HAL_TIM_OC_DelayElapsedCallback
 .text.HAL_TIM_IC_CaptureCallback
                0x08005784        0x2 CMakeFiles/FOC_OpenLoop.elf.dir/Drivers/STM32H7xx_HAL_Driver/Src/stm32h7xx_hal_tim.c.obj
                0x08005784                HAL_TIM_IC_CaptureCallback
 .text.HAL_TIM_PWM_PulseFinishedCallback
                0x08005786        0x2 CMakeFiles/FOC_OpenLoop.elf.dir/Drivers/STM32H7xx_HAL_Driver/Src/stm32h7xx_hal_tim.c.obj
                0x08005786                HAL_TIM_PWM_PulseFinishedCallback
 .text.HAL_TIM_TriggerCallback
                0x08005788        0x2 CMakeFiles/FOC_OpenLoop.elf.dir/Drivers/STM32H7xx_HAL_Driver/Src/stm32h7xx_hal_tim.c.obj
                0x08005788                HAL_TIM_TriggerCallback
 .text.HAL_TIM_IRQHandler
                0x0800578a      0x19a CMakeFiles/FOC_OpenLoop.elf.dir/Drivers/STM32H7xx_HAL_Driver/Src/stm32h7xx_hal_tim.c.obj
                0x0800578a                HAL_TIM_IRQHandler
 .text.TIM_Base_SetConfig
                0x08005924      0x104 CMakeFiles/FOC_OpenLoop.elf.dir/Drivers/STM32H7xx_HAL_Driver/Src/stm32h7xx_hal_tim.c.obj
                0x08005924                TIM_Base_SetConfig
 .text.HAL_TIM_PWM_Init
                0x08005a28       0x60 CMakeFiles/FOC_OpenLoop.elf.dir/Drivers/STM32H7xx_HAL_Driver/Src/stm32h7xx_hal_tim.c.obj
                0x08005a28                HAL_TIM_PWM_Init
 .text.TIM_OC2_SetConfig
                0x08005a88       0x94 CMakeFiles/FOC_OpenLoop.elf.dir/Drivers/STM32H7xx_HAL_Driver/Src/stm32h7xx_hal_tim.c.obj
                0x08005a88                TIM_OC2_SetConfig
 .text.HAL_TIM_PWM_ConfigChannel
                0x08005b1c      0x13a CMakeFiles/FOC_OpenLoop.elf.dir/Drivers/STM32H7xx_HAL_Driver/Src/stm32h7xx_hal_tim.c.obj
                0x08005b1c                HAL_TIM_PWM_ConfigChannel
 .text.TIM_CCxChannelCmd
                0x08005c56       0x1e CMakeFiles/FOC_OpenLoop.elf.dir/Drivers/STM32H7xx_HAL_Driver/Src/stm32h7xx_hal_tim.c.obj
                0x08005c56                TIM_CCxChannelCmd
 .text.HAL_TIM_PWM_Start
                0x08005c74      0x168 CMakeFiles/FOC_OpenLoop.elf.dir/Drivers/STM32H7xx_HAL_Driver/Src/stm32h7xx_hal_tim.c.obj
                0x08005c74                HAL_TIM_PWM_Start
 .text.HAL_TIMEx_MasterConfigSynchronization
                0x08005ddc       0xa0 CMakeFiles/FOC_OpenLoop.elf.dir/Drivers/STM32H7xx_HAL_Driver/Src/stm32h7xx_hal_tim_ex.c.obj
                0x08005ddc                HAL_TIMEx_MasterConfigSynchronization
 .text.HAL_TIMEx_CommutCallback
                0x08005e7c        0x2 CMakeFiles/FOC_OpenLoop.elf.dir/Drivers/STM32H7xx_HAL_Driver/Src/stm32h7xx_hal_tim_ex.c.obj
                0x08005e7c                HAL_TIMEx_CommutCallback
 .text.HAL_TIMEx_BreakCallback
                0x08005e7e        0x2 CMakeFiles/FOC_OpenLoop.elf.dir/Drivers/STM32H7xx_HAL_Driver/Src/stm32h7xx_hal_tim_ex.c.obj
                0x08005e7e                HAL_TIMEx_BreakCallback
 .text.HAL_TIMEx_Break2Callback
                0x08005e80        0x2 CMakeFiles/FOC_OpenLoop.elf.dir/Drivers/STM32H7xx_HAL_Driver/Src/stm32h7xx_hal_tim_ex.c.obj
                0x08005e80                HAL_TIMEx_Break2Callback
 *fill*         0x08005e82        0x2 
 .text.UART_EndRxTransfer
                0x08005e84       0x58 CMakeFiles/FOC_OpenLoop.elf.dir/Drivers/STM32H7xx_HAL_Driver/Src/stm32h7xx_hal_uart.c.obj
 .text.UART_SetConfig
                0x08005edc      0x5f4 CMakeFiles/FOC_OpenLoop.elf.dir/Drivers/STM32H7xx_HAL_Driver/Src/stm32h7xx_hal_uart.c.obj
                0x08005edc                UART_SetConfig
 .text.UART_AdvFeatureConfig
                0x080064d0       0xca CMakeFiles/FOC_OpenLoop.elf.dir/Drivers/STM32H7xx_HAL_Driver/Src/stm32h7xx_hal_uart.c.obj
                0x080064d0                UART_AdvFeatureConfig
 .text.UART_WaitOnFlagUntilTimeout
                0x0800659a       0x9a CMakeFiles/FOC_OpenLoop.elf.dir/Drivers/STM32H7xx_HAL_Driver/Src/stm32h7xx_hal_uart.c.obj
                0x0800659a                UART_WaitOnFlagUntilTimeout
 .text.HAL_UART_Transmit
                0x08006634       0xd0 CMakeFiles/FOC_OpenLoop.elf.dir/Drivers/STM32H7xx_HAL_Driver/Src/stm32h7xx_hal_uart.c.obj
                0x08006634                HAL_UART_Transmit
 .text.UART_CheckIdleState
                0x08006704       0xca CMakeFiles/FOC_OpenLoop.elf.dir/Drivers/STM32H7xx_HAL_Driver/Src/stm32h7xx_hal_uart.c.obj
                0x08006704                UART_CheckIdleState
 .text.HAL_UART_Init
                0x080067ce       0x66 CMakeFiles/FOC_OpenLoop.elf.dir/Drivers/STM32H7xx_HAL_Driver/Src/stm32h7xx_hal_uart.c.obj
                0x080067ce                HAL_UART_Init
 .text.UARTEx_SetNbDataToProcess
                0x08006834       0x4c CMakeFiles/FOC_OpenLoop.elf.dir/Drivers/STM32H7xx_HAL_Driver/Src/stm32h7xx_hal_uart_ex.c.obj
 .text.HAL_UARTEx_DisableFifoMode
                0x08006880       0x3e CMakeFiles/FOC_OpenLoop.elf.dir/Drivers/STM32H7xx_HAL_Driver/Src/stm32h7xx_hal_uart_ex.c.obj
                0x08006880                HAL_UARTEx_DisableFifoMode
 .text.HAL_UARTEx_SetTxFifoThreshold
                0x080068be       0x4a CMakeFiles/FOC_OpenLoop.elf.dir/Drivers/STM32H7xx_HAL_Driver/Src/stm32h7xx_hal_uart_ex.c.obj
                0x080068be                HAL_UARTEx_SetTxFifoThreshold
 .text.HAL_UARTEx_SetRxFifoThreshold
                0x08006908       0x4a CMakeFiles/FOC_OpenLoop.elf.dir/Drivers/STM32H7xx_HAL_Driver/Src/stm32h7xx_hal_uart_ex.c.obj
                0x08006908                HAL_UARTEx_SetRxFifoThreshold
 .text.makeFreeRtosPriority
                0x08006952        0xc CMakeFiles/FOC_OpenLoop.elf.dir/Middlewares/Third_Party/FreeRTOS/Source/CMSIS_RTOS/cmsis_os.c.obj
 .text.inHandlerMode
                0x0800695e        0xc CMakeFiles/FOC_OpenLoop.elf.dir/Middlewares/Third_Party/FreeRTOS/Source/CMSIS_RTOS/cmsis_os.c.obj
 .text.osKernelStart
                0x0800696a        0xa CMakeFiles/FOC_OpenLoop.elf.dir/Middlewares/Third_Party/FreeRTOS/Source/CMSIS_RTOS/cmsis_os.c.obj
                0x0800696a                osKernelStart
 .text.osKernelSysTick
                0x08006974       0x14 CMakeFiles/FOC_OpenLoop.elf.dir/Middlewares/Third_Party/FreeRTOS/Source/CMSIS_RTOS/cmsis_os.c.obj
                0x08006974                osKernelSysTick
 .text.osThreadCreate
                0x08006988       0x6a CMakeFiles/FOC_OpenLoop.elf.dir/Middlewares/Third_Party/FreeRTOS/Source/CMSIS_RTOS/cmsis_os.c.obj
                0x08006988                osThreadCreate
 .text.osDelay  0x080069f2        0xe CMakeFiles/FOC_OpenLoop.elf.dir/Middlewares/Third_Party/FreeRTOS/Source/CMSIS_RTOS/cmsis_os.c.obj
                0x080069f2                osDelay
 .text.vListInitialise
                0x08006a00       0x16 CMakeFiles/FOC_OpenLoop.elf.dir/Middlewares/Third_Party/FreeRTOS/Source/list.c.obj
                0x08006a00                vListInitialise
 .text.vListInitialiseItem
                0x08006a16        0x6 CMakeFiles/FOC_OpenLoop.elf.dir/Middlewares/Third_Party/FreeRTOS/Source/list.c.obj
                0x08006a16                vListInitialiseItem
 .text.vListInsertEnd
                0x08006a1c       0x16 CMakeFiles/FOC_OpenLoop.elf.dir/Middlewares/Third_Party/FreeRTOS/Source/list.c.obj
                0x08006a1c                vListInsertEnd
 .text.vListInsert
                0x08006a32       0x32 CMakeFiles/FOC_OpenLoop.elf.dir/Middlewares/Third_Party/FreeRTOS/Source/list.c.obj
                0x08006a32                vListInsert
 .text.uxListRemove
                0x08006a64       0x26 CMakeFiles/FOC_OpenLoop.elf.dir/Middlewares/Third_Party/FreeRTOS/Source/list.c.obj
                0x08006a64                uxListRemove
 *fill*         0x08006a8a        0x2 
 .text.prvTaskExitError
                0x08006a8c       0x40 CMakeFiles/FOC_OpenLoop.elf.dir/Middlewares/Third_Party/FreeRTOS/Source/portable/GCC/ARM_CM4F/port.c.obj
 .text.prvPortStartFirstTask
                0x08006acc       0x28 CMakeFiles/FOC_OpenLoop.elf.dir/Middlewares/Third_Party/FreeRTOS/Source/portable/GCC/ARM_CM4F/port.c.obj
 .text.vPortEnableVFP
                0x08006af4       0x14 CMakeFiles/FOC_OpenLoop.elf.dir/Middlewares/Third_Party/FreeRTOS/Source/portable/GCC/ARM_CM4F/port.c.obj
 .text.pxPortInitialiseStack
                0x08006b08       0x2c CMakeFiles/FOC_OpenLoop.elf.dir/Middlewares/Third_Party/FreeRTOS/Source/portable/GCC/ARM_CM4F/port.c.obj
                0x08006b08                pxPortInitialiseStack
 *fill*         0x08006b34        0xc 
 .text.SVC_Handler
                0x08006b40       0x24 CMakeFiles/FOC_OpenLoop.elf.dir/Middlewares/Third_Party/FreeRTOS/Source/portable/GCC/ARM_CM4F/port.c.obj
                0x08006b40                SVC_Handler
 .text.vPortEnterCritical
                0x08006b64       0x44 CMakeFiles/FOC_OpenLoop.elf.dir/Middlewares/Third_Party/FreeRTOS/Source/portable/GCC/ARM_CM4F/port.c.obj
                0x08006b64                vPortEnterCritical
 .text.vPortExitCritical
                0x08006ba8       0x2c CMakeFiles/FOC_OpenLoop.elf.dir/Middlewares/Third_Party/FreeRTOS/Source/portable/GCC/ARM_CM4F/port.c.obj
                0x08006ba8                vPortExitCritical
 *fill*         0x08006bd4        0xc 
 .text.PendSV_Handler
                0x08006be0       0x64 CMakeFiles/FOC_OpenLoop.elf.dir/Middlewares/Third_Party/FreeRTOS/Source/portable/GCC/ARM_CM4F/port.c.obj
                0x08006be0                PendSV_Handler
 .text.xPortSysTickHandler
                0x08006c44       0x2c CMakeFiles/FOC_OpenLoop.elf.dir/Middlewares/Third_Party/FreeRTOS/Source/portable/GCC/ARM_CM4F/port.c.obj
                0x08006c44                xPortSysTickHandler
 .text.vPortSetupTimerInterrupt
                0x08006c70       0x28 CMakeFiles/FOC_OpenLoop.elf.dir/Middlewares/Third_Party/FreeRTOS/Source/portable/GCC/ARM_CM4F/port.c.obj
                0x08006c70                vPortSetupTimerInterrupt
 .text.xPortStartScheduler
                0x08006c98      0x118 CMakeFiles/FOC_OpenLoop.elf.dir/Middlewares/Third_Party/FreeRTOS/Source/portable/GCC/ARM_CM4F/port.c.obj
                0x08006c98                xPortStartScheduler
 .text.vPortValidateInterruptPriority
                0x08006db0       0x5c CMakeFiles/FOC_OpenLoop.elf.dir/Middlewares/Third_Party/FreeRTOS/Source/portable/GCC/ARM_CM4F/port.c.obj
                0x08006db0                vPortValidateInterruptPriority
 .text.prvHeapInit
                0x08006e0c       0x64 CMakeFiles/FOC_OpenLoop.elf.dir/Middlewares/Third_Party/FreeRTOS/Source/portable/MemMang/heap_4.c.obj
 .text.prvInsertBlockIntoFreeList
                0x08006e70       0x64 CMakeFiles/FOC_OpenLoop.elf.dir/Middlewares/Third_Party/FreeRTOS/Source/portable/MemMang/heap_4.c.obj
 .text.pvPortMalloc
                0x08006ed4       0xfc CMakeFiles/FOC_OpenLoop.elf.dir/Middlewares/Third_Party/FreeRTOS/Source/portable/MemMang/heap_4.c.obj
                0x08006ed4                pvPortMalloc
 .text.vPortFree
                0x08006fd0       0x7c CMakeFiles/FOC_OpenLoop.elf.dir/Middlewares/Third_Party/FreeRTOS/Source/portable/MemMang/heap_4.c.obj
                0x08006fd0                vPortFree
 .text.prvResetNextTaskUnblockTime
                0x0800704c       0x2c CMakeFiles/FOC_OpenLoop.elf.dir/Middlewares/Third_Party/FreeRTOS/Source/tasks.c.obj
 .text.prvInitialiseNewTask
                0x08007078       0xa2 CMakeFiles/FOC_OpenLoop.elf.dir/Middlewares/Third_Party/FreeRTOS/Source/tasks.c.obj
 *fill*         0x0800711a        0x2 
 .text.prvInitialiseTaskLists
                0x0800711c       0x68 CMakeFiles/FOC_OpenLoop.elf.dir/Middlewares/Third_Party/FreeRTOS/Source/tasks.c.obj
 .text.prvAddNewTaskToReadyList
                0x08007184       0xa8 CMakeFiles/FOC_OpenLoop.elf.dir/Middlewares/Third_Party/FreeRTOS/Source/tasks.c.obj
 .text.prvDeleteTCB
                0x0800722c       0x38 CMakeFiles/FOC_OpenLoop.elf.dir/Middlewares/Third_Party/FreeRTOS/Source/tasks.c.obj
 .text.prvCheckTasksWaitingTermination
                0x08007264       0x4c CMakeFiles/FOC_OpenLoop.elf.dir/Middlewares/Third_Party/FreeRTOS/Source/tasks.c.obj
 .text.prvIdleTask
                0x080072b0       0x28 CMakeFiles/FOC_OpenLoop.elf.dir/Middlewares/Third_Party/FreeRTOS/Source/tasks.c.obj
 .text.prvAddCurrentTaskToDelayedList
                0x080072d8       0xa0 CMakeFiles/FOC_OpenLoop.elf.dir/Middlewares/Third_Party/FreeRTOS/Source/tasks.c.obj
 .text.xTaskCreateStatic
                0x08007378       0x76 CMakeFiles/FOC_OpenLoop.elf.dir/Middlewares/Third_Party/FreeRTOS/Source/tasks.c.obj
                0x08007378                xTaskCreateStatic
 .text.xTaskCreate
                0x080073ee       0x68 CMakeFiles/FOC_OpenLoop.elf.dir/Middlewares/Third_Party/FreeRTOS/Source/tasks.c.obj
                0x080073ee                xTaskCreate
 *fill*         0x08007456        0x2 
 .text.vTaskStartScheduler
                0x08007458       0x74 CMakeFiles/FOC_OpenLoop.elf.dir/Middlewares/Third_Party/FreeRTOS/Source/tasks.c.obj
                0x08007458                vTaskStartScheduler
 .text.vTaskSuspendAll
                0x080074cc       0x10 CMakeFiles/FOC_OpenLoop.elf.dir/Middlewares/Third_Party/FreeRTOS/Source/tasks.c.obj
                0x080074cc                vTaskSuspendAll
 .text.xTaskGetTickCount
                0x080074dc        0xc CMakeFiles/FOC_OpenLoop.elf.dir/Middlewares/Third_Party/FreeRTOS/Source/tasks.c.obj
                0x080074dc                xTaskGetTickCount
 .text.xTaskGetTickCountFromISR
                0x080074e8       0x10 CMakeFiles/FOC_OpenLoop.elf.dir/Middlewares/Third_Party/FreeRTOS/Source/tasks.c.obj
                0x080074e8                xTaskGetTickCountFromISR
 .text.xTaskIncrementTick
                0x080074f8      0x118 CMakeFiles/FOC_OpenLoop.elf.dir/Middlewares/Third_Party/FreeRTOS/Source/tasks.c.obj
                0x080074f8                xTaskIncrementTick
 .text.xTaskResumeAll
                0x08007610       0xf8 CMakeFiles/FOC_OpenLoop.elf.dir/Middlewares/Third_Party/FreeRTOS/Source/tasks.c.obj
                0x08007610                xTaskResumeAll
 .text.vTaskDelay
                0x08007708       0x4c CMakeFiles/FOC_OpenLoop.elf.dir/Middlewares/Third_Party/FreeRTOS/Source/tasks.c.obj
                0x08007708                vTaskDelay
 .text.vTaskSwitchContext
                0x08007754       0x98 CMakeFiles/FOC_OpenLoop.elf.dir/Middlewares/Third_Party/FreeRTOS/Source/tasks.c.obj
                0x08007754                vTaskSwitchContext
 .text.xTaskGetSchedulerState
                0x080077ec       0x20 CMakeFiles/FOC_OpenLoop.elf.dir/Middlewares/Third_Party/FreeRTOS/Source/tasks.c.obj
                0x080077ec                xTaskGetSchedulerState
 .text.FOC_Vbus
                0x0800780c       0xc8 CMakeFiles/FOC_OpenLoop.elf.dir/UserApp/FOC/FOC.c.obj
                0x0800780c                FOC_Vbus
 .text._electricalAngle
                0x080078d4        0xe CMakeFiles/FOC_OpenLoop.elf.dir/UserApp/FOC/FOC.c.obj
                0x080078d4                _electricalAngle
 *fill*         0x080078e2        0x6 
 .text._normalizeAngle
                0x080078e8       0x50 CMakeFiles/FOC_OpenLoop.elf.dir/UserApp/FOC/FOC.c.obj
                0x080078e8                _normalizeAngle
 .text.setPWM   0x08007938      0x110 CMakeFiles/FOC_OpenLoop.elf.dir/UserApp/FOC/FOC.c.obj
                0x08007938                setPWM
 .text.setPhaseVoltage
                0x08007a48      0x124 CMakeFiles/FOC_OpenLoop.elf.dir/UserApp/FOC/FOC.c.obj
                0x08007a48                setPhaseVoltage
 .text.velocityOpenLoop
                0x08007b6c       0x84 CMakeFiles/FOC_OpenLoop.elf.dir/UserApp/FOC/FOC.c.obj
                0x08007b6c                velocityOpenLoop
 .text.LowPassFilter_create
                0x08007bf0       0x20 CMakeFiles/FOC_OpenLoop.elf.dir/UserApp/FOC/lowpassFilter.c.obj
                0x08007bf0                LowPassFilter_create
 .text.PIDController_create
                0x08007c10       0x44 CMakeFiles/FOC_OpenLoop.elf.dir/UserApp/FOC/pid.c.obj
                0x08007c10                PIDController_create
 .text.uart_printf
                0x08007c54       0x48 CMakeFiles/FOC_OpenLoop.elf.dir/UserApp/retarget/retarget.c.obj
                0x08007c54                uart_printf
 .text.__errno  0x08007c9c        0xc e:/compiler/bin/../lib/gcc/arm-none-eabi/10.2.1/../../../../arm-none-eabi/lib/thumb/v7e-m+fp/hard\libg.a(lib_a-errno.o)
                0x08007c9c                __errno
 .text.__libc_init_array
                0x08007ca8       0x48 e:/compiler/bin/../lib/gcc/arm-none-eabi/10.2.1/../../../../arm-none-eabi/lib/thumb/v7e-m+fp/hard\libg.a(lib_a-init.o)
                0x08007ca8                __libc_init_array
 .text.malloc   0x08007cf0       0x10 e:/compiler/bin/../lib/gcc/arm-none-eabi/10.2.1/../../../../arm-none-eabi/lib/thumb/v7e-m+fp/hard\libg.a(lib_a-malloc.o)
                0x08007cf0                malloc
 .text._malloc_r
                0x08007d00      0x560 e:/compiler/bin/../lib/gcc/arm-none-eabi/10.2.1/../../../../arm-none-eabi/lib/thumb/v7e-m+fp/hard\libg.a(lib_a-mallocr.o)
                0x08007d00                _malloc_r
 .text.memset   0x08008260       0xa4 e:/compiler/bin/../lib/gcc/arm-none-eabi/10.2.1/../../../../arm-none-eabi/lib/thumb/v7e-m+fp/hard\libg.a(lib_a-memset.o)
                0x08008260                memset
 .text.__malloc_lock
                0x08008304        0xc e:/compiler/bin/../lib/gcc/arm-none-eabi/10.2.1/../../../../arm-none-eabi/lib/thumb/v7e-m+fp/hard\libg.a(lib_a-mlock.o)
                0x08008304                __malloc_lock
 .text.__malloc_unlock
                0x08008310        0xc e:/compiler/bin/../lib/gcc/arm-none-eabi/10.2.1/../../../../arm-none-eabi/lib/thumb/v7e-m+fp/hard\libg.a(lib_a-mlock.o)
                0x08008310                __malloc_unlock
 .text._sbrk_r  0x0800831c       0x24 e:/compiler/bin/../lib/gcc/arm-none-eabi/10.2.1/../../../../arm-none-eabi/lib/thumb/v7e-m+fp/hard\libg.a(lib_a-sbrkr.o)
                0x0800831c                _sbrk_r
 .text.strncpy  0x08008340       0x64 e:/compiler/bin/../lib/gcc/arm-none-eabi/10.2.1/../../../../arm-none-eabi/lib/thumb/v7e-m+fp/hard\libg.a(lib_a-strncpy.o)
                0x08008340                strncpy
 .text.vsnprintf
                0x080083a4       0x70 e:/compiler/bin/../lib/gcc/arm-none-eabi/10.2.1/../../../../arm-none-eabi/lib/thumb/v7e-m+fp/hard\libg.a(lib_a-vsnprintf.o)
                0x080083a4                vsnprintf
 .text.startup.register_fini
                0x08008414       0x14 e:/compiler/bin/../lib/gcc/arm-none-eabi/10.2.1/../../../../arm-none-eabi/lib/thumb/v7e-m+fp/hard\libg.a(lib_a-__call_atexit.o)
 .text.atexit   0x08008428        0xc e:/compiler/bin/../lib/gcc/arm-none-eabi/10.2.1/../../../../arm-none-eabi/lib/thumb/v7e-m+fp/hard\libg.a(lib_a-atexit.o)
                0x08008428                atexit
 .text.__libc_fini_array
                0x08008434       0x2c e:/compiler/bin/../lib/gcc/arm-none-eabi/10.2.1/../../../../arm-none-eabi/lib/thumb/v7e-m+fp/hard\libg.a(lib_a-fini.o)
                0x08008434                __libc_fini_array
 .text._malloc_trim_r
                0x08008460       0xa0 e:/compiler/bin/../lib/gcc/arm-none-eabi/10.2.1/../../../../arm-none-eabi/lib/thumb/v7e-m+fp/hard\libg.a(lib_a-freer.o)
                0x08008460                _malloc_trim_r
 .text._free_r  0x08008500      0x20c e:/compiler/bin/../lib/gcc/arm-none-eabi/10.2.1/../../../../arm-none-eabi/lib/thumb/v7e-m+fp/hard\libg.a(lib_a-freer.o)
                0x08008500                _free_r
 .text.__locale_mb_cur_max
                0x0800870c        0xc e:/compiler/bin/../lib/gcc/arm-none-eabi/10.2.1/../../../../arm-none-eabi/lib/thumb/v7e-m+fp/hard\libg.a(lib_a-locale.o)
                0x0800870c                __locale_mb_cur_max
 .text.__retarget_lock_init_recursive
                0x08008718        0x4 e:/compiler/bin/../lib/gcc/arm-none-eabi/10.2.1/../../../../arm-none-eabi/lib/thumb/v7e-m+fp/hard\libg.a(lib_a-lock.o)
                0x08008718                __retarget_lock_init_recursive
 .text.__retarget_lock_close_recursive
                0x0800871c        0x4 e:/compiler/bin/../lib/gcc/arm-none-eabi/10.2.1/../../../../arm-none-eabi/lib/thumb/v7e-m+fp/hard\libg.a(lib_a-lock.o)
                0x0800871c                __retarget_lock_close_recursive
 .text.__retarget_lock_acquire_recursive
                0x08008720        0x4 e:/compiler/bin/../lib/gcc/arm-none-eabi/10.2.1/../../../../arm-none-eabi/lib/thumb/v7e-m+fp/hard\libg.a(lib_a-lock.o)
                0x08008720                __retarget_lock_acquire_recursive
 .text.__retarget_lock_release_recursive
                0x08008724        0x4 e:/compiler/bin/../lib/gcc/arm-none-eabi/10.2.1/../../../../arm-none-eabi/lib/thumb/v7e-m+fp/hard\libg.a(lib_a-lock.o)
                0x08008724                __retarget_lock_release_recursive
 .text.__ascii_mbtowc
                0x08008728       0x2c e:/compiler/bin/../lib/gcc/arm-none-eabi/10.2.1/../../../../arm-none-eabi/lib/thumb/v7e-m+fp/hard\libg.a(lib_a-mbtowc_r.o)
                0x08008728                __ascii_mbtowc
 .text._Balloc  0x08008754       0x4c e:/compiler/bin/../lib/gcc/arm-none-eabi/10.2.1/../../../../arm-none-eabi/lib/thumb/v7e-m+fp/hard\libg.a(lib_a-mprec.o)
                0x08008754                _Balloc
 .text._Bfree   0x080087a0       0x14 e:/compiler/bin/../lib/gcc/arm-none-eabi/10.2.1/../../../../arm-none-eabi/lib/thumb/v7e-m+fp/hard\libg.a(lib_a-mprec.o)
                0x080087a0                _Bfree
 .text.__multadd
                0x080087b4       0xa8 e:/compiler/bin/../lib/gcc/arm-none-eabi/10.2.1/../../../../arm-none-eabi/lib/thumb/v7e-m+fp/hard\libg.a(lib_a-mprec.o)
                0x080087b4                __multadd
 .text.__hi0bits
                0x0800885c       0x40 e:/compiler/bin/../lib/gcc/arm-none-eabi/10.2.1/../../../../arm-none-eabi/lib/thumb/v7e-m+fp/hard\libg.a(lib_a-mprec.o)
                0x0800885c                __hi0bits
 .text.__lo0bits
                0x0800889c       0x60 e:/compiler/bin/../lib/gcc/arm-none-eabi/10.2.1/../../../../arm-none-eabi/lib/thumb/v7e-m+fp/hard\libg.a(lib_a-mprec.o)
                0x0800889c                __lo0bits
 .text.__i2b    0x080088fc       0x5c e:/compiler/bin/../lib/gcc/arm-none-eabi/10.2.1/../../../../arm-none-eabi/lib/thumb/v7e-m+fp/hard\libg.a(lib_a-mprec.o)
                0x080088fc                __i2b
 .text.__multiply
                0x08008958      0x158 e:/compiler/bin/../lib/gcc/arm-none-eabi/10.2.1/../../../../arm-none-eabi/lib/thumb/v7e-m+fp/hard\libg.a(lib_a-mprec.o)
                0x08008958                __multiply
 .text.__pow5mult
                0x08008ab0       0xc0 e:/compiler/bin/../lib/gcc/arm-none-eabi/10.2.1/../../../../arm-none-eabi/lib/thumb/v7e-m+fp/hard\libg.a(lib_a-mprec.o)
                0x08008ab0                __pow5mult
 .text.__lshift
                0x08008b70       0xf0 e:/compiler/bin/../lib/gcc/arm-none-eabi/10.2.1/../../../../arm-none-eabi/lib/thumb/v7e-m+fp/hard\libg.a(lib_a-mprec.o)
                0x08008b70                __lshift
 .text.__mcmp   0x08008c60       0x44 e:/compiler/bin/../lib/gcc/arm-none-eabi/10.2.1/../../../../arm-none-eabi/lib/thumb/v7e-m+fp/hard\libg.a(lib_a-mprec.o)
                0x08008c60                __mcmp
 .text.__mdiff  0x08008ca4      0x14c e:/compiler/bin/../lib/gcc/arm-none-eabi/10.2.1/../../../../arm-none-eabi/lib/thumb/v7e-m+fp/hard\libg.a(lib_a-mprec.o)
                0x08008ca4                __mdiff
 .text.__d2b    0x08008df0       0xd0 e:/compiler/bin/../lib/gcc/arm-none-eabi/10.2.1/../../../../arm-none-eabi/lib/thumb/v7e-m+fp/hard\libg.a(lib_a-mprec.o)
                0x08008df0                __d2b
 .text._svfprintf_r
                0x08008ec0     0x1adc e:/compiler/bin/../lib/gcc/arm-none-eabi/10.2.1/../../../../arm-none-eabi/lib/thumb/v7e-m+fp/hard\libg.a(lib_a-svfprintf.o)
                0x08008ec0                _svfprintf_r
 .text.__ascii_wctomb
                0x0800a99c       0x1c e:/compiler/bin/../lib/gcc/arm-none-eabi/10.2.1/../../../../arm-none-eabi/lib/thumb/v7e-m+fp/hard\libg.a(lib_a-wctomb_r.o)
                0x0800a99c                __ascii_wctomb
 .text.__register_exitproc
                0x0800a9b8       0x8c e:/compiler/bin/../lib/gcc/arm-none-eabi/10.2.1/../../../../arm-none-eabi/lib/thumb/v7e-m+fp/hard\libg.a(lib_a-__atexit.o)
                0x0800a9b8                __register_exitproc
 .text.__assert_func
                0x0800aa44       0x40 e:/compiler/bin/../lib/gcc/arm-none-eabi/10.2.1/../../../../arm-none-eabi/lib/thumb/v7e-m+fp/hard\libg.a(lib_a-assert.o)
                0x0800aa44                __assert_func
 .text._calloc_r
                0x0800aa84       0x60 e:/compiler/bin/../lib/gcc/arm-none-eabi/10.2.1/../../../../arm-none-eabi/lib/thumb/v7e-m+fp/hard\libg.a(lib_a-callocr.o)
                0x0800aa84                _calloc_r
 .text.quorem   0x0800aae4      0x128 e:/compiler/bin/../lib/gcc/arm-none-eabi/10.2.1/../../../../arm-none-eabi/lib/thumb/v7e-m+fp/hard\libg.a(lib_a-dtoa.o)
 *fill*         0x0800ac0c        0x4 
 .text._dtoa_r  0x0800ac10      0xf40 e:/compiler/bin/../lib/gcc/arm-none-eabi/10.2.1/../../../../arm-none-eabi/lib/thumb/v7e-m+fp/hard\libg.a(lib_a-dtoa.o)
                0x0800ac10                _dtoa_r
 .text.fiprintf
                0x0800bb50       0x28 e:/compiler/bin/../lib/gcc/arm-none-eabi/10.2.1/../../../../arm-none-eabi/lib/thumb/v7e-m+fp/hard\libg.a(lib_a-fiprintf.o)
                0x0800bb50                fiprintf
 .text._localeconv_r
                0x0800bb78        0x8 e:/compiler/bin/../lib/gcc/arm-none-eabi/10.2.1/../../../../arm-none-eabi/lib/thumb/v7e-m+fp/hard\libg.a(lib_a-localeconv.o)
                0x0800bb78                _localeconv_r
 .text.frexp    0x0800bb80       0x6c e:/compiler/bin/../lib/gcc/arm-none-eabi/10.2.1/../../../../arm-none-eabi/lib/thumb/v7e-m+fp/hard\libg.a(lib_a-s_frexp.o)
                0x0800bb80                frexp
 .text.__ssprint_r
                0x0800bbec       0xf8 e:/compiler/bin/../lib/gcc/arm-none-eabi/10.2.1/../../../../arm-none-eabi/lib/thumb/v7e-m+fp/hard\libg.a(lib_a-svfiprintf.o)
                0x0800bbec                __ssprint_r
 .text.__sprint_r.part.0
                0x0800bce4       0x78 e:/compiler/bin/../lib/gcc/arm-none-eabi/10.2.1/../../../../arm-none-eabi/lib/thumb/v7e-m+fp/hard\libg.a(lib_a-vfiprintf.o)
 .text._vfiprintf_r
                0x0800bd5c      0xdf4 e:/compiler/bin/../lib/gcc/arm-none-eabi/10.2.1/../../../../arm-none-eabi/lib/thumb/v7e-m+fp/hard\libg.a(lib_a-vfiprintf.o)
                0x0800bd5c                _vfiprintf_r
 .text.__sbprintf
                0x0800cb50       0x80 e:/compiler/bin/../lib/gcc/arm-none-eabi/10.2.1/../../../../arm-none-eabi/lib/thumb/v7e-m+fp/hard\libg.a(lib_a-vfiprintf.o)
 .text.__swsetup_r
                0x0800cbd0       0xd4 e:/compiler/bin/../lib/gcc/arm-none-eabi/10.2.1/../../../../arm-none-eabi/lib/thumb/v7e-m+fp/hard\libg.a(lib_a-wsetup.o)
                0x0800cbd0                __swsetup_r
 .text.abort    0x0800cca4       0x10 e:/compiler/bin/../lib/gcc/arm-none-eabi/10.2.1/../../../../arm-none-eabi/lib/thumb/v7e-m+fp/hard\libg.a(lib_a-abort.o)
                0x0800cca4                abort
 .text.__sflush_r
                0x0800ccb4      0x130 e:/compiler/bin/../lib/gcc/arm-none-eabi/10.2.1/../../../../arm-none-eabi/lib/thumb/v7e-m+fp/hard\libg.a(lib_a-fflush.o)
                0x0800ccb4                __sflush_r
 .text._fflush_r
                0x0800cde4       0x5c e:/compiler/bin/../lib/gcc/arm-none-eabi/10.2.1/../../../../arm-none-eabi/lib/thumb/v7e-m+fp/hard\libg.a(lib_a-fflush.o)
                0x0800cde4                _fflush_r
 .text._cleanup_r
                0x0800ce40        0xc e:/compiler/bin/../lib/gcc/arm-none-eabi/10.2.1/../../../../arm-none-eabi/lib/thumb/v7e-m+fp/hard\libg.a(lib_a-findfp.o)
                0x0800ce40                _cleanup_r
 .text.__sinit  0x0800ce4c      0x10c e:/compiler/bin/../lib/gcc/arm-none-eabi/10.2.1/../../../../arm-none-eabi/lib/thumb/v7e-m+fp/hard\libg.a(lib_a-findfp.o)
                0x0800ce4c                __sinit
 .text.__sfp_lock_acquire
                0x0800cf58        0xc e:/compiler/bin/../lib/gcc/arm-none-eabi/10.2.1/../../../../arm-none-eabi/lib/thumb/v7e-m+fp/hard\libg.a(lib_a-findfp.o)
                0x0800cf58                __sfp_lock_acquire
 .text.__sfp_lock_release
                0x0800cf64        0xc e:/compiler/bin/../lib/gcc/arm-none-eabi/10.2.1/../../../../arm-none-eabi/lib/thumb/v7e-m+fp/hard\libg.a(lib_a-findfp.o)
                0x0800cf64                __sfp_lock_release
 .text.__fputwc
                0x0800cf70       0xa8 e:/compiler/bin/../lib/gcc/arm-none-eabi/10.2.1/../../../../arm-none-eabi/lib/thumb/v7e-m+fp/hard\libg.a(lib_a-fputwc.o)
                0x0800cf70                __fputwc
 .text._fputwc_r
                0x0800d018       0x68 e:/compiler/bin/../lib/gcc/arm-none-eabi/10.2.1/../../../../arm-none-eabi/lib/thumb/v7e-m+fp/hard\libg.a(lib_a-fputwc.o)
                0x0800d018                _fputwc_r
 .text.__sfvwrite_r
                0x0800d080      0x2f0 e:/compiler/bin/../lib/gcc/arm-none-eabi/10.2.1/../../../../arm-none-eabi/lib/thumb/v7e-m+fp/hard\libg.a(lib_a-fvwrite.o)
                0x0800d080                __sfvwrite_r
 .text._fwalk_reent
                0x0800d370       0x48 e:/compiler/bin/../lib/gcc/arm-none-eabi/10.2.1/../../../../arm-none-eabi/lib/thumb/v7e-m+fp/hard\libg.a(lib_a-fwalk.o)
                0x0800d370                _fwalk_reent
 .text.__smakebuf_r
                0x0800d3b8       0xe0 e:/compiler/bin/../lib/gcc/arm-none-eabi/10.2.1/../../../../arm-none-eabi/lib/thumb/v7e-m+fp/hard\libg.a(lib_a-makebuf.o)
                0x0800d3b8                __smakebuf_r
 .text.memmove  0x0800d498       0xf8 e:/compiler/bin/../lib/gcc/arm-none-eabi/10.2.1/../../../../arm-none-eabi/lib/thumb/v7e-m+fp/hard\libg.a(lib_a-memmove.o)
                0x0800d498                memmove
 .text._realloc_r
                0x0800d590      0x3d8 e:/compiler/bin/../lib/gcc/arm-none-eabi/10.2.1/../../../../arm-none-eabi/lib/thumb/v7e-m+fp/hard\libg.a(lib_a-reallocr.o)
                0x0800d590                _realloc_r
 .text.raise    0x0800d968       0x5c e:/compiler/bin/../lib/gcc/arm-none-eabi/10.2.1/../../../../arm-none-eabi/lib/thumb/v7e-m+fp/hard\libg.a(lib_a-signal.o)
                0x0800d968                raise
 .text._kill_r  0x0800d9c4       0x2c e:/compiler/bin/../lib/gcc/arm-none-eabi/10.2.1/../../../../arm-none-eabi/lib/thumb/v7e-m+fp/hard\libg.a(lib_a-signalr.o)
                0x0800d9c4                _kill_r
 .text._getpid_r
                0x0800d9f0        0x4 e:/compiler/bin/../lib/gcc/arm-none-eabi/10.2.1/../../../../arm-none-eabi/lib/thumb/v7e-m+fp/hard\libg.a(lib_a-signalr.o)
                0x0800d9f0                _getpid_r
 .text.__sread  0x0800d9f4       0x24 e:/compiler/bin/../lib/gcc/arm-none-eabi/10.2.1/../../../../arm-none-eabi/lib/thumb/v7e-m+fp/hard\libg.a(lib_a-stdio.o)
                0x0800d9f4                __sread
 .text.__swrite
                0x0800da18       0x40 e:/compiler/bin/../lib/gcc/arm-none-eabi/10.2.1/../../../../arm-none-eabi/lib/thumb/v7e-m+fp/hard\libg.a(lib_a-stdio.o)
                0x0800da18                __swrite
 .text.__sseek  0x0800da58       0x20 e:/compiler/bin/../lib/gcc/arm-none-eabi/10.2.1/../../../../arm-none-eabi/lib/thumb/v7e-m+fp/hard\libg.a(lib_a-stdio.o)
                0x0800da58                __sseek
 .text.__sclose
                0x0800da78        0x8 e:/compiler/bin/../lib/gcc/arm-none-eabi/10.2.1/../../../../arm-none-eabi/lib/thumb/v7e-m+fp/hard\libg.a(lib_a-stdio.o)
                0x0800da78                __sclose
 .text.__swbuf_r
                0x0800da80       0xb0 e:/compiler/bin/../lib/gcc/arm-none-eabi/10.2.1/../../../../arm-none-eabi/lib/thumb/v7e-m+fp/hard\libg.a(lib_a-wbuf.o)
                0x0800da80                __swbuf_r
 .text._wcrtomb_r
                0x0800db30       0x3c e:/compiler/bin/../lib/gcc/arm-none-eabi/10.2.1/../../../../arm-none-eabi/lib/thumb/v7e-m+fp/hard\libg.a(lib_a-wcrtomb.o)
                0x0800db30                _wcrtomb_r
 .text._write_r
                0x0800db6c       0x2c e:/compiler/bin/../lib/gcc/arm-none-eabi/10.2.1/../../../../arm-none-eabi/lib/thumb/v7e-m+fp/hard\libg.a(lib_a-writer.o)
                0x0800db6c                _write_r
 .text._close_r
                0x0800db98       0x24 e:/compiler/bin/../lib/gcc/arm-none-eabi/10.2.1/../../../../arm-none-eabi/lib/thumb/v7e-m+fp/hard\libg.a(lib_a-closer.o)
                0x0800db98                _close_r
 .text._fclose_r
                0x0800dbbc       0xcc e:/compiler/bin/../lib/gcc/arm-none-eabi/10.2.1/../../../../arm-none-eabi/lib/thumb/v7e-m+fp/hard\libg.a(lib_a-fclose.o)
                0x0800dbbc                _fclose_r
 .text._fstat_r
                0x0800dc88       0x2c e:/compiler/bin/../lib/gcc/arm-none-eabi/10.2.1/../../../../arm-none-eabi/lib/thumb/v7e-m+fp/hard\libg.a(lib_a-fstatr.o)
                0x0800dc88                _fstat_r
 .text._isatty_r
                0x0800dcb4       0x24 e:/compiler/bin/../lib/gcc/arm-none-eabi/10.2.1/../../../../arm-none-eabi/lib/thumb/v7e-m+fp/hard\libg.a(lib_a-isattyr.o)
                0x0800dcb4                _isatty_r
 .text._lseek_r
                0x0800dcd8       0x2c e:/compiler/bin/../lib/gcc/arm-none-eabi/10.2.1/../../../../arm-none-eabi/lib/thumb/v7e-m+fp/hard\libg.a(lib_a-lseekr.o)
                0x0800dcd8                _lseek_r
 .text._read_r  0x0800dd04       0x2c e:/compiler/bin/../lib/gcc/arm-none-eabi/10.2.1/../../../../arm-none-eabi/lib/thumb/v7e-m+fp/hard\libg.a(lib_a-readr.o)
                0x0800dd04                _read_r
 .text.cos      0x0800dd30       0x90 e:/compiler/bin/../lib/gcc/arm-none-eabi/10.2.1/../../../../arm-none-eabi/lib/thumb/v7e-m+fp/hard\libm.a(lib_a-s_cos.o)
                0x0800dd30                cos
 .text.sin      0x0800ddc0       0x90 e:/compiler/bin/../lib/gcc/arm-none-eabi/10.2.1/../../../../arm-none-eabi/lib/thumb/v7e-m+fp/hard\libm.a(lib_a-s_sin.o)
                0x0800ddc0                sin
 .text.fmod     0x0800de50       0x78 e:/compiler/bin/../lib/gcc/arm-none-eabi/10.2.1/../../../../arm-none-eabi/lib/thumb/v7e-m+fp/hard\libm.a(lib_a-w_fmod.o)
                0x0800de50                fmod
 .text.__ieee754_fmod
                0x0800dec8      0x27c e:/compiler/bin/../lib/gcc/arm-none-eabi/10.2.1/../../../../arm-none-eabi/lib/thumb/v7e-m+fp/hard\libm.a(lib_a-e_fmod.o)
                0x0800dec8                __ieee754_fmod
 *fill*         0x0800e144        0x4 
 .text.__ieee754_rem_pio2
                0x0800e148      0x44c e:/compiler/bin/../lib/gcc/arm-none-eabi/10.2.1/../../../../arm-none-eabi/lib/thumb/v7e-m+fp/hard\libm.a(lib_a-e_rem_pio2.o)
                0x0800e148                __ieee754_rem_pio2
 *fill*         0x0800e594        0x4 
 .text.__kernel_cos
                0x0800e598      0x27c e:/compiler/bin/../lib/gcc/arm-none-eabi/10.2.1/../../../../arm-none-eabi/lib/thumb/v7e-m+fp/hard\libm.a(lib_a-k_cos.o)
                0x0800e598                __kernel_cos
 *fill*         0x0800e814        0x4 
 .text.__kernel_rem_pio2
                0x0800e818      0x854 e:/compiler/bin/../lib/gcc/arm-none-eabi/10.2.1/../../../../arm-none-eabi/lib/thumb/v7e-m+fp/hard\libm.a(lib_a-k_rem_pio2.o)
                0x0800e818                __kernel_rem_pio2
 *fill*         0x0800f06c        0x4 
 .text.__kernel_sin
                0x0800f070      0x17c e:/compiler/bin/../lib/gcc/arm-none-eabi/10.2.1/../../../../arm-none-eabi/lib/thumb/v7e-m+fp/hard\libm.a(lib_a-k_sin.o)
                0x0800f070                __kernel_sin
 .text.fabs     0x0800f1ec       0x14 e:/compiler/bin/../lib/gcc/arm-none-eabi/10.2.1/../../../../arm-none-eabi/lib/thumb/v7e-m+fp/hard\libm.a(lib_a-s_fabs.o)
                0x0800f1ec                fabs
 .text.floor    0x0800f200      0x108 e:/compiler/bin/../lib/gcc/arm-none-eabi/10.2.1/../../../../arm-none-eabi/lib/thumb/v7e-m+fp/hard\libm.a(lib_a-s_floor.o)
                0x0800f200                floor
 .text.scalbn   0x0800f308      0x124 e:/compiler/bin/../lib/gcc/arm-none-eabi/10.2.1/../../../../arm-none-eabi/lib/thumb/v7e-m+fp/hard\libm.a(lib_a-s_scalbn.o)
                0x0800f308                scalbn
 *(.glue_7)
 .glue_7        0x0800f42c        0x0 linker stubs
 *(.glue_7t)
 .glue_7t       0x0800f42c        0x0 linker stubs
 *(.eh_frame)
 .eh_frame      0x0800f42c        0x0 e:/compiler/bin/../lib/gcc/arm-none-eabi/10.2.1/thumb/v7e-m+fp/hard/crtbegin.o
 *(.init)
 .init          0x0800f42c        0x4 e:/compiler/bin/../lib/gcc/arm-none-eabi/10.2.1/thumb/v7e-m+fp/hard/crti.o
                0x0800f42c                _init
 .init          0x0800f430        0x8 e:/compiler/bin/../lib/gcc/arm-none-eabi/10.2.1/thumb/v7e-m+fp/hard/crtn.o
 *(.fini)
 .fini          0x0800f438        0x4 e:/compiler/bin/../lib/gcc/arm-none-eabi/10.2.1/thumb/v7e-m+fp/hard/crti.o
                0x0800f438                _fini
 .fini          0x0800f43c        0x8 e:/compiler/bin/../lib/gcc/arm-none-eabi/10.2.1/thumb/v7e-m+fp/hard/crtn.o
                0x0800f444                . = ALIGN (0x4)
                0x0800f444                _etext = .

.vfp11_veneer   0x0800f444        0x0
 .vfp11_veneer  0x0800f444        0x0 linker stubs

.v4_bx          0x0800f444        0x0
 .v4_bx         0x0800f444        0x0 linker stubs

.iplt           0x0800f444        0x0
 .iplt          0x0800f444        0x0 e:/compiler/bin/../lib/gcc/arm-none-eabi/10.2.1/thumb/v7e-m+fp/hard/crtbegin.o

.rodata         0x0800f448      0x690
                0x0800f448                . = ALIGN (0x4)
 *(.rodata)
 .rodata        0x0800f448       0x1c CMakeFiles/FOC_OpenLoop.elf.dir/Core/Src/main.c.obj
 *(.rodata*)
 .rodata.MotorTask.str1.4
                0x0800f464        0xa CMakeFiles/FOC_OpenLoop.elf.dir/Core/Src/freertos.c.obj
 *fill*         0x0800f46e        0x2 
 .rodata.str1.4
                0x0800f470       0x16 CMakeFiles/FOC_OpenLoop.elf.dir/Core/Src/main.c.obj
 *fill*         0x0800f486        0x2 
 .rodata.os_thread_def_MotorTask
                0x0800f488       0x1c CMakeFiles/FOC_OpenLoop.elf.dir/Core/Src/main.c.obj
                0x0800f488                os_thread_def_MotorTask
 .rodata.D1CorePrescTable
                0x0800f4a4       0x10 CMakeFiles/FOC_OpenLoop.elf.dir/Core/Src/system_stm32h7xx.c.obj
                0x0800f4a4                D1CorePrescTable
 .rodata.flagBitshiftOffset.0
                0x0800f4b4        0x8 CMakeFiles/FOC_OpenLoop.elf.dir/Drivers/STM32H7xx_HAL_Driver/Src/stm32h7xx_hal_dma.c.obj
 .rodata.UARTPrescTable
                0x0800f4bc       0x18 CMakeFiles/FOC_OpenLoop.elf.dir/Drivers/STM32H7xx_HAL_Driver/Src/stm32h7xx_hal_uart.c.obj
                0x0800f4bc                UARTPrescTable
 .rodata.denominator.0
                0x0800f4d4        0x8 CMakeFiles/FOC_OpenLoop.elf.dir/Drivers/STM32H7xx_HAL_Driver/Src/stm32h7xx_hal_uart_ex.c.obj
 .rodata.numerator.1
                0x0800f4dc        0x8 CMakeFiles/FOC_OpenLoop.elf.dir/Drivers/STM32H7xx_HAL_Driver/Src/stm32h7xx_hal_uart_ex.c.obj
 .rodata.vTaskStartScheduler.str1.4
                0x0800f4e4        0x5 CMakeFiles/FOC_OpenLoop.elf.dir/Middlewares/Third_Party/FreeRTOS/Source/tasks.c.obj
 *fill*         0x0800f4e9        0x3 
 .rodata._global_impure_ptr
                0x0800f4ec        0x4 e:/compiler/bin/../lib/gcc/arm-none-eabi/10.2.1/../../../../arm-none-eabi/lib/thumb/v7e-m+fp/hard\libg.a(lib_a-impure.o)
                0x0800f4ec                _global_impure_ptr
 .rodata._setlocale_r.str1.4
                0x0800f4f0        0xa e:/compiler/bin/../lib/gcc/arm-none-eabi/10.2.1/../../../../arm-none-eabi/lib/thumb/v7e-m+fp/hard\libg.a(lib_a-locale.o)
                                  0xd (size before relaxing)
 *fill*         0x0800f4fa        0x2 
 .rodata.str1.4
                0x0800f4fc        0x2 e:/compiler/bin/../lib/gcc/arm-none-eabi/10.2.1/../../../../arm-none-eabi/lib/thumb/v7e-m+fp/hard\libg.a(lib_a-locale.o)
 *fill*         0x0800f4fe        0x2 
 .rodata.__multadd.str1.4
                0x0800f500       0x92 e:/compiler/bin/../lib/gcc/arm-none-eabi/10.2.1/../../../../arm-none-eabi/lib/thumb/v7e-m+fp/hard\libg.a(lib_a-mprec.o)
 *fill*         0x0800f592        0x6 
 .rodata.__mprec_bigtens
                0x0800f598       0x28 e:/compiler/bin/../lib/gcc/arm-none-eabi/10.2.1/../../../../arm-none-eabi/lib/thumb/v7e-m+fp/hard\libg.a(lib_a-mprec.o)
                0x0800f598                __mprec_bigtens
 .rodata.__mprec_tens
                0x0800f5c0       0xc8 e:/compiler/bin/../lib/gcc/arm-none-eabi/10.2.1/../../../../arm-none-eabi/lib/thumb/v7e-m+fp/hard\libg.a(lib_a-mprec.o)
                0x0800f5c0                __mprec_tens
 .rodata.p05.0  0x0800f688        0xc e:/compiler/bin/../lib/gcc/arm-none-eabi/10.2.1/../../../../arm-none-eabi/lib/thumb/v7e-m+fp/hard\libg.a(lib_a-mprec.o)
 .rodata._svfprintf_r.str1.4
                0x0800f694       0x42 e:/compiler/bin/../lib/gcc/arm-none-eabi/10.2.1/../../../../arm-none-eabi/lib/thumb/v7e-m+fp/hard\libg.a(lib_a-svfprintf.o)
 *fill*         0x0800f6d6        0x2 
 .rodata.blanks.1
                0x0800f6d8       0x10 e:/compiler/bin/../lib/gcc/arm-none-eabi/10.2.1/../../../../arm-none-eabi/lib/thumb/v7e-m+fp/hard\libg.a(lib_a-svfprintf.o)
 .rodata.zeroes.0
                0x0800f6e8       0x10 e:/compiler/bin/../lib/gcc/arm-none-eabi/10.2.1/../../../../arm-none-eabi/lib/thumb/v7e-m+fp/hard\libg.a(lib_a-svfprintf.o)
 .rodata.__assert_func.str1.4
                0x0800f6f8       0x3f e:/compiler/bin/../lib/gcc/arm-none-eabi/10.2.1/../../../../arm-none-eabi/lib/thumb/v7e-m+fp/hard\libg.a(lib_a-assert.o)
                                 0x43 (size before relaxing)
 *fill*         0x0800f737        0x1 
 .rodata._ctype_
                0x0800f738      0x101 e:/compiler/bin/../lib/gcc/arm-none-eabi/10.2.1/../../../../arm-none-eabi/lib/thumb/v7e-m+fp/hard\libg.a(lib_a-ctype_.o)
                0x0800f738                _ctype_
 *fill*         0x0800f839        0x3 
 .rodata._dtoa_r.str1.4
                0x0800f83c       0x8d e:/compiler/bin/../lib/gcc/arm-none-eabi/10.2.1/../../../../arm-none-eabi/lib/thumb/v7e-m+fp/hard\libg.a(lib_a-dtoa.o)
                                 0xa5 (size before relaxing)
 .rodata._vfiprintf_r.str1.4
                0x0800f8c9       0x2f e:/compiler/bin/../lib/gcc/arm-none-eabi/10.2.1/../../../../arm-none-eabi/lib/thumb/v7e-m+fp/hard\libg.a(lib_a-vfiprintf.o)
 *fill*         0x0800f8c9        0x3 
 .rodata.blanks.1
                0x0800f8cc       0x10 e:/compiler/bin/../lib/gcc/arm-none-eabi/10.2.1/../../../../arm-none-eabi/lib/thumb/v7e-m+fp/hard\libg.a(lib_a-vfiprintf.o)
 .rodata.zeroes.0
                0x0800f8dc       0x10 e:/compiler/bin/../lib/gcc/arm-none-eabi/10.2.1/../../../../arm-none-eabi/lib/thumb/v7e-m+fp/hard\libg.a(lib_a-vfiprintf.o)
 *fill*         0x0800f8ec        0x4 
 .rodata.Zero   0x0800f8f0       0x10 e:/compiler/bin/../lib/gcc/arm-none-eabi/10.2.1/../../../../arm-none-eabi/lib/thumb/v7e-m+fp/hard\libm.a(lib_a-e_fmod.o)
 .rodata.npio2_hw
                0x0800f900       0x80 e:/compiler/bin/../lib/gcc/arm-none-eabi/10.2.1/../../../../arm-none-eabi/lib/thumb/v7e-m+fp/hard\libm.a(lib_a-e_rem_pio2.o)
 .rodata.two_over_pi
                0x0800f980      0x108 e:/compiler/bin/../lib/gcc/arm-none-eabi/10.2.1/../../../../arm-none-eabi/lib/thumb/v7e-m+fp/hard\libm.a(lib_a-e_rem_pio2.o)
 .rodata.PIo2   0x0800fa88       0x40 e:/compiler/bin/../lib/gcc/arm-none-eabi/10.2.1/../../../../arm-none-eabi/lib/thumb/v7e-m+fp/hard\libm.a(lib_a-k_rem_pio2.o)
 .rodata.init_jk
                0x0800fac8       0x10 e:/compiler/bin/../lib/gcc/arm-none-eabi/10.2.1/../../../../arm-none-eabi/lib/thumb/v7e-m+fp/hard\libm.a(lib_a-k_rem_pio2.o)
                0x0800fad8                . = ALIGN (0x4)

.ARM.extab
 *(.ARM.extab* .gnu.linkonce.armextab.*)

.ARM            0x0800fad8        0x8
                0x0800fad8                __exidx_start = .
 *(.ARM.exidx*)
 .ARM.exidx     0x0800fad8        0x8 e:/compiler/bin/../lib/gcc/arm-none-eabi/10.2.1/thumb/v7e-m+fp/hard\libgcc.a(_udivmoddi4.o)
                0x0800fae0                __exidx_end = .

.rel.dyn        0x0800fae0        0x0
 .rel.iplt      0x0800fae0        0x0 e:/compiler/bin/../lib/gcc/arm-none-eabi/10.2.1/thumb/v7e-m+fp/hard/crtbegin.o

.preinit_array  0x0800fae0        0x0
                0x0800fae0                PROVIDE (__preinit_array_start = .)
 *(.preinit_array*)
                0x0800fae0                PROVIDE (__preinit_array_end = .)

.init_array     0x0800fae0        0x8
                0x0800fae0                PROVIDE (__init_array_start = .)
 *(SORT_BY_NAME(.init_array.*))
 .init_array.00000
                0x0800fae0        0x4 e:/compiler/bin/../lib/gcc/arm-none-eabi/10.2.1/../../../../arm-none-eabi/lib/thumb/v7e-m+fp/hard\libg.a(lib_a-__call_atexit.o)
 *(.init_array*)
 .init_array    0x0800fae4        0x4 e:/compiler/bin/../lib/gcc/arm-none-eabi/10.2.1/thumb/v7e-m+fp/hard/crtbegin.o
                0x0800fae8                PROVIDE (__init_array_end = .)

.fini_array     0x0800fae8        0x4
                0x0800fae8                PROVIDE (__fini_array_start = .)
 *(SORT_BY_NAME(.fini_array.*))
 *(.fini_array*)
 .fini_array    0x0800fae8        0x4 e:/compiler/bin/../lib/gcc/arm-none-eabi/10.2.1/thumb/v7e-m+fp/hard/crtbegin.o
                0x0800faec                PROVIDE (__fini_array_end = .)
                0x0800faec                _sidata = LOADADDR (.data)

.data           0x24000000      0x9cc load address 0x0800faec
                0x24000000                . = ALIGN (0x4)
                0x24000000                _sdata = .
 *(.data)
 *(.data*)
 .data.SystemCoreClock
                0x24000000        0x4 CMakeFiles/FOC_OpenLoop.elf.dir/Core/Src/system_stm32h7xx.c.obj
                0x24000000                SystemCoreClock
 .data.SystemD2Clock
                0x24000004        0x4 CMakeFiles/FOC_OpenLoop.elf.dir/Core/Src/system_stm32h7xx.c.obj
                0x24000004                SystemD2Clock
 .data.uwTickFreq
                0x24000008        0x1 CMakeFiles/FOC_OpenLoop.elf.dir/Drivers/STM32H7xx_HAL_Driver/Src/stm32h7xx_hal.c.obj
                0x24000008                uwTickFreq
 *fill*         0x24000009        0x3 
 .data.uwTickPrio
                0x2400000c        0x4 CMakeFiles/FOC_OpenLoop.elf.dir/Drivers/STM32H7xx_HAL_Driver/Src/stm32h7xx_hal.c.obj
                0x2400000c                uwTickPrio
 .data.uxCriticalNesting
                0x24000010        0x4 CMakeFiles/FOC_OpenLoop.elf.dir/Middlewares/Third_Party/FreeRTOS/Source/portable/GCC/ARM_CM4F/port.c.obj
 .data.voltage_power_supply
                0x24000014        0x4 CMakeFiles/FOC_OpenLoop.elf.dir/UserApp/FOC/FOC.c.obj
                0x24000014                voltage_power_supply
 .data._impure_ptr
                0x24000018        0x4 e:/compiler/bin/../lib/gcc/arm-none-eabi/10.2.1/../../../../arm-none-eabi/lib/thumb/v7e-m+fp/hard\libg.a(lib_a-impure.o)
                0x24000018                _impure_ptr
 *fill*         0x2400001c        0x4 
 .data.impure_data
                0x24000020      0x428 e:/compiler/bin/../lib/gcc/arm-none-eabi/10.2.1/../../../../arm-none-eabi/lib/thumb/v7e-m+fp/hard\libg.a(lib_a-impure.o)
 .data.__malloc_av_
                0x24000448      0x408 e:/compiler/bin/../lib/gcc/arm-none-eabi/10.2.1/../../../../arm-none-eabi/lib/thumb/v7e-m+fp/hard\libg.a(lib_a-mallocr.o)
                0x24000448                __malloc_av_
 .data.__malloc_sbrk_base
                0x24000850        0x4 e:/compiler/bin/../lib/gcc/arm-none-eabi/10.2.1/../../../../arm-none-eabi/lib/thumb/v7e-m+fp/hard\libg.a(lib_a-mallocr.o)
                0x24000850                __malloc_sbrk_base
 .data.__malloc_trim_threshold
                0x24000854        0x4 e:/compiler/bin/../lib/gcc/arm-none-eabi/10.2.1/../../../../arm-none-eabi/lib/thumb/v7e-m+fp/hard\libg.a(lib_a-mallocr.o)
                0x24000854                __malloc_trim_threshold
 .data.__atexit_recursive_mutex
                0x24000858        0x4 e:/compiler/bin/../lib/gcc/arm-none-eabi/10.2.1/../../../../arm-none-eabi/lib/thumb/v7e-m+fp/hard\libg.a(lib_a-__call_atexit.o)
                0x24000858                __atexit_recursive_mutex
 .data.__global_locale
                0x2400085c      0x16c e:/compiler/bin/../lib/gcc/arm-none-eabi/10.2.1/../../../../arm-none-eabi/lib/thumb/v7e-m+fp/hard\libg.a(lib_a-locale.o)
                0x2400085c                __global_locale
 .data.__fdlib_version
                0x240009c8        0x1 e:/compiler/bin/../lib/gcc/arm-none-eabi/10.2.1/../../../../arm-none-eabi/lib/thumb/v7e-m+fp/hard\libm.a(lib_a-s_lib_ver.o)
                0x240009c8                __fdlib_version
 *(.RamFunc)
 *(.RamFunc*)
                0x240009cc                . = ALIGN (0x4)
 *fill*         0x240009c9        0x3 
                0x240009cc                _edata = .

.igot.plt       0x240009cc        0x0 load address 0x080104b8
 .igot.plt      0x240009cc        0x0 e:/compiler/bin/../lib/gcc/arm-none-eabi/10.2.1/thumb/v7e-m+fp/hard/crtbegin.o
                0x240009cc                . = ALIGN (0x4)

.bss            0x240009cc     0x4398 load address 0x080104b8
                0x240009cc                _sbss = .
                0x240009cc                __bss_start__ = _sbss
 *(.bss)
 .bss           0x240009cc       0x1c e:/compiler/bin/../lib/gcc/arm-none-eabi/10.2.1/thumb/v7e-m+fp/hard/crtbegin.o
 *(.bss*)
 .bss.xIdleStack
                0x240009e8      0x200 CMakeFiles/FOC_OpenLoop.elf.dir/Core/Src/freertos.c.obj
 .bss.xIdleTaskTCBBuffer
                0x24000be8       0x54 CMakeFiles/FOC_OpenLoop.elf.dir/Core/Src/freertos.c.obj
 .bss.MotorControlTaskHandle
                0x24000c3c        0x4 CMakeFiles/FOC_OpenLoop.elf.dir/Core/Src/main.c.obj
                0x24000c3c                MotorControlTaskHandle
 .bss.defaultTaskHandle
                0x24000c40        0x4 CMakeFiles/FOC_OpenLoop.elf.dir/Core/Src/main.c.obj
                0x24000c40                defaultTaskHandle
 .bss.hdma_spi1_tx
                0x24000c44       0x78 CMakeFiles/FOC_OpenLoop.elf.dir/Core/Src/main.c.obj
                0x24000c44                hdma_spi1_tx
 .bss.hdma_usart1_rx
                0x24000cbc       0x78 CMakeFiles/FOC_OpenLoop.elf.dir/Core/Src/main.c.obj
                0x24000cbc                hdma_usart1_rx
 .bss.hi2c1     0x24000d34       0x54 CMakeFiles/FOC_OpenLoop.elf.dir/Core/Src/main.c.obj
                0x24000d34                hi2c1
 .bss.hspi1     0x24000d88       0x88 CMakeFiles/FOC_OpenLoop.elf.dir/Core/Src/main.c.obj
                0x24000d88                hspi1
 .bss.htim2     0x24000e10       0x4c CMakeFiles/FOC_OpenLoop.elf.dir/Core/Src/main.c.obj
                0x24000e10                htim2
 .bss.htim3     0x24000e5c       0x4c CMakeFiles/FOC_OpenLoop.elf.dir/Core/Src/main.c.obj
                0x24000e5c                htim3
 .bss.htim4     0x24000ea8       0x4c CMakeFiles/FOC_OpenLoop.elf.dir/Core/Src/main.c.obj
                0x24000ea8                htim4
 .bss.huart1    0x24000ef4       0x94 CMakeFiles/FOC_OpenLoop.elf.dir/Core/Src/main.c.obj
                0x24000ef4                huart1
 .bss.__sbrk_heap_end
                0x24000f88        0x4 CMakeFiles/FOC_OpenLoop.elf.dir/Core/Src/sysmem.c.obj
 .bss.uwTick    0x24000f8c        0x4 CMakeFiles/FOC_OpenLoop.elf.dir/Drivers/STM32H7xx_HAL_Driver/Src/stm32h7xx_hal.c.obj
                0x24000f8c                uwTick
 .bss.ucMaxSysCallPriority
                0x24000f90        0x1 CMakeFiles/FOC_OpenLoop.elf.dir/Middlewares/Third_Party/FreeRTOS/Source/portable/GCC/ARM_CM4F/port.c.obj
 *fill*         0x24000f91        0x3 
 .bss.ulMaxPRIGROUPValue
                0x24000f94        0x4 CMakeFiles/FOC_OpenLoop.elf.dir/Middlewares/Third_Party/FreeRTOS/Source/portable/GCC/ARM_CM4F/port.c.obj
 .bss.pxEnd     0x24000f98        0x4 CMakeFiles/FOC_OpenLoop.elf.dir/Middlewares/Third_Party/FreeRTOS/Source/portable/MemMang/heap_4.c.obj
 .bss.ucHeap    0x24000f9c     0x3c00 CMakeFiles/FOC_OpenLoop.elf.dir/Middlewares/Third_Party/FreeRTOS/Source/portable/MemMang/heap_4.c.obj
 .bss.xBlockAllocatedBit
                0x24004b9c        0x4 CMakeFiles/FOC_OpenLoop.elf.dir/Middlewares/Third_Party/FreeRTOS/Source/portable/MemMang/heap_4.c.obj
 .bss.xFreeBytesRemaining
                0x24004ba0        0x4 CMakeFiles/FOC_OpenLoop.elf.dir/Middlewares/Third_Party/FreeRTOS/Source/portable/MemMang/heap_4.c.obj
 .bss.xMinimumEverFreeBytesRemaining
                0x24004ba4        0x4 CMakeFiles/FOC_OpenLoop.elf.dir/Middlewares/Third_Party/FreeRTOS/Source/portable/MemMang/heap_4.c.obj
 .bss.xNumberOfSuccessfulAllocations
                0x24004ba8        0x4 CMakeFiles/FOC_OpenLoop.elf.dir/Middlewares/Third_Party/FreeRTOS/Source/portable/MemMang/heap_4.c.obj
 .bss.xNumberOfSuccessfulFrees
                0x24004bac        0x4 CMakeFiles/FOC_OpenLoop.elf.dir/Middlewares/Third_Party/FreeRTOS/Source/portable/MemMang/heap_4.c.obj
 .bss.xStart    0x24004bb0        0x8 CMakeFiles/FOC_OpenLoop.elf.dir/Middlewares/Third_Party/FreeRTOS/Source/portable/MemMang/heap_4.c.obj
 .bss.pxCurrentTCB
                0x24004bb8        0x4 CMakeFiles/FOC_OpenLoop.elf.dir/Middlewares/Third_Party/FreeRTOS/Source/tasks.c.obj
                0x24004bb8                pxCurrentTCB
 .bss.pxDelayedTaskList
                0x24004bbc        0x4 CMakeFiles/FOC_OpenLoop.elf.dir/Middlewares/Third_Party/FreeRTOS/Source/tasks.c.obj
 .bss.pxOverflowDelayedTaskList
                0x24004bc0        0x4 CMakeFiles/FOC_OpenLoop.elf.dir/Middlewares/Third_Party/FreeRTOS/Source/tasks.c.obj
 .bss.pxReadyTasksLists
                0x24004bc4       0x8c CMakeFiles/FOC_OpenLoop.elf.dir/Middlewares/Third_Party/FreeRTOS/Source/tasks.c.obj
 .bss.uxCurrentNumberOfTasks
                0x24004c50        0x4 CMakeFiles/FOC_OpenLoop.elf.dir/Middlewares/Third_Party/FreeRTOS/Source/tasks.c.obj
 .bss.uxDeletedTasksWaitingCleanUp
                0x24004c54        0x4 CMakeFiles/FOC_OpenLoop.elf.dir/Middlewares/Third_Party/FreeRTOS/Source/tasks.c.obj
 .bss.uxSchedulerSuspended
                0x24004c58        0x4 CMakeFiles/FOC_OpenLoop.elf.dir/Middlewares/Third_Party/FreeRTOS/Source/tasks.c.obj
 .bss.uxTaskNumber
                0x24004c5c        0x4 CMakeFiles/FOC_OpenLoop.elf.dir/Middlewares/Third_Party/FreeRTOS/Source/tasks.c.obj
 .bss.uxTopReadyPriority
                0x24004c60        0x4 CMakeFiles/FOC_OpenLoop.elf.dir/Middlewares/Third_Party/FreeRTOS/Source/tasks.c.obj
 .bss.xDelayedTaskList1
                0x24004c64       0x14 CMakeFiles/FOC_OpenLoop.elf.dir/Middlewares/Third_Party/FreeRTOS/Source/tasks.c.obj
 .bss.xDelayedTaskList2
                0x24004c78       0x14 CMakeFiles/FOC_OpenLoop.elf.dir/Middlewares/Third_Party/FreeRTOS/Source/tasks.c.obj
 .bss.xIdleTaskHandle
                0x24004c8c        0x4 CMakeFiles/FOC_OpenLoop.elf.dir/Middlewares/Third_Party/FreeRTOS/Source/tasks.c.obj
 .bss.xNextTaskUnblockTime
                0x24004c90        0x4 CMakeFiles/FOC_OpenLoop.elf.dir/Middlewares/Third_Party/FreeRTOS/Source/tasks.c.obj
 .bss.xNumOfOverflows
                0x24004c94        0x4 CMakeFiles/FOC_OpenLoop.elf.dir/Middlewares/Third_Party/FreeRTOS/Source/tasks.c.obj
 .bss.xPendedTicks
                0x24004c98        0x4 CMakeFiles/FOC_OpenLoop.elf.dir/Middlewares/Third_Party/FreeRTOS/Source/tasks.c.obj
 .bss.xPendingReadyList
                0x24004c9c       0x14 CMakeFiles/FOC_OpenLoop.elf.dir/Middlewares/Third_Party/FreeRTOS/Source/tasks.c.obj
 .bss.xSchedulerRunning
                0x24004cb0        0x4 CMakeFiles/FOC_OpenLoop.elf.dir/Middlewares/Third_Party/FreeRTOS/Source/tasks.c.obj
 .bss.xSuspendedTaskList
                0x24004cb4       0x14 CMakeFiles/FOC_OpenLoop.elf.dir/Middlewares/Third_Party/FreeRTOS/Source/tasks.c.obj
 .bss.xTasksWaitingTermination
                0x24004cc8       0x14 CMakeFiles/FOC_OpenLoop.elf.dir/Middlewares/Third_Party/FreeRTOS/Source/tasks.c.obj
 .bss.xTickCount
                0x24004cdc        0x4 CMakeFiles/FOC_OpenLoop.elf.dir/Middlewares/Third_Party/FreeRTOS/Source/tasks.c.obj
 .bss.xYieldPending
                0x24004ce0        0x4 CMakeFiles/FOC_OpenLoop.elf.dir/Middlewares/Third_Party/FreeRTOS/Source/tasks.c.obj
 .bss.M0_Vel_Flt
                0x24004ce4        0x4 CMakeFiles/FOC_OpenLoop.elf.dir/UserApp/FOC/FOC.c.obj
                0x24004ce4                M0_Vel_Flt
 .bss.Ua        0x24004ce8        0x4 CMakeFiles/FOC_OpenLoop.elf.dir/UserApp/FOC/FOC.c.obj
                0x24004ce8                Ua
 .bss.Ualpha    0x24004cec        0x4 CMakeFiles/FOC_OpenLoop.elf.dir/UserApp/FOC/FOC.c.obj
                0x24004cec                Ualpha
 .bss.Ub        0x24004cf0        0x4 CMakeFiles/FOC_OpenLoop.elf.dir/UserApp/FOC/FOC.c.obj
                0x24004cf0                Ub
 .bss.Ubeta     0x24004cf4        0x4 CMakeFiles/FOC_OpenLoop.elf.dir/UserApp/FOC/FOC.c.obj
                0x24004cf4                Ubeta
 .bss.Uc        0x24004cf8        0x4 CMakeFiles/FOC_OpenLoop.elf.dir/UserApp/FOC/FOC.c.obj
                0x24004cf8                Uc
 .bss.angle_loop_M0
                0x24004cfc        0x4 CMakeFiles/FOC_OpenLoop.elf.dir/UserApp/FOC/FOC.c.obj
                0x24004cfc                angle_loop_M0
 .bss.dc_a      0x24004d00        0x4 CMakeFiles/FOC_OpenLoop.elf.dir/UserApp/FOC/FOC.c.obj
                0x24004d00                dc_a
 .bss.dc_b      0x24004d04        0x4 CMakeFiles/FOC_OpenLoop.elf.dir/UserApp/FOC/FOC.c.obj
                0x24004d04                dc_b
 .bss.dc_c      0x24004d08        0x4 CMakeFiles/FOC_OpenLoop.elf.dir/UserApp/FOC/FOC.c.obj
                0x24004d08                dc_c
 .bss.open_loop_timestamp
                0x24004d0c        0x4 CMakeFiles/FOC_OpenLoop.elf.dir/UserApp/FOC/FOC.c.obj
                0x24004d0c                open_loop_timestamp
 .bss.shaft_angle
                0x24004d10        0x4 CMakeFiles/FOC_OpenLoop.elf.dir/UserApp/FOC/FOC.c.obj
                0x24004d10                shaft_angle
 .bss.vel_loop_M0
                0x24004d14        0x4 CMakeFiles/FOC_OpenLoop.elf.dir/UserApp/FOC/FOC.c.obj
                0x24004d14                vel_loop_M0
 .bss.zero_electric_angle
                0x24004d18        0x4 CMakeFiles/FOC_OpenLoop.elf.dir/UserApp/FOC/FOC.c.obj
                0x24004d18                zero_electric_angle
 .bss.__malloc_current_mallinfo