Archive member included to satisfy reference by file (symbol)

/usr/local/arm/gcc-arm-10.3-2021.07-x86_64-arm-none-eabi/bin/../lib/gcc/arm-none-eabi/10.3.1/thumb/v7e-m+fp/hard/libgcc.a(_arm_muldf3.o)
                              CMakeFiles/FOC_OpenLoop.elf.dir/UserApp/FOC/FOC.c.obj (__aeabi_dmul)
/usr/local/arm/gcc-arm-10.3-2021.07-x86_64-arm-none-eabi/bin/../lib/gcc/arm-none-eabi/10.3.1/thumb/v7e-m+fp/hard/libgcc.a(_arm_addsubdf3.o)
                              CMakeFiles/FOC_OpenLoop.elf.dir/UserApp/FOC/FOC.c.obj (__aeabi_dsub)
/usr/local/arm/gcc-arm-10.3-2021.07-x86_64-arm-none-eabi/bin/../lib/gcc/arm-none-eabi/10.3.1/thumb/v7e-m+fp/hard/libgcc.a(_arm_muldivdf3.o)
                              CMakeFiles/FOC_OpenLoop.elf.dir/UserApp/FOC/FOC.c.obj (__aeabi_ddiv)
/usr/local/arm/gcc-arm-10.3-2021.07-x86_64-arm-none-eabi/bin/../lib/gcc/arm-none-eabi/10.3.1/thumb/v7e-m+fp/hard/libgcc.a(_arm_truncdfsf2.o)
                              CMakeFiles/FOC_OpenLoop.elf.dir/UserApp/FOC/FOC.c.obj (__aeabi_d2f)
/usr/local/arm/gcc-arm-10.3-2021.07-x86_64-arm-none-eabi/bin/../lib/gcc/arm-none-eabi/10.3.1/thumb/v7e-m+fp/hard/libgcc.a(_aeabi_uldivmod.o)
                              CMakeFiles/FOC_OpenLoop.elf.dir/Drivers/STM32H7xx_HAL_Driver/Src/stm32h7xx_hal_uart.c.obj (__aeabi_uldivmod)
/usr/local/arm/gcc-arm-10.3-2021.07-x86_64-arm-none-eabi/bin/../lib/gcc/arm-none-eabi/10.3.1/thumb/v7e-m+fp/hard/libgcc.a(_udivmoddi4.o)
                              /usr/local/arm/gcc-arm-10.3-2021.07-x86_64-arm-none-eabi/bin/../lib/gcc/arm-none-eabi/10.3.1/thumb/v7e-m+fp/hard/libgcc.a(_aeabi_uldivmod.o) (__udivmoddi4)
/usr/local/arm/gcc-arm-10.3-2021.07-x86_64-arm-none-eabi/bin/../lib/gcc/arm-none-eabi/10.3.1/thumb/v7e-m+fp/hard/libgcc.a(_dvmd_tls.o)
                              /usr/local/arm/gcc-arm-10.3-2021.07-x86_64-arm-none-eabi/bin/../lib/gcc/arm-none-eabi/10.3.1/thumb/v7e-m+fp/hard/libgcc.a(_aeabi_uldivmod.o) (__aeabi_ldiv0)
/usr/local/arm/gcc-arm-10.3-2021.07-x86_64-arm-none-eabi/bin/../lib/gcc/arm-none-eabi/10.3.1/../../../../arm-none-eabi/lib/thumb/v7e-m+fp/hard/libg.a(lib_a-atexit.o)
                              /usr/local/arm/gcc-arm-10.3-2021.07-x86_64-arm-none-eabi/bin/../lib/gcc/arm-none-eabi/10.3.1/../../../../arm-none-eabi/lib/thumb/v7e-m+fp/hard/crt0.o (atexit)
/usr/local/arm/gcc-arm-10.3-2021.07-x86_64-arm-none-eabi/bin/../lib/gcc/arm-none-eabi/10.3.1/../../../../arm-none-eabi/lib/thumb/v7e-m+fp/hard/libg.a(lib_a-atof.o)
                              CMakeFiles/FOC_OpenLoop.elf.dir/UserApp/retarget/retarget.c.obj (atof)
/usr/local/arm/gcc-arm-10.3-2021.07-x86_64-arm-none-eabi/bin/../lib/gcc/arm-none-eabi/10.3.1/../../../../arm-none-eabi/lib/thumb/v7e-m+fp/hard/libg.a(lib_a-errno.o)
                              CMakeFiles/FOC_OpenLoop.elf.dir/Core/Src/syscalls.c.obj (__errno)
/usr/local/arm/gcc-arm-10.3-2021.07-x86_64-arm-none-eabi/bin/../lib/gcc/arm-none-eabi/10.3.1/../../../../arm-none-eabi/lib/thumb/v7e-m+fp/hard/libg.a(lib_a-exit.o)
                              /usr/local/arm/gcc-arm-10.3-2021.07-x86_64-arm-none-eabi/bin/../lib/gcc/arm-none-eabi/10.3.1/../../../../arm-none-eabi/lib/thumb/v7e-m+fp/hard/crt0.o (exit)
/usr/local/arm/gcc-arm-10.3-2021.07-x86_64-arm-none-eabi/bin/../lib/gcc/arm-none-eabi/10.3.1/../../../../arm-none-eabi/lib/thumb/v7e-m+fp/hard/libg.a(lib_a-fini.o)
                              /usr/local/arm/gcc-arm-10.3-2021.07-x86_64-arm-none-eabi/bin/../lib/gcc/arm-none-eabi/10.3.1/../../../../arm-none-eabi/lib/thumb/v7e-m+fp/hard/crt0.o (__libc_fini_array)
/usr/local/arm/gcc-arm-10.3-2021.07-x86_64-arm-none-eabi/bin/../lib/gcc/arm-none-eabi/10.3.1/../../../../arm-none-eabi/lib/thumb/v7e-m+fp/hard/libg.a(lib_a-impure.o)
                              /usr/local/arm/gcc-arm-10.3-2021.07-x86_64-arm-none-eabi/bin/../lib/gcc/arm-none-eabi/10.3.1/../../../../arm-none-eabi/lib/thumb/v7e-m+fp/hard/libg.a(lib_a-exit.o) (_global_impure_ptr)
/usr/local/arm/gcc-arm-10.3-2021.07-x86_64-arm-none-eabi/bin/../lib/gcc/arm-none-eabi/10.3.1/../../../../arm-none-eabi/lib/thumb/v7e-m+fp/hard/libg.a(lib_a-init.o)
                              /usr/local/arm/gcc-arm-10.3-2021.07-x86_64-arm-none-eabi/bin/../lib/gcc/arm-none-eabi/10.3.1/../../../../arm-none-eabi/lib/thumb/v7e-m+fp/hard/crt0.o (__libc_init_array)
/usr/local/arm/gcc-arm-10.3-2021.07-x86_64-arm-none-eabi/bin/../lib/gcc/arm-none-eabi/10.3.1/../../../../arm-none-eabi/lib/thumb/v7e-m+fp/hard/libg.a(lib_a-malloc.o)
                              CMakeFiles/FOC_OpenLoop.elf.dir/UserApp/FOC/lowpassFilter.c.obj (malloc)
/usr/local/arm/gcc-arm-10.3-2021.07-x86_64-arm-none-eabi/bin/../lib/gcc/arm-none-eabi/10.3.1/../../../../arm-none-eabi/lib/thumb/v7e-m+fp/hard/libg.a(lib_a-mallocr.o)
                              /usr/local/arm/gcc-arm-10.3-2021.07-x86_64-arm-none-eabi/bin/../lib/gcc/arm-none-eabi/10.3.1/../../../../arm-none-eabi/lib/thumb/v7e-m+fp/hard/libg.a(lib_a-malloc.o) (_malloc_r)
[...]
Memory Configuration

Name             Origin             Length             Attributes
FLASH            0x0000000008000000 0x0000000000200000 xr
DTCMRAM          0x0000000020000000 0x0000000000020000 xrw
RAM_D1           0x0000000024000000 0x0000000000080000 xrw
RAM_D2           0x0000000030000000 0x0000000000048000 xrw
RAM_D3           0x0000000038000000 0x0000000000010000 xrw
ITCMRAM          0x0000000000000000 0x0000000000010000 xrw
*default*        0x0000000000000000 0xffffffffffffffff

Linker script and memory map

LOAD /usr/local/arm/gcc-arm-10.3-2021.07-x86_64-arm-none-eabi/bin/../lib/gcc/arm-none-eabi/10.3.1/thumb/v7e-m+fp/hard/crti.o
LOAD /usr/local/arm/gcc-arm-10.3-2021.07-x86_64-arm-none-eabi/bin/../lib/gcc/arm-none-eabi/10.3.1/thumb/v7e-m+fp/hard/crtbegin.o
LOAD /usr/local/arm/gcc-arm-10.3-2021.07-x86_64-arm-none-eabi/bin/../lib/gcc/arm-none-eabi/10.3.1/../../../../arm-none-eabi/lib/thumb/v7e-m+fp/hard/crt0.o
LOAD CMakeFiles/FOC_OpenLoop.elf.dir/Core/Src/freertos.c.obj
LOAD CMakeFiles/FOC_OpenLoop.elf.dir/Core/Src/main.c.obj
LOAD CMakeFiles/FOC_OpenLoop.elf.dir/Core/Src/stm32h7xx_hal_msp.c.obj
LOAD CMakeFiles/FOC_OpenLoop.elf.dir/Core/Src/stm32h7xx_it.c.obj
LOAD CMakeFiles/FOC_OpenLoop.elf.dir/Core/Src/syscalls.c.obj
LOAD CMakeFiles/FOC_OpenLoop.elf.dir/Core/Src/sysmem.c.obj
LOAD CMakeFiles/FOC_OpenLoop.elf.dir/Core/Src/system_stm32h7xx.c.obj
LOAD CMakeFiles/FOC_OpenLoop.elf.dir/Core/Startup/startup_stm32h743vitx.s.obj
LOAD CMakeFiles/FOC_OpenLoop.elf.dir/Drivers/STM32H7xx_HAL_Driver/Src/stm32h7xx_hal.c.obj
LOAD CMakeFiles/FOC_OpenLoop.elf.dir/Drivers/STM32H7xx_HAL_Driver/Src/stm32h7xx_hal_cortex.c.obj
LOAD CMakeFiles/FOC_OpenLoop.elf.dir/Drivers/STM32H7xx_HAL_Driver/Src/stm32h7xx_hal_dma.c.obj
LOAD CMakeFiles/FOC_OpenLoop.elf.dir/Drivers/STM32H7xx_HAL_Driver/Src/stm32h7xx_hal_dma_ex.c.obj
LOAD CMakeFiles/FOC_OpenLoop.elf.dir/Drivers/STM32H7xx_HAL_Driver/Src/stm32h7xx_hal_exti.c.obj
LOAD CMakeFiles/FOC_OpenLoop.elf.dir/Drivers/STM32H7xx_HAL_Driver/Src/stm32h7xx_hal_flash.c.obj
LOAD CMakeFiles/FOC_OpenLoop.elf.dir/Drivers/STM32H7xx_HAL_Driver/Src/stm32h7xx_hal_flash_ex.c.obj
LOAD CMakeFiles/FOC_OpenLoop.elf.dir/Drivers/STM32H7xx_HAL_Driver/Src/stm32h7xx_hal_gpio.c.obj
LOAD CMakeFiles/FOC_OpenLoop.elf.dir/Drivers/STM32H7xx_HAL_Driver/Src/stm32h7xx_hal_hsem.c.obj
LOAD CMakeFiles/FOC_OpenLoop.elf.dir/Drivers/STM32H7xx_HAL_Driver/Src/stm32h7xx_hal_i2c.c.obj
LOAD CMakeFiles/FOC_OpenLoop.elf.dir/Drivers/STM32H7xx_HAL_Driver/Src/stm32h7xx_hal_i2c_ex.c.obj
LOAD CMakeFiles/FOC_OpenLoop.elf.dir/Drivers/STM32H7xx_HAL_Driver/Src/stm32h7xx_hal_mdma.c.obj
LOAD CMakeFiles/FOC_OpenLoop.elf.dir/Drivers/STM32H7xx_HAL_Driver/Src/stm32h7xx_hal_pwr.c.obj
LOAD CMakeFiles/FOC_OpenLoop.elf.dir/Drivers/STM32H7xx_HAL_Driver/Src/stm32h7xx_hal_pwr_ex.c.obj
LOAD CMakeFiles/FOC_OpenLoop.elf.dir/Drivers/STM32H7xx_HAL_Driver/Src/stm32h7xx_hal_rcc.c.obj
LOAD CMakeFiles/FOC_OpenLoop.elf.dir/Drivers/STM32H7xx_HAL_Driver/Src/stm32h7xx_hal_rcc_ex.c.obj
LOAD CMakeFiles/FOC_OpenLoop.elf.dir/Drivers/STM32H7xx_HAL_Driver/Src/stm32h7xx_hal_spi.c.obj
LOAD CMakeFiles/FOC_OpenLoop.elf.dir/Drivers/STM32H7xx_HAL_Driver/Src/stm32h7xx_hal_spi_ex.c.obj
LOAD CMakeFiles/FOC_OpenLoop.elf.dir/Drivers/STM32H7xx_HAL_Driver/Src/stm32h7xx_hal_tim.c.obj
LOAD CMakeFiles/FOC_OpenLoop.elf.dir/Drivers/STM32H7xx_HAL_Driver/Src/stm32h7xx_hal_tim_ex.c.obj
LOAD CMakeFiles/FOC_OpenLoop.elf.dir/Drivers/STM32H7xx_HAL_Driver/Src/stm32h7xx_hal_uart.c.obj
LOAD CMakeFiles/FOC_OpenLoop.elf.dir/Drivers/STM32H7xx_HAL_Driver/Src/stm32h7xx_hal_uart_ex.c.obj
LOAD CMakeFiles/FOC_OpenLoop.elf.dir/Middlewares/Third_Party/FreeRTOS/Source/CMSIS_RTOS/cmsis_os.c.obj
LOAD CMakeFiles/FOC_OpenLoop.elf.dir/Middlewares/Third_Party/FreeRTOS/Source/croutine.c.obj
LOAD CMakeFiles/FOC_OpenLoop.elf.dir/Middlewares/Third_Party/FreeRTOS/Source/event_groups.c.obj
LOAD CMakeFiles/FOC_OpenLoop.elf.dir/Middlewares/Third_Party/FreeRTOS/Source/list.c.obj
LOAD CMakeFiles/FOC_OpenLoop.elf.dir/Middlewares/Third_Party/FreeRTOS/Source/portable/GCC/ARM_CM4F/port.c.obj
LOAD CMakeFiles/FOC_OpenLoop.elf.dir/Middlewares/Third_Party/FreeRTOS/Source/portable/MemMang/heap_4.c.obj
LOAD CMakeFiles/FOC_OpenLoop.elf.dir/Middlewares/Third_Party/FreeRTOS/Source/queue.c.obj
LOAD CMakeFiles/FOC_OpenLoop.elf.dir/Middlewares/Third_Party/FreeRTOS/Source/stream_buffer.c.obj
LOAD CMakeFiles/FOC_OpenLoop.elf.dir/Middlewares/Third_Party/FreeRTOS/Source/tasks.c.obj
LOAD CMakeFiles/FOC_OpenLoop.elf.dir/Middlewares/Third_Party/FreeRTOS/Source/timers.c.obj
LOAD CMakeFiles/FOC_OpenLoop.elf.dir/UserApp/FOC/FOC.c.obj
LOAD CMakeFiles/FOC_OpenLoop.elf.dir/UserApp/FOC/lowpassFilter.c.obj
LOAD CMakeFiles/FOC_OpenLoop.elf.dir/UserApp/FOC/pid.c.obj
LOAD CMakeFiles/FOC_OpenLoop.elf.dir/UserApp/MT6701/MT6701.c.obj
LOAD CMakeFiles/FOC_OpenLoop.elf.dir/UserApp/retarget/retarget.c.obj
START GROUP
LOAD /usr/local/arm/gcc-arm-10.3-2021.07-x86_64-arm-none-eabi/bin/../lib/gcc/arm-none-eabi/10.3.1/thumb/v7e-m+fp/hard/libgcc.a
LOAD /usr/local/arm/gcc-arm-10.3-2021.07-x86_64-arm-none-eabi/bin/../lib/gcc/arm-none-eabi/10.3.1/../../../../arm-none-eabi/lib/thumb/v7e-m+fp/hard/libg.a
LOAD /usr/local/arm/gcc-arm-10.3-2021.07-x86_64-arm-none-eabi/bin/../lib/gcc/arm-none-eabi/10.3.1/../../../../arm-none-eabi/lib/thumb/v7e-m+fp/hard/libc.a
END GROUP
LOAD /usr/local/arm/gcc-arm-10.3-2021.07-x86_64-arm-none-eabi/bin/../lib/gcc/arm-none-eabi/10.3.1/thumb/v7e-m+fp/hard/crtend.o
LOAD /usr/local/arm/gcc-arm-10.3-2021.07-x86_64-arm-none-eabi/bin/../lib/gcc/arm-none-eabi/10.3.1/thumb/v7e-m+fp/hard/crtn.o
                0x0000000024080000                _estack = (ORIGIN (RAM_D1) + LENGTH (RAM_D1))
                0x0000000000000200                _Min_Heap_Size = 0x200
                0x0000000000000400                _Min_Stack_Size = 0x400

.isr_vector     0x0000000008000000      0x298
                0x0000000008000000                . = ALIGN (0x4)
 *(.isr_vector)
 .isr_vector    0x0000000008000000      0x298 CMakeFiles/FOC_OpenLoop.elf.dir/Core/Startup/startup_stm32h743vitx.s.obj
                0x0000000008000000                g_pfnVectors
                0x0000000008000298                . = ALIGN (0x4)

.text           0x00000000080002c0     0xf35c
                0x00000000080002c0                . = ALIGN (0x4)
 *(.text)
 .text          0x00000000080002c0      0x378 /usr/local/arm/gcc-arm-10.3-2021.07-x86_64-arm-none-eabi/bin/../lib/gcc/arm-none-eabi/10.3.1/thumb/v7e-m+fp/hard/libgcc.a(_arm_addsubdf3.o)
                0x00000000080002c0                __aeabi_drsub
                0x00000000080002c8                __aeabi_dsub
                0x00000000080002c8                __subdf3
                0x00000000080002cc                __adddf3
                0x00000000080002cc                __aeabi_dadd
                0x0000000008000544                __aeabi_ui2d
                0x0000000008000544                __floatunsidf
                0x0000000008000564                __floatsidf
                0x0000000008000564                __aeabi_i2d
                0x0000000008000588                __extendsfdf2
                0x0000000008000588                __aeabi_f2d
                0x00000000080005cc                __aeabi_ul2d
                0x00000000080005cc                __floatundidf
                0x00000000080005dc                __floatdidf
                0x00000000080005dc                __aeabi_l2d
 .text          0x0000000008000638      0x424 /usr/local/arm/gcc-arm-10.3-2021.07-x86_64-arm-none-eabi/bin/../lib/gcc/arm-none-eabi/10.3.1/thumb/v7e-m+fp/hard/libgcc.a(_arm_muldivdf3.o)
                0x0000000008000638                __aeabi_dmul
                0x0000000008000638                __muldf3
                0x000000000800088c                __aeabi_ddiv
                0x000000000800088c                __divdf3
 .text          0x0000000008000a5c       0xa0 /usr/local/arm/gcc-arm-10.3-2021.07-x86_64-arm-none-eabi/bin/../lib/gcc/arm-none-eabi/10.3.1/thumb/v7e-m+fp/hard/libgcc.a(_arm_truncdfsf2.o)
                0x0000000008000a5c                __aeabi_d2f
                0x0000000008000a5c                __truncdfsf2
 .text          0x0000000008000afc       0x30 /usr/local/arm/gcc-arm-10.3-2021.07-x86_64-arm-none-eabi/bin/../lib/gcc/arm-none-eabi/10.3.1/thumb/v7e-m+fp/hard/libgcc.a(_aeabi_uldivmod.o)
                0x0000000008000afc                __aeabi_uldivmod
 .text          0x0000000008000b2c        0x4 /usr/local/arm/gcc-arm-10.3-2021.07-x86_64-arm-none-eabi/bin/../lib/gcc/arm-none-eabi/10.3.1/thumb/v7e-m+fp/hard/libgcc.a(_dvmd_tls.o)
                0x0000000008000b2c                __aeabi_ldiv0
                0x0000000008000b2c                __aeabi_idiv0
 .text          0x0000000008000b30      0x134 /usr/local/arm/gcc-arm-10.3-2021.07-x86_64-arm-none-eabi/bin/../lib/gcc/arm-none-eabi/10.3.1/../../../../arm-none-eabi/lib/thumb/v7e-m+fp/hard/libg.a(lib_a-memcpy.o)
                0x0000000008000b30                memcpy
 *fill*         0x0000000008000c64       0x1c 
 .text          0x0000000008000c80       0xdc /usr/local/arm/gcc-arm-10.3-2021.07-x86_64-arm-none-eabi/bin/../lib/gcc/arm-none-eabi/10.3.1/../../../../arm-none-eabi/lib/thumb/v7e-m+fp/hard/libg.a(lib_a-strlen.o)
                0x0000000008000c80                strlen
 *fill*         0x0000000008000d5c        0x4 
 .text          0x0000000008000d60       0xa0 /usr/local/arm/gcc-arm-10.3-2021.07-x86_64-arm-none-eabi/bin/../lib/gcc/arm-none-eabi/10.3.1/../../../../arm-none-eabi/lib/thumb/v7e-m+fp/hard/libg.a(lib_a-memchr.o)
                0x0000000008000d60                memchr
 .text          0x0000000008000e00      0x110 /usr/local/arm/gcc-arm-10.3-2021.07-x86_64-arm-none-eabi/bin/../lib/gcc/arm-none-eabi/10.3.1/thumb/v7e-m+fp/hard/libgcc.a(_arm_cmpdf2.o)
                0x0000000008000e00                __gtdf2
                0x0000000008000e00                __gedf2
                0x0000000008000e08                __ltdf2
                0x0000000008000e08                __ledf2
                0x0000000008000e10                __cmpdf2
                0x0000000008000e10                __eqdf2
                0x0000000008000e10                __nedf2
                0x0000000008000e8c                __aeabi_cdrcmple
                0x0000000008000e9c                __aeabi_cdcmple
                0x0000000008000e9c                __aeabi_cdcmpeq
                0x0000000008000eac                __aeabi_dcmpeq
                0x0000000008000ec0                __aeabi_dcmplt
                0x0000000008000ed4                __aeabi_dcmple
                0x0000000008000ee8                __aeabi_dcmpge
                0x0000000008000efc                __aeabi_dcmpgt
 .text          0x0000000008000f10       0x2c /usr/local/arm/gcc-arm-10.3-2021.07-x86_64-arm-none-eabi/bin/../lib/gcc/arm-none-eabi/10.3.1/thumb/v7e-m+fp/hard/libgcc.a(_arm_unorddf2.o)
                0x0000000008000f10                __aeabi_dcmpun
                0x0000000008000f10                __unorddf2
 .text          0x0000000008000f3c       0x50 /usr/local/arm/gcc-arm-10.3-2021.07-x86_64-arm-none-eabi/bin/../lib/gcc/arm-none-eabi/10.3.1/thumb/v7e-m+fp/hard/libgcc.a(_arm_fixdfsi.o)
                0x0000000008000f3c                __fixdfsi
                0x0000000008000f3c                __aeabi_d2iz
 *(.text*)
 .text.deregister_tm_clones
                0x0000000008000f8c       0x1c /usr/local/arm/gcc-arm-10.3-2021.07-x86_64-arm-none-eabi/bin/../lib/gcc/arm-none-eabi/10.3.1/thumb/v7e-m+fp/hard/crtbegin.o
 .text.register_tm_clones
                0x0000000008000fa8       0x24 /usr/local/arm/gcc-arm-10.3-2021.07-x86_64-arm-none-eabi/bin/../lib/gcc/arm-none-eabi/10.3.1/thumb/v7e-m+fp/hard/crtbegin.o
 .text.__do_global_dtors_aux
                0x0000000008000fcc       0x28 /usr/local/arm/gcc-arm-10.3-2021.07-x86_64-arm-none-eabi/bin/../lib/gcc/arm-none-eabi/10.3.1/thumb/v7e-m+fp/hard/crtbegin.o
 .text.frame_dummy
                0x0000000008000ff4       0x24 /usr/local/arm/gcc-arm-10.3-2021.07-x86_64-arm-none-eabi/bin/../lib/gcc/arm-none-eabi/10.3.1/thumb/v7e-m+fp/hard/crtbegin.o
 .text.vApplicationGetIdleTaskMemory
                0x0000000008001018       0x18 CMakeFiles/FOC_OpenLoop.elf.dir/Core/Src/freertos.c.obj
                0x0000000008001018                vApplicationGetIdleTaskMemory
 .text.MotorTask
                0x0000000008001030       0x28 CMakeFiles/FOC_OpenLoop.elf.dir/Core/Src/freertos.c.obj
                0x0000000008001030                MotorTask
 .text.MX_GPIO_Init
                0x0000000008001058      0x11c CMakeFiles/FOC_OpenLoop.elf.dir/Core/Src/main.c.obj
 .text.MX_DMA_Init
                0x0000000008001174       0x48 CMakeFiles/FOC_OpenLoop.elf.dir/Core/Src/main.c.obj
 .text.StartDefaultTask
                0x00000000080011bc       0x2c CMakeFiles/FOC_OpenLoop.elf.dir/Core/Src/main.c.obj
                0x00000000080011bc                StartDefaultTask
 .text.Error_Handler
                0x00000000080011e8        0x4 CMakeFiles/FOC_OpenLoop.elf.dir/Core/Src/main.c.obj
                0x00000000080011e8                Error_Handler
 .text.MX_USART1_UART_Init
                0x00000000080011ec       0x60 CMakeFiles/FOC_OpenLoop.elf.dir/Core/Src/main.c.obj
 .text.MX_SPI1_Init
                0x000000000800124c       0x5c CMakeFiles/FOC_OpenLoop.elf.dir/Core/Src/main.c.obj
 .text.MX_TIM4_Init
                0x00000000080012a8       0x7c CMakeFiles/FOC_OpenLoop.elf.dir/Core/Src/main.c.obj
 .text.MX_TIM2_Init
                0x0000000008001324       0x7c CMakeFiles/FOC_OpenLoop.elf.dir/Core/Src/main.c.obj
 .text.MX_TIM3_Init
                0x00000000080013a0       0x7c CMakeFiles/FOC_OpenLoop.elf.dir/Core/Src/main.c.obj
 .text.MX_I2C1_Init
                0x000000000800141c       0x54 CMakeFiles/FOC_OpenLoop.elf.dir/Core/Src/main.c.obj
 .text.SystemClock_Config
                0x0000000008001470       0xc0 CMakeFiles/FOC_OpenLoop.elf.dir/Core/Src/main.c.obj
                0x0000000008001470                SystemClock_Config
 .text.main     0x0000000008001530       0x5c CMakeFiles/FOC_OpenLoop.elf.dir/Core/Src/main.c.obj
                0x0000000008001530                main
 .text.HAL_MspInit
                0x000000000800158c       0x34 CMakeFiles/FOC_OpenLoop.elf.dir/Core/Src/stm32h7xx_hal_msp.c.obj
                0x000000000800158c                HAL_MspInit
 .text.HAL_I2C_MspInit
                0x00000000080015c0       0x98 CMakeFiles/FOC_OpenLoop.elf.dir/Core/Src/stm32h7xx_hal_msp.c.obj
                0x00000000080015c0                HAL_I2C_MspInit
 .text.HAL_SPI_MspInit
                0x0000000008001658       0xe4 CMakeFiles/FOC_OpenLoop.elf.dir/Core/Src/stm32h7xx_hal_msp.c.obj
                0x0000000008001658                HAL_SPI_MspInit
 .text.HAL_TIM_PWM_MspInit
                0x000000000800173c       0x90 CMakeFiles/FOC_OpenLoop.elf.dir/Core/Src/stm32h7xx_hal_msp.c.obj
                0x000000000800173c                HAL_TIM_PWM_MspInit
 .text.HAL_TIM_MspPostInit
                0x00000000080017cc       0xcc CMakeFiles/FOC_OpenLoop.elf.dir/Core/Src/stm32h7xx_hal_msp.c.obj
                0x00000000080017cc                HAL_TIM_MspPostInit
 .text.HAL_UART_MspInit
                0x0000000008001898       0xd4 CMakeFiles/FOC_OpenLoop.elf.dir/Core/Src/stm32h7xx_hal_msp.c.obj
                0x0000000008001898                HAL_UART_MspInit
 .text.NMI_Handler
                0x000000000800196c        0x2 CMakeFiles/FOC_OpenLoop.elf.dir/Core/Src/stm32h7xx_it.c.obj
                0x000000000800196c                NMI_Handler
 .text.HardFault_Handler
                0x000000000800196e        0x2 CMakeFiles/FOC_OpenLoop.elf.dir/Core/Src/stm32h7xx_it.c.obj
                0x000000000800196e                HardFault_Handler
 .text.MemManage_Handler
                0x0000000008001970        0x2 CMakeFiles/FOC_OpenLoop.elf.dir/Core/Src/stm32h7xx_it.c.obj
                0x0000000008001970                MemManage_Handler
 .text.BusFault_Handler
                0x0000000008001972        0x2 CMakeFiles/FOC_OpenLoop.elf.dir/Core/Src/stm32h7xx_it.c.obj
                0x0000000008001972                BusFault_Handler
 .text.UsageFault_Handler
                0x0000000008001974        0x2 CMakeFiles/FOC_OpenLoop.elf.dir/Core/Src/stm32h7xx_it.c.obj
                0x0000000008001974                UsageFault_Handler
 .text.DebugMon_Handler
                0x0000000008001976        0x2 CMakeFiles/FOC_OpenLoop.elf.dir/Core/Src/stm32h7xx_it.c.obj
                0x0000000008001976                DebugMon_Handler
 .text.SysTick_Handler
                0x0000000008001978       0x16 CMakeFiles/FOC_OpenLoop.elf.dir/Core/Src/stm32h7xx_it.c.obj
                0x0000000008001978                SysTick_Handler
 *fill*         0x000000000800198e        0x2 
 .text.DMA1_Stream0_IRQHandler
                0x0000000008001990       0x10 CMakeFiles/FOC_OpenLoop.elf.dir/Core/Src/stm32h7xx_it.c.obj
                0x0000000008001990                DMA1_Stream0_IRQHandler
 .text.DMA1_Stream1_IRQHandler
                0x00000000080019a0       0x10 CMakeFiles/FOC_OpenLoop.elf.dir/Core/Src/stm32h7xx_it.c.obj
                0x00000000080019a0                DMA1_Stream1_IRQHandler
 .text.TIM4_IRQHandler
                0x00000000080019b0       0x10 CMakeFiles/FOC_OpenLoop.elf.dir/Core/Src/stm32h7xx_it.c.obj
                0x00000000080019b0                TIM4_IRQHandler
 .text.SPI1_IRQHandler
                0x00000000080019c0       0x10 CMakeFiles/FOC_OpenLoop.elf.dir/Core/Src/stm32h7xx_it.c.obj
                0x00000000080019c0                SPI1_IRQHandler
 .text._getpid  0x00000000080019d0        0x4 CMakeFiles/FOC_OpenLoop.elf.dir/Core/Src/syscalls.c.obj
                0x00000000080019d0                _getpid
 .text._kill    0x00000000080019d4       0x10 CMakeFiles/FOC_OpenLoop.elf.dir/Core/Src/syscalls.c.obj
                0x00000000080019d4                _kill
 .text._exit    0x00000000080019e4        0xc CMakeFiles/FOC_OpenLoop.elf.dir/Core/Src/syscalls.c.obj
                0x00000000080019e4                _exit
 .text._read    0x00000000080019f0       0x20 CMakeFiles/FOC_OpenLoop.elf.dir/Core/Src/syscalls.c.obj
                0x00000000080019f0                _read
 .text._write   0x0000000008001a10       0x1c CMakeFiles/FOC_OpenLoop.elf.dir/Core/Src/syscalls.c.obj
                0x0000000008001a10                _write
 .text._close   0x0000000008001a2c        0x6 CMakeFiles/FOC_OpenLoop.elf.dir/Core/Src/syscalls.c.obj
                0x0000000008001a2c                _close
 .text._fstat   0x0000000008001a32        0xa CMakeFiles/FOC_OpenLoop.elf.dir/Core/Src/syscalls.c.obj
                0x0000000008001a32                _fstat
 .text._isatty  0x0000000008001a3c        0x4 CMakeFiles/FOC_OpenLoop.elf.dir/Core/Src/syscalls.c.obj
                0x0000000008001a3c                _isatty
 .text._lseek   0x0000000008001a40        0x4 CMakeFiles/FOC_OpenLoop.elf.dir/Core/Src/syscalls.c.obj
                0x0000000008001a40                _lseek
 .text._sbrk    0x0000000008001a44       0x48 CMakeFiles/FOC_OpenLoop.elf.dir/Core/Src/sysmem.c.obj
                0x0000000008001a44                _sbrk
 .text.SystemInit
                0x0000000008001a8c       0xcc CMakeFiles/FOC_OpenLoop.elf.dir/Core/Src/system_stm32h7xx.c.obj
                0x0000000008001a8c                SystemInit
 .text.Reset_Handler
                0x0000000008001b58       0x50 CMakeFiles/FOC_OpenLoop.elf.dir/Core/Startup/startup_stm32h743vitx.s.obj
                0x0000000008001b58                Reset_Handler
 .text.Default_Handler
                0x0000000008001ba8        0x2 CMakeFiles/FOC_OpenLoop.elf.dir/Core/Startup/startup_stm32h743vitx.s.obj
                0x0000000008001ba8                RTC_Alarm_IRQHandler
                0x0000000008001ba8                EXTI2_IRQHandler
                0x0000000008001ba8                TIM8_CC_IRQHandler
                0x0000000008001ba8                HRTIM1_Master_IRQHandler
                0x0000000008001ba8                UART8_IRQHandler
                0x0000000008001ba8                SPI4_IRQHandler
                0x0000000008001ba8                TIM1_CC_IRQHandler
                0x0000000008001ba8                BDMA_Channel6_IRQHandler
                0x0000000008001ba8                DMA2_Stream5_IRQHandler
                0x0000000008001ba8                HRTIM1_FLT_IRQHandler
                0x0000000008001ba8                JPEG_IRQHandler
                0x0000000008001ba8                DMA1_Stream5_IRQHandler
                0x0000000008001ba8                BDMA_Channel1_IRQHandler
                0x0000000008001ba8                HRTIM1_TIMD_IRQHandler
                0x0000000008001ba8                TAMP_STAMP_IRQHandler
                0x0000000008001ba8                EXTI3_IRQHandler
                0x0000000008001ba8                LPTIM4_IRQHandler
                0x0000000008001ba8                TIM8_TRG_COM_TIM14_IRQHandler
                0x0000000008001ba8                LPTIM2_IRQHandler
                0x0000000008001ba8                DFSDM1_FLT1_IRQHandler
                0x0000000008001ba8                DMAMUX2_OVR_IRQHandler
                0x0000000008001ba8                TIM8_UP_TIM13_IRQHandler
                0x0000000008001ba8                I2C3_ER_IRQHandler
                0x0000000008001ba8                DFSDM1_FLT2_IRQHandler
                0x0000000008001ba8                MDMA_IRQHandler
                0x0000000008001ba8                LPTIM3_IRQHandler
                0x0000000008001ba8                HSEM1_IRQHandler
                0x0000000008001ba8                EXTI0_IRQHandler
                0x0000000008001ba8                I2C2_EV_IRQHandler
                0x0000000008001ba8                DMA1_Stream2_IRQHandler
                0x0000000008001ba8                FPU_IRQHandler
                0x0000000008001ba8                OTG_HS_WKUP_IRQHandler
                0x0000000008001ba8                FDCAN1_IT1_IRQHandler
                0x0000000008001ba8                LTDC_ER_IRQHandler
                0x0000000008001ba8                DMA2_Stream2_IRQHandler
                0x0000000008001ba8                HRTIM1_TIME_IRQHandler
                0x0000000008001ba8                TIM6_DAC_IRQHandler
                0x0000000008001ba8                DCMI_IRQHandler
                0x0000000008001ba8                HRTIM1_TIMC_IRQHandler
                0x0000000008001ba8                DMA2_Stream3_IRQHandler
                0x0000000008001ba8                SAI2_IRQHandler
                0x0000000008001ba8                DFSDM1_FLT3_IRQHandler
                0x0000000008001ba8                USART6_IRQHandler
                0x0000000008001ba8                TIM17_IRQHandler
                0x0000000008001ba8                USART3_IRQHandler
                0x0000000008001ba8                BDMA_Channel7_IRQHandler
                0x0000000008001ba8                LPTIM5_IRQHandler
                0x0000000008001ba8                UART5_IRQHandler
                0x0000000008001ba8                ADC3_IRQHandler
                0x0000000008001ba8                DMA2_Stream0_IRQHandler
                0x0000000008001ba8                BDMA_Channel2_IRQHandler
                0x0000000008001ba8                QUADSPI_IRQHandler
                0x0000000008001ba8                I2C1_EV_IRQHandler
                0x0000000008001ba8                DMA1_Stream6_IRQHandler
                0x0000000008001ba8                DMAMUX1_OVR_IRQHandler
                0x0000000008001ba8                TIM16_IRQHandler
                0x0000000008001ba8                UART4_IRQHandler
                0x0000000008001ba8                BDMA_Channel5_IRQHandler
                0x0000000008001ba8                TIM3_IRQHandler
                0x0000000008001ba8                RCC_IRQHandler
                0x0000000008001ba8                TIM8_BRK_TIM12_IRQHandler
                0x0000000008001ba8                TIM1_TRG_COM_IRQHandler
                0x0000000008001ba8                Default_Handler
                0x0000000008001ba8                ECC_IRQHandler
                0x0000000008001ba8                CEC_IRQHandler
                0x0000000008001ba8                EXTI15_10_IRQHandler
                0x0000000008001ba8                BDMA_Channel0_IRQHandler
                0x0000000008001ba8                ADC_IRQHandler
                0x0000000008001ba8                DMA1_Stream7_IRQHandler
                0x0000000008001ba8                HRTIM1_TIMA_IRQHandler
                0x0000000008001ba8                SPI5_IRQHandler
                0x0000000008001ba8                TIM7_IRQHandler
                0x0000000008001ba8                SDMMC1_IRQHandler
                0x0000000008001ba8                TIM5_IRQHandler
                0x0000000008001ba8                DMA2_Stream7_IRQHandler
                0x0000000008001ba8                TIM15_IRQHandler
                0x0000000008001ba8                PVD_AVD_IRQHandler
                0x0000000008001ba8                I2C3_EV_IRQHandler
                0x0000000008001ba8                EXTI9_5_IRQHandler
                0x0000000008001ba8                RTC_WKUP_IRQHandler
                0x0000000008001ba8                LTDC_IRQHandler
                0x0000000008001ba8                SAI3_IRQHandler
                0x0000000008001ba8                ETH_WKUP_IRQHandler
                0x0000000008001ba8                SPDIF_RX_IRQHandler
                0x0000000008001ba8                SPI2_IRQHandler
                0x0000000008001ba8                OTG_HS_EP1_IN_IRQHandler
                0x0000000008001ba8                CRS_IRQHandler
                0x0000000008001ba8                EXTI4_IRQHandler
                0x0000000008001ba8                RNG_IRQHandler
                0x0000000008001ba8                HRTIM1_TIMB_IRQHandler
                0x0000000008001ba8                FDCAN2_IT1_IRQHandler
                0x0000000008001ba8                ETH_IRQHandler
                0x0000000008001ba8                TIM1_UP_IRQHandler
                0x0000000008001ba8                BDMA_Channel4_IRQHandler
                0x0000000008001ba8                OTG_HS_EP1_OUT_IRQHandler
                0x0000000008001ba8                WWDG_IRQHandler
                0x0000000008001ba8                SPI6_IRQHandler
                0x0000000008001ba8                MDIOS_IRQHandler
                0x0000000008001ba8                I2C4_EV_IRQHandler
                0x0000000008001ba8                FDCAN2_IT0_IRQHandler
                0x0000000008001ba8                LPUART1_IRQHandler
                0x0000000008001ba8                FDCAN1_IT0_IRQHandler
                0x0000000008001ba8                TIM2_IRQHandler
                0x0000000008001ba8                OTG_FS_WKUP_IRQHandler
                0x0000000008001ba8                OTG_HS_IRQHandler
                0x0000000008001ba8                DMA2D_IRQHandler
                0x0000000008001ba8                TIM1_BRK_IRQHandler
                0x0000000008001ba8                EXTI1_IRQHandler
                0x0000000008001ba8                SDMMC2_IRQHandler
                0x0000000008001ba8                OTG_FS_EP1_OUT_IRQHandler
                0x0000000008001ba8                BDMA_Channel3_IRQHandler
                0x0000000008001ba8                UART7_IRQHandler
                0x0000000008001ba8                MDIOS_WKUP_IRQHandler
                0x0000000008001ba8                USART2_IRQHandler
                0x0000000008001ba8                DFSDM1_FLT0_IRQHandler
                0x0000000008001ba8                SAI4_IRQHandler
                0x0000000008001ba8                I2C2_ER_IRQHandler
                0x0000000008001ba8                DMA2_Stream1_IRQHandler
                0x0000000008001ba8                FLASH_IRQHandler
                0x0000000008001ba8                DMA2_Stream4_IRQHandler
                0x0000000008001ba8                USART1_IRQHandler
                0x0000000008001ba8                OTG_FS_IRQHandler
                0x0000000008001ba8                SPI3_IRQHandler
                0x0000000008001ba8                WAKEUP_PIN_IRQHandler
                0x0000000008001ba8                DMA1_Stream4_IRQHandler
                0x0000000008001ba8                OTG_FS_EP1_IN_IRQHandler
                0x0000000008001ba8                I2C1_ER_IRQHandler
                0x0000000008001ba8                FMC_IRQHandler
                0x0000000008001ba8                FDCAN_CAL_IRQHandler
                0x0000000008001ba8                SWPMI1_IRQHandler
                0x0000000008001ba8                COMP1_IRQHandler
                0x0000000008001ba8                LPTIM1_IRQHandler
                0x0000000008001ba8                I2C4_ER_IRQHandler
                0x0000000008001ba8                DMA2_Stream6_IRQHandler
                0x0000000008001ba8                SAI1_IRQHandler
                0x0000000008001ba8                DMA1_Stream3_IRQHandler
 *fill*         0x0000000008001baa        0x2 
 .text.HAL_InitTick
                0x0000000008001bac       0x50 CMakeFiles/FOC_OpenLoop.elf.dir/Drivers/STM32H7xx_HAL_Driver/Src/stm32h7xx_hal.c.obj
                0x0000000008001bac                HAL_InitTick
 .text.HAL_Init
                0x0000000008001bfc       0x5c CMakeFiles/FOC_OpenLoop.elf.dir/Drivers/STM32H7xx_HAL_Driver/Src/stm32h7xx_hal.c.obj
                0x0000000008001bfc                HAL_Init
 .text.HAL_IncTick
                0x0000000008001c58       0x18 CMakeFiles/FOC_OpenLoop.elf.dir/Drivers/STM32H7xx_HAL_Driver/Src/stm32h7xx_hal.c.obj
                0x0000000008001c58                HAL_IncTick
 .text.HAL_GetTick
                0x0000000008001c70        0xc CMakeFiles/FOC_OpenLoop.elf.dir/Drivers/STM32H7xx_HAL_Driver/Src/stm32h7xx_hal.c.obj
                0x0000000008001c70                HAL_GetTick
 .text.HAL_GetREVID
                0x0000000008001c7c        0xc CMakeFiles/FOC_OpenLoop.elf.dir/Drivers/STM32H7xx_HAL_Driver/Src/stm32h7xx_hal.c.obj
                0x0000000008001c7c                HAL_GetREVID
 .text.HAL_NVIC_SetPriorityGrouping
                0x0000000008001c88       0x24 CMakeFiles/FOC_OpenLoop.elf.dir/Drivers/STM32H7xx_HAL_Driver/Src/stm32h7xx_hal_cortex.c.obj
                0x0000000008001c88                HAL_NVIC_SetPriorityGrouping
 .text.HAL_NVIC_SetPriority
                0x0000000008001cac       0x6c CMakeFiles/FOC_OpenLoop.elf.dir/Drivers/STM32H7xx_HAL_Driver/Src/stm32h7xx_hal_cortex.c.obj
                0x0000000008001cac                HAL_NVIC_SetPriority
 .text.HAL_NVIC_EnableIRQ
                0x0000000008001d18       0x1c CMakeFiles/FOC_OpenLoop.elf.dir/Drivers/STM32H7xx_HAL_Driver/Src/stm32h7xx_hal_cortex.c.obj
                0x0000000008001d18                HAL_NVIC_EnableIRQ
 .text.HAL_SYSTICK_Config
                0x0000000008001d34       0x28 CMakeFiles/FOC_OpenLoop.elf.dir/Drivers/STM32H7xx_HAL_Driver/Src/stm32h7xx_hal_cortex.c.obj
                0x0000000008001d34                HAL_SYSTICK_Config
 .text.DMA_CalcBaseAndBitshift
                0x0000000008001d5c       0xb4 CMakeFiles/FOC_OpenLoop.elf.dir/Drivers/STM32H7xx_HAL_Driver/Src/stm32h7xx_hal_dma.c.obj
 .text.DMA_CheckFifoParam
                0x0000000008001e10       0x92 CMakeFiles/FOC_OpenLoop.elf.dir/Drivers/STM32H7xx_HAL_Driver/Src/stm32h7xx_hal_dma.c.obj
 *fill*         0x0000000008001ea2        0x2 
 .text.DMA_CalcDMAMUXChannelBaseAndMask
                0x0000000008001ea4       0xb0 CMakeFiles/FOC_OpenLoop.elf.dir/Drivers/STM32H7xx_HAL_Driver/Src/stm32h7xx_hal_dma.c.obj
 .text.DMA_CalcDMAMUXRequestGenBaseAndMask
                0x0000000008001f54       0x7c CMakeFiles/FOC_OpenLoop.elf.dir/Drivers/STM32H7xx_HAL_Driver/Src/stm32h7xx_hal_dma.c.obj
 .text.HAL_DMA_Init
                0x0000000008001fd0      0x3a4 CMakeFiles/FOC_OpenLoop.elf.dir/Drivers/STM32H7xx_HAL_Driver/Src/stm32h7xx_hal_dma.c.obj
                0x0000000008001fd0                HAL_DMA_Init
 .text.HAL_DMA_Abort_IT
                0x0000000008002374      0x270 CMakeFiles/FOC_OpenLoop.elf.dir/Drivers/STM32H7xx_HAL_Driver/Src/stm32h7xx_hal_dma.c.obj
                0x0000000008002374                HAL_DMA_Abort_IT
 .text.HAL_DMA_IRQHandler
                0x00000000080025e4      0x738 CMakeFiles/FOC_OpenLoop.elf.dir/Drivers/STM32H7xx_HAL_Driver/Src/stm32h7xx_hal_dma.c.obj
                0x00000000080025e4                HAL_DMA_IRQHandler
 .text.HAL_GPIO_Init
                0x0000000008002d1c      0x220 CMakeFiles/FOC_OpenLoop.elf.dir/Drivers/STM32H7xx_HAL_Driver/Src/stm32h7xx_hal_gpio.c.obj
                0x0000000008002d1c                HAL_GPIO_Init
 .text.HAL_GPIO_WritePin
                0x0000000008002f3c        0xc CMakeFiles/FOC_OpenLoop.elf.dir/Drivers/STM32H7xx_HAL_Driver/Src/stm32h7xx_hal_gpio.c.obj
                0x0000000008002f3c                HAL_GPIO_WritePin
 .text.HAL_GPIO_TogglePin
                0x0000000008002f48       0x12 CMakeFiles/FOC_OpenLoop.elf.dir/Drivers/STM32H7xx_HAL_Driver/Src/stm32h7xx_hal_gpio.c.obj
                0x0000000008002f48                HAL_GPIO_TogglePin
 *fill*         0x0000000008002f5a        0x2 
 .text.HAL_I2C_Init
                0x0000000008002f5c       0xbc CMakeFiles/FOC_OpenLoop.elf.dir/Drivers/STM32H7xx_HAL_Driver/Src/stm32h7xx_hal_i2c.c.obj
                0x0000000008002f5c                HAL_I2C_Init
 .text.HAL_I2CEx_ConfigAnalogFilter
                0x0000000008003018       0x5c CMakeFiles/FOC_OpenLoop.elf.dir/Drivers/STM32H7xx_HAL_Driver/Src/stm32h7xx_hal_i2c_ex.c.obj
                0x0000000008003018                HAL_I2CEx_ConfigAnalogFilter
 .text.HAL_I2CEx_ConfigDigitalFilter
                0x0000000008003074       0x58 CMakeFiles/FOC_OpenLoop.elf.dir/Drivers/STM32H7xx_HAL_Driver/Src/stm32h7xx_hal_i2c_ex.c.obj
                0x0000000008003074                HAL_I2CEx_ConfigDigitalFilter
 .text.HAL_PWREx_ConfigSupply
                0x00000000080030cc       0x54 CMakeFiles/FOC_OpenLoop.elf.dir/Drivers/STM32H7xx_HAL_Driver/Src/stm32h7xx_hal_pwr_ex.c.obj
                0x00000000080030cc                HAL_PWREx_ConfigSupply
 .text.HAL_RCC_OscConfig
                0x0000000008003120      0x6b4 CMakeFiles/FOC_OpenLoop.elf.dir/Drivers/STM32H7xx_HAL_Driver/Src/stm32h7xx_hal_rcc.c.obj
                0x0000000008003120                HAL_RCC_OscConfig
 .text.HAL_RCC_GetSysClockFreq
                0x00000000080037d4      0x1f4 CMakeFiles/FOC_OpenLoop.elf.dir/Drivers/STM32H7xx_HAL_Driver/Src/stm32h7xx_hal_rcc.c.obj
                0x00000000080037d4                HAL_RCC_GetSysClockFreq
 .text.HAL_RCC_ClockConfig
                0x00000000080039c8      0x294 CMakeFiles/FOC_OpenLoop.elf.dir/Drivers/STM32H7xx_HAL_Driver/Src/stm32h7xx_hal_rcc.c.obj
                0x00000000080039c8                HAL_RCC_ClockConfig
 .text.HAL_RCC_GetHCLKFreq
                0x0000000008003c5c       0x44 CMakeFiles/FOC_OpenLoop.elf.dir/Drivers/STM32H7xx_HAL_Driver/Src/stm32h7xx_hal_rcc.c.obj
                0x0000000008003c5c                HAL_RCC_GetHCLKFreq
 .text.HAL_RCC_GetPCLK1Freq
                0x0000000008003ca0       0x24 CMakeFiles/FOC_OpenLoop.elf.dir/Drivers/STM32H7xx_HAL_Driver/Src/stm32h7xx_hal_rcc.c.obj
                0x0000000008003ca0                HAL_RCC_GetPCLK1Freq
 .text.HAL_RCC_GetPCLK2Freq
                0x0000000008003cc4       0x24 CMakeFiles/FOC_OpenLoop.elf.dir/Drivers/STM32H7xx_HAL_Driver/Src/stm32h7xx_hal_rcc.c.obj
                0x0000000008003cc4                HAL_RCC_GetPCLK2Freq
 .text.RCCEx_PLL2_Config
                0x0000000008003ce8      0x10c CMakeFiles/FOC_OpenLoop.elf.dir/Drivers/STM32H7xx_HAL_Driver/Src/stm32h7xx_hal_rcc_ex.c.obj
 .text.RCCEx_PLL3_Config
                0x0000000008003df4      0x10c CMakeFiles/FOC_OpenLoop.elf.dir/Drivers/STM32H7xx_HAL_Driver/Src/stm32h7xx_hal_rcc_ex.c.obj
 .text.HAL_RCCEx_PeriphCLKConfig
                0x0000000008003f00      0xa8c CMakeFiles/FOC_OpenLoop.elf.dir/Drivers/STM32H7xx_HAL_Driver/Src/stm32h7xx_hal_rcc_ex.c.obj
                0x0000000008003f00                HAL_RCCEx_PeriphCLKConfig
 .text.HAL_RCCEx_GetD3PCLK1Freq
                0x000000000800498c       0x24 CMakeFiles/FOC_OpenLoop.elf.dir/Drivers/STM32H7xx_HAL_Driver/Src/stm32h7xx_hal_rcc_ex.c.obj
                0x000000000800498c                HAL_RCCEx_GetD3PCLK1Freq
 .text.HAL_RCCEx_GetPLL2ClockFreq
                0x00000000080049b0      0x1f8 CMakeFiles/FOC_OpenLoop.elf.dir/Drivers/STM32H7xx_HAL_Driver/Src/stm32h7xx_hal_rcc_ex.c.obj
                0x00000000080049b0                HAL_RCCEx_GetPLL2ClockFreq
 .text.HAL_RCCEx_GetPLL3ClockFreq
                0x0000000008004ba8      0x1f8 CMakeFiles/FOC_OpenLoop.elf.dir/Drivers/STM32H7xx_HAL_Driver/Src/stm32h7xx_hal_rcc_ex.c.obj
                0x0000000008004ba8                HAL_RCCEx_GetPLL3ClockFreq
 .text.SPI_CloseTransfer
                0x0000000008004da0       0xd0 CMakeFiles/FOC_OpenLoop.elf.dir/Drivers/STM32H7xx_HAL_Driver/Src/stm32h7xx_hal_spi.c.obj
 .text.SPI_GetPacketSize
                0x0000000008004e70       0x10 CMakeFiles/FOC_OpenLoop.elf.dir/Drivers/STM32H7xx_HAL_Driver/Src/stm32h7xx_hal_spi.c.obj
 .text.HAL_SPI_Init
                0x0000000008004e80      0x190 CMakeFiles/FOC_OpenLoop.elf.dir/Drivers/STM32H7xx_HAL_Driver/Src/stm32h7xx_hal_spi.c.obj
                0x0000000008004e80                HAL_SPI_Init
 .text.HAL_SPI_TxCpltCallback
                0x0000000008005010        0x2 CMakeFiles/FOC_OpenLoop.elf.dir/Drivers/STM32H7xx_HAL_Driver/Src/stm32h7xx_hal_spi.c.obj
                0x0000000008005010                HAL_SPI_TxCpltCallback
 .text.HAL_SPI_RxCpltCallback
                0x0000000008005012        0x2 CMakeFiles/FOC_OpenLoop.elf.dir/Drivers/STM32H7xx_HAL_Driver/Src/stm32h7xx_hal_spi.c.obj
                0x0000000008005012                HAL_SPI_RxCpltCallback
 .text.HAL_SPI_TxRxCpltCallback
                0x0000000008005014        0x2 CMakeFiles/FOC_OpenLoop.elf.dir/Drivers/STM32H7xx_HAL_Driver/Src/stm32h7xx_hal_spi.c.obj
                0x0000000008005014                HAL_SPI_TxRxCpltCallback
 .text.HAL_SPI_ErrorCallback
                0x0000000008005016        0x2 CMakeFiles/FOC_OpenLoop.elf.dir/Drivers/STM32H7xx_HAL_Driver/Src/stm32h7xx_hal_spi.c.obj
                0x0000000008005016                HAL_SPI_ErrorCallback
 .text.SPI_DMAAbortOnError
                0x0000000008005018       0x1a CMakeFiles/FOC_OpenLoop.elf.dir/Drivers/STM32H7xx_HAL_Driver/Src/stm32h7xx_hal_spi.c.obj
 .text.HAL_SPI_SuspendCallback
                0x0000000008005032        0x2 CMakeFiles/FOC_OpenLoop.elf.dir/Drivers/STM32H7xx_HAL_Driver/Src/stm32h7xx_hal_spi.c.obj
                0x0000000008005032                HAL_SPI_SuspendCallback
 .text.HAL_SPI_IRQHandler
                0x0000000008005034      0x240 CMakeFiles/FOC_OpenLoop.elf.dir/Drivers/STM32H7xx_HAL_Driver/Src/stm32h7xx_hal_spi.c.obj
                0x0000000008005034                HAL_SPI_IRQHandler
 .text.TIM_OC1_SetConfig
                0x0000000008005274       0xa8 CMakeFiles/FOC_OpenLoop.elf.dir/Drivers/STM32H7xx_HAL_Driver/Src/stm32h7xx_hal_tim.c.obj
 .text.TIM_OC3_SetConfig
                0x000000000800531c       0x94 CMakeFiles/FOC_OpenLoop.elf.dir/Drivers/STM32H7xx_HAL_Driver/Src/stm32h7xx_hal_tim.c.obj
 .text.TIM_OC4_SetConfig
                0x00000000080053b0       0x74 CMakeFiles/FOC_OpenLoop.elf.dir/Drivers/STM32H7xx_HAL_Driver/Src/stm32h7xx_hal_tim.c.obj
 .text.TIM_OC5_SetConfig
                0x0000000008005424       0x74 CMakeFiles/FOC_OpenLoop.elf.dir/Drivers/STM32H7xx_HAL_Driver/Src/stm32h7xx_hal_tim.c.obj
 .text.TIM_OC6_SetConfig
                0x0000000008005498       0x74 CMakeFiles/FOC_OpenLoop.elf.dir/Drivers/STM32H7xx_HAL_Driver/Src/stm32h7xx_hal_tim.c.obj
 .text.HAL_TIM_PeriodElapsedCallback
                0x000000000800550c        0x2 CMakeFiles/FOC_OpenLoop.elf.dir/Drivers/STM32H7xx_HAL_Driver/Src/stm32h7xx_hal_tim.c.obj
                0x000000000800550c                HAL_TIM_PeriodElapsedCallback
 .text.HAL_TIM_OC_DelayElapsedCallback
                0x000000000800550e        0x2 CMakeFiles/FOC_OpenLoop.elf.dir/Drivers/STM32H7xx_HAL_Driver/Src/stm32h7xx_hal_tim.c.obj
                0x000000000800550e                HAL_TIM_OC_DelayElapsedCallback
 .text.HAL_TIM_IC_CaptureCallback
                0x0000000008005510        0x2 CMakeFiles/FOC_OpenLoop.elf.dir/Drivers/STM32H7xx_HAL_Driver/Src/stm32h7xx_hal_tim.c.obj
                0x0000000008005510                HAL_TIM_IC_CaptureCallback
 .text.HAL_TIM_PWM_PulseFinishedCallback
                0x0000000008005512        0x2 CMakeFiles/FOC_OpenLoop.elf.dir/Drivers/STM32H7xx_HAL_Driver/Src/stm32h7xx_hal_tim.c.obj
                0x0000000008005512                HAL_TIM_PWM_PulseFinishedCallback
 .text.HAL_TIM_TriggerCallback
                0x0000000008005514        0x2 CMakeFiles/FOC_OpenLoop.elf.dir/Drivers/STM32H7xx_HAL_Driver/Src/stm32h7xx_hal_tim.c.obj
                0x0000000008005514                HAL_TIM_TriggerCallback
 .text.HAL_TIM_IRQHandler
                0x0000000008005516      0x19a CMakeFiles/FOC_OpenLoop.elf.dir/Drivers/STM32H7xx_HAL_Driver/Src/stm32h7xx_hal_tim.c.obj
                0x0000000008005516                HAL_TIM_IRQHandler
 .text.TIM_Base_SetConfig
                0x00000000080056b0      0x104 CMakeFiles/FOC_OpenLoop.elf.dir/Drivers/STM32H7xx_HAL_Driver/Src/stm32h7xx_hal_tim.c.obj
                0x00000000080056b0                TIM_Base_SetConfig
 .text.HAL_TIM_PWM_Init
                0x00000000080057b4       0x60 CMakeFiles/FOC_OpenLoop.elf.dir/Drivers/STM32H7xx_HAL_Driver/Src/stm32h7xx_hal_tim.c.obj
                0x00000000080057b4                HAL_TIM_PWM_Init
 .text.TIM_OC2_SetConfig
                0x0000000008005814       0x94 CMakeFiles/FOC_OpenLoop.elf.dir/Drivers/STM32H7xx_HAL_Driver/Src/stm32h7xx_hal_tim.c.obj
                0x0000000008005814                TIM_OC2_SetConfig
 .text.HAL_TIM_PWM_ConfigChannel
                0x00000000080058a8      0x13a CMakeFiles/FOC_OpenLoop.elf.dir/Drivers/STM32H7xx_HAL_Driver/Src/stm32h7xx_hal_tim.c.obj
                0x00000000080058a8                HAL_TIM_PWM_ConfigChannel
 .text.TIM_CCxChannelCmd
                0x00000000080059e2       0x1e CMakeFiles/FOC_OpenLoop.elf.dir/Drivers/STM32H7xx_HAL_Driver/Src/stm32h7xx_hal_tim.c.obj
                0x00000000080059e2                TIM_CCxChannelCmd
 .text.HAL_TIM_PWM_Start
                0x0000000008005a00      0x168 CMakeFiles/FOC_OpenLoop.elf.dir/Drivers/STM32H7xx_HAL_Driver/Src/stm32h7xx_hal_tim.c.obj
                0x0000000008005a00                HAL_TIM_PWM_Start
 .text.HAL_TIMEx_MasterConfigSynchronization
                0x0000000008005b68       0xa0 CMakeFiles/FOC_OpenLoop.elf.dir/Drivers/STM32H7xx_HAL_Driver/Src/stm32h7xx_hal_tim_ex.c.obj
                0x0000000008005b68                HAL_TIMEx_MasterConfigSynchronization
 .text.HAL_TIMEx_CommutCallback
                0x0000000008005c08        0x2 CMakeFiles/FOC_OpenLoop.elf.dir/Drivers/STM32H7xx_HAL_Driver/Src/stm32h7xx_hal_tim_ex.c.obj
                0x0000000008005c08                HAL_TIMEx_CommutCallback
 .text.HAL_TIMEx_BreakCallback
                0x0000000008005c0a        0x2 CMakeFiles/FOC_OpenLoop.elf.dir/Drivers/STM32H7xx_HAL_Driver/Src/stm32h7xx_hal_tim_ex.c.obj
                0x0000000008005c0a                HAL_TIMEx_BreakCallback
 .text.HAL_TIMEx_Break2Callback
                0x0000000008005c0c        0x2 CMakeFiles/FOC_OpenLoop.elf.dir/Drivers/STM32H7xx_HAL_Driver/Src/stm32h7xx_hal_tim_ex.c.obj
                0x0000000008005c0c                HAL_TIMEx_Break2Callback
 *fill*         0x0000000008005c0e        0x2 
 .text.UART_EndRxTransfer
                0x0000000008005c10       0x58 CMakeFiles/FOC_OpenLoop.elf.dir/Drivers/STM32H7xx_HAL_Driver/Src/stm32h7xx_hal_uart.c.obj
 .text.UART_SetConfig
                0x0000000008005c68      0x5f4 CMakeFiles/FOC_OpenLoop.elf.dir/Drivers/STM32H7xx_HAL_Driver/Src/stm32h7xx_hal_uart.c.obj
                0x0000000008005c68                UART_SetConfig
 .text.UART_AdvFeatureConfig
                0x000000000800625c       0xca CMakeFiles/FOC_OpenLoop.elf.dir/Drivers/STM32H7xx_HAL_Driver/Src/stm32h7xx_hal_uart.c.obj
                0x000000000800625c                UART_AdvFeatureConfig
 .text.UART_WaitOnFlagUntilTimeout
                0x0000000008006326       0x9a CMakeFiles/FOC_OpenLoop.elf.dir/Drivers/STM32H7xx_HAL_Driver/Src/stm32h7xx_hal_uart.c.obj
                0x0000000008006326                UART_WaitOnFlagUntilTimeout
 .text.HAL_UART_Transmit
                0x00000000080063c0       0xd0 CMakeFiles/FOC_OpenLoop.elf.dir/Drivers/STM32H7xx_HAL_Driver/Src/stm32h7xx_hal_uart.c.obj
                0x00000000080063c0                HAL_UART_Transmit
 .text.UART_CheckIdleState
                0x0000000008006490       0xca CMakeFiles/FOC_OpenLoop.elf.dir/Drivers/STM32H7xx_HAL_Driver/Src/stm32h7xx_hal_uart.c.obj
                0x0000000008006490                UART_CheckIdleState
 .text.HAL_UART_Init
                0x000000000800655a       0x66 CMakeFiles/FOC_OpenLoop.elf.dir/Drivers/STM32H7xx_HAL_Driver/Src/stm32h7xx_hal_uart.c.obj
                0x000000000800655a                HAL_UART_Init
 .text.UARTEx_SetNbDataToProcess
                0x00000000080065c0       0x4c CMakeFiles/FOC_OpenLoop.elf.dir/Drivers/STM32H7xx_HAL_Driver/Src/stm32h7xx_hal_uart_ex.c.obj
 .text.HAL_UARTEx_DisableFifoMode
                0x000000000800660c       0x3e CMakeFiles/FOC_OpenLoop.elf.dir/Drivers/STM32H7xx_HAL_Driver/Src/stm32h7xx_hal_uart_ex.c.obj
                0x000000000800660c                HAL_UARTEx_DisableFifoMode
 .text.HAL_UARTEx_SetTxFifoThreshold
                0x000000000800664a       0x4a CMakeFiles/FOC_OpenLoop.elf.dir/Drivers/STM32H7xx_HAL_Driver/Src/stm32h7xx_hal_uart_ex.c.obj
                0x000000000800664a                HAL_UARTEx_SetTxFifoThreshold
 .text.HAL_UARTEx_SetRxFifoThreshold
                0x0000000008006694       0x4a CMakeFiles/FOC_OpenLoop.elf.dir/Drivers/STM32H7xx_HAL_Driver/Src/stm32h7xx_hal_uart_ex.c.obj
                0x0000000008006694                HAL_UARTEx_SetRxFifoThreshold
 .text.makeFreeRtosPriority
                0x00000000080066de        0xc CMakeFiles/FOC_OpenLoop.elf.dir/Middlewares/Third_Party/FreeRTOS/Source/CMSIS_RTOS/cmsis_os.c.obj
 .text.inHandlerMode
                0x00000000080066ea        0xc CMakeFiles/FOC_OpenLoop.elf.dir/Middlewares/Third_Party/FreeRTOS/Source/CMSIS_RTOS/cmsis_os.c.obj
 .text.osKernelStart
                0x00000000080066f6        0xa CMakeFiles/FOC_OpenLoop.elf.dir/Middlewares/Third_Party/FreeRTOS/Source/CMSIS_RTOS/cmsis_os.c.obj
                0x00000000080066f6                osKernelStart
 .text.osKernelSysTick
                0x0000000008006700       0x14 CMakeFiles/FOC_OpenLoop.elf.dir/Middlewares/Third_Party/FreeRTOS/Source/CMSIS_RTOS/cmsis_os.c.obj
                0x0000000008006700                osKernelSysTick
 .text.osThreadCreate
                0x0000000008006714       0x6a CMakeFiles/FOC_OpenLoop.elf.dir/Middlewares/Third_Party/FreeRTOS/Source/CMSIS_RTOS/cmsis_os.c.obj
                0x0000000008006714                osThreadCreate
 .text.osDelay  0x000000000800677e        0xe CMakeFiles/FOC_OpenLoop.elf.dir/Middlewares/Third_Party/FreeRTOS/Source/CMSIS_RTOS/cmsis_os.c.obj
                0x000000000800677e                osDelay
 .text.vListInitialise
                0x000000000800678c       0x16 CMakeFiles/FOC_OpenLoop.elf.dir/Middlewares/Third_Party/FreeRTOS/Source/list.c.obj
                0x000000000800678c                vListInitialise
 .text.vListInitialiseItem
                0x00000000080067a2        0x6 CMakeFiles/FOC_OpenLoop.elf.dir/Middlewares/Third_Party/FreeRTOS/Source/list.c.obj
                0x00000000080067a2                vListInitialiseItem
 .text.vListInsertEnd
                0x00000000080067a8       0x16 CMakeFiles/FOC_OpenLoop.elf.dir/Middlewares/Third_Party/FreeRTOS/Source/list.c.obj
                0x00000000080067a8                vListInsertEnd
 .text.vListInsert
                0x00000000080067be       0x32 CMakeFiles/FOC_OpenLoop.elf.dir/Middlewares/Third_Party/FreeRTOS/Source/list.c.obj
                0x00000000080067be                vListInsert
 .text.uxListRemove
                0x00000000080067f0       0x26 CMakeFiles/FOC_OpenLoop.elf.dir/Middlewares/Third_Party/FreeRTOS/Source/list.c.obj
                0x00000000080067f0                uxListRemove
 *fill*         0x0000000008006816        0x2 
 .text.prvTaskExitError
                0x0000000008006818       0x40 CMakeFiles/FOC_OpenLoop.elf.dir/Middlewares/Third_Party/FreeRTOS/Source/portable/GCC/ARM_CM4F/port.c.obj
 .text.prvPortStartFirstTask
                0x0000000008006858       0x28 CMakeFiles/FOC_OpenLoop.elf.dir/Middlewares/Third_Party/FreeRTOS/Source/portable/GCC/ARM_CM4F/port.c.obj
 .text.vPortEnableVFP
                0x0000000008006880       0x14 CMakeFiles/FOC_OpenLoop.elf.dir/Middlewares/Third_Party/FreeRTOS/Source/portable/GCC/ARM_CM4F/port.c.obj
 .text.pxPortInitialiseStack
                0x0000000008006894       0x2c CMakeFiles/FOC_OpenLoop.elf.dir/Middlewares/Third_Party/FreeRTOS/Source/portable/GCC/ARM_CM4F/port.c.obj
                0x0000000008006894                pxPortInitialiseStack
 .text.SVC_Handler
                0x00000000080068c0       0x24 CMakeFiles/FOC_OpenLoop.elf.dir/Middlewares/Third_Party/FreeRTOS/Source/portable/GCC/ARM_CM4F/port.c.obj
                0x00000000080068c0                SVC_Handler
 .text.vPortEnterCritical
                0x00000000080068e4       0x44 CMakeFiles/FOC_OpenLoop.elf.dir/Middlewares/Third_Party/FreeRTOS/Source/portable/GCC/ARM_CM4F/port.c.obj
                0x00000000080068e4                vPortEnterCritical
 .text.vPortExitCritical
                0x0000000008006928       0x2c CMakeFiles/FOC_OpenLoop.elf.dir/Middlewares/Third_Party/FreeRTOS/Source/portable/GCC/ARM_CM4F/port.c.obj
                0x0000000008006928                vPortExitCritical
 *fill*         0x0000000008006954        0xc 
 .text.PendSV_Handler
                0x0000000008006960       0x64 CMakeFiles/FOC_OpenLoop.elf.dir/Middlewares/Third_Party/FreeRTOS/Source/portable/GCC/ARM_CM4F/port.c.obj
                0x0000000008006960                PendSV_Handler
 .text.xPortSysTickHandler
                0x00000000080069c4       0x2c CMakeFiles/FOC_OpenLoop.elf.dir/Middlewares/Third_Party/FreeRTOS/Source/portable/GCC/ARM_CM4F/port.c.obj
                0x00000000080069c4                xPortSysTickHandler
 .text.vPortSetupTimerInterrupt
                0x00000000080069f0       0x28 CMakeFiles/FOC_OpenLoop.elf.dir/Middlewares/Third_Party/FreeRTOS/Source/portable/GCC/ARM_CM4F/port.c.obj
                0x00000000080069f0                vPortSetupTimerInterrupt
 .text.xPortStartScheduler
                0x0000000008006a18      0x118 CMakeFiles/FOC_OpenLoop.elf.dir/Middlewares/Third_Party/FreeRTOS/Source/portable/GCC/ARM_CM4F/port.c.obj
                0x0000000008006a18                xPortStartScheduler
 .text.vPortValidateInterruptPriority
                0x0000000008006b30       0x5c CMakeFiles/FOC_OpenLoop.elf.dir/Middlewares/Third_Party/FreeRTOS/Source/portable/GCC/ARM_CM4F/port.c.obj
                0x0000000008006b30                vPortValidateInterruptPriority
 .text.prvHeapInit
                0x0000000008006b8c       0x64 CMakeFiles/FOC_OpenLoop.elf.dir/Middlewares/Third_Party/FreeRTOS/Source/portable/MemMang/heap_4.c.obj
 .text.prvInsertBlockIntoFreeList
                0x0000000008006bf0       0x64 CMakeFiles/FOC_OpenLoop.elf.dir/Middlewares/Third_Party/FreeRTOS/Source/portable/MemMang/heap_4.c.obj
 .text.pvPortMalloc
                0x0000000008006c54       0xfc CMakeFiles/FOC_OpenLoop.elf.dir/Middlewares/Third_Party/FreeRTOS/Source/portable/MemMang/heap_4.c.obj
                0x0000000008006c54                pvPortMalloc
 .text.vPortFree
                0x0000000008006d50       0x7c CMakeFiles/FOC_OpenLoop.elf.dir/Middlewares/Third_Party/FreeRTOS/Source/portable/MemMang/heap_4.c.obj
                0x0000000008006d50                vPortFree
 .text.prvResetNextTaskUnblockTime
                0x0000000008006dcc       0x2c CMakeFiles/FOC_OpenLoop.elf.dir/Middlewares/Third_Party/FreeRTOS/Source/tasks.c.obj
 .text.prvInitialiseNewTask
                0x0000000008006df8       0xa2 CMakeFiles/FOC_OpenLoop.elf.dir/Middlewares/Third_Party/FreeRTOS/Source/tasks.c.obj
 *fill*         0x0000000008006e9a        0x2 
 .text.prvInitialiseTaskLists
                0x0000000008006e9c       0x68 CMakeFiles/FOC_OpenLoop.elf.dir/Middlewares/Third_Party/FreeRTOS/Source/tasks.c.obj
 .text.prvAddNewTaskToReadyList
                0x0000000008006f04       0xa8 CMakeFiles/FOC_OpenLoop.elf.dir/Middlewares/Third_Party/FreeRTOS/Source/tasks.c.obj
 .text.prvDeleteTCB
                0x0000000008006fac       0x38 CMakeFiles/FOC_OpenLoop.elf.dir/Middlewares/Third_Party/FreeRTOS/Source/tasks.c.obj
 .text.prvCheckTasksWaitingTermination
                0x0000000008006fe4       0x4c CMakeFiles/FOC_OpenLoop.elf.dir/Middlewares/Third_Party/FreeRTOS/Source/tasks.c.obj
 .text.prvIdleTask
                0x0000000008007030       0x28 CMakeFiles/FOC_OpenLoop.elf.dir/Middlewares/Third_Party/FreeRTOS/Source/tasks.c.obj
 .text.prvAddCurrentTaskToDelayedList
                0x0000000008007058       0xa0 CMakeFiles/FOC_OpenLoop.elf.dir/Middlewares/Third_Party/FreeRTOS/Source/tasks.c.obj
 .text.xTaskCreateStatic
                0x00000000080070f8       0x76 CMakeFiles/FOC_OpenLoop.elf.dir/Middlewares/Third_Party/FreeRTOS/Source/tasks.c.obj
                0x00000000080070f8                xTaskCreateStatic
 .text.xTaskCreate
                0x000000000800716e       0x68 CMakeFiles/FOC_OpenLoop.elf.dir/Middlewares/Third_Party/FreeRTOS/Source/tasks.c.obj
                0x000000000800716e                xTaskCreate
 *fill*         0x00000000080071d6        0x2 
 .text.vTaskStartScheduler
                0x00000000080071d8       0x74 CMakeFiles/FOC_OpenLoop.elf.dir/Middlewares/Third_Party/FreeRTOS/Source/tasks.c.obj
                0x00000000080071d8                vTaskStartScheduler
 .text.vTaskSuspendAll
                0x000000000800724c       0x10 CMakeFiles/FOC_OpenLoop.elf.dir/Middlewares/Third_Party/FreeRTOS/Source/tasks.c.obj
                0x000000000800724c                vTaskSuspendAll
 .text.xTaskGetTickCount
                0x000000000800725c        0xc CMakeFiles/FOC_OpenLoop.elf.dir/Middlewares/Third_Party/FreeRTOS/Source/tasks.c.obj
                0x000000000800725c                xTaskGetTickCount
 .text.xTaskGetTickCountFromISR
                0x0000000008007268       0x10 CMakeFiles/FOC_OpenLoop.elf.dir/Middlewares/Third_Party/FreeRTOS/Source/tasks.c.obj
                0x0000000008007268                xTaskGetTickCountFromISR
 .text.xTaskIncrementTick
                0x0000000008007278      0x118 CMakeFiles/FOC_OpenLoop.elf.dir/Middlewares/Third_Party/FreeRTOS/Source/tasks.c.obj
                0x0000000008007278                xTaskIncrementTick
 .text.xTaskResumeAll
                0x0000000008007390       0xf8 CMakeFiles/FOC_OpenLoop.elf.dir/Middlewares/Third_Party/FreeRTOS/Source/tasks.c.obj
                0x0000000008007390                xTaskResumeAll
 .text.vTaskDelay
                0x0000000008007488       0x4c CMakeFiles/FOC_OpenLoop.elf.dir/Middlewares/Third_Party/FreeRTOS/Source/tasks.c.obj
                0x0000000008007488                vTaskDelay
 .text.vTaskSwitchContext
                0x00000000080074d4       0x98 CMakeFiles/FOC_OpenLoop.elf.dir/Middlewares/Third_Party/FreeRTOS/Source/tasks.c.obj
                0x00000000080074d4                vTaskSwitchContext
 .text.xTaskGetSchedulerState
                0x000000000800756c       0x20 CMakeFiles/FOC_OpenLoop.elf.dir/Middlewares/Third_Party/FreeRTOS/Source/tasks.c.obj
                0x000000000800756c                xTaskGetSchedulerState
 .text.FOC_Vbus
                0x000000000800758c       0xc8 CMakeFiles/FOC_OpenLoop.elf.dir/UserApp/FOC/FOC.c.obj
                0x000000000800758c                FOC_Vbus
 .text._electricalAngle
                0x0000000008007654        0xe CMakeFiles/FOC_OpenLoop.elf.dir/UserApp/FOC/FOC.c.obj
                0x0000000008007654                _electricalAngle
 *fill*         0x0000000008007662        0x6 
 .text._normalizeAngle
                0x0000000008007668       0x50 CMakeFiles/FOC_OpenLoop.elf.dir/UserApp/FOC/FOC.c.obj
                0x0000000008007668                _normalizeAngle
 .text.setPWM   0x00000000080076b8      0x110 CMakeFiles/FOC_OpenLoop.elf.dir/UserApp/FOC/FOC.c.obj
                0x00000000080076b8                setPWM
 .text.setPhaseVoltage
                0x00000000080077c8      0x124 CMakeFiles/FOC_OpenLoop.elf.dir/UserApp/FOC/FOC.c.obj
                0x00000000080077c8                setPhaseVoltage
 .text.velocityOpenLoop
                0x00000000080078ec       0x84 CMakeFiles/FOC_OpenLoop.elf.dir/UserApp/FOC/FOC.c.obj
                0x00000000080078ec                velocityOpenLoop
 .text.LowPassFilter_create
                0x0000000008007970       0x20 CMakeFiles/FOC_OpenLoop.elf.dir/UserApp/FOC/lowpassFilter.c.obj
                0x0000000008007970                LowPassFilter_create
 .text.PIDController_create
                0x0000000008007990       0x44 CMakeFiles/FOC_OpenLoop.elf.dir/UserApp/FOC/pid.c.obj
                0x0000000008007990                PIDController_create
 .text.uart_printf
                0x00000000080079d4       0x48 CMakeFiles/FOC_OpenLoop.elf.dir/UserApp/retarget/retarget.c.obj
                0x00000000080079d4                uart_printf
 .text.__udivmoddi4
                0x0000000008007a1c      0x2d0 /usr/local/arm/gcc-arm-10.3-2021.07-x86_64-arm-none-eabi/bin/../lib/gcc/arm-none-eabi/10.3.1/thumb/v7e-m+fp/hard/libgcc.a(_udivmoddi4.o)
                0x0000000008007a1c                __udivmoddi4
 .text.__errno  0x0000000008007cec        0xc /usr/local/arm/gcc-arm-10.3-2021.07-x86_64-arm-none-eabi/bin/../lib/gcc/arm-none-eabi/10.3.1/../../../../arm-none-eabi/lib/thumb/v7e-m+fp/hard/libg.a(lib_a-errno.o)
                0x0000000008007cec                __errno
 .text.__libc_init_array
                0x0000000008007cf8       0x48 /usr/local/arm/gcc-arm-10.3-2021.07-x86_64-arm-none-eabi/bin/../lib/gcc/arm-none-eabi/10.3.1/../../../../arm-none-eabi/lib/thumb/v7e-m+fp/hard/libg.a(lib_a-init.o)
                0x0000000008007cf8                __libc_init_array
 .text.malloc   0x0000000008007d40       0x10 /usr/local/arm/gcc-arm-10.3-2021.07-x86_64-arm-none-eabi/bin/../lib/gcc/arm-none-eabi/10.3.1/../../../../arm-none-eabi/lib/thumb/v7e-m+fp/hard/libg.a(lib_a-malloc.o)
                0x0000000008007d40                malloc
 .text._malloc_r
                0x0000000008007d50      0x560 /usr/local/arm/gcc-arm-10.3-2021.07-x86_64-arm-none-eabi/bin/../lib/gcc/arm-none-eabi/10.3.1/../../../../arm-none-eabi/lib/thumb/v7e-m+fp/hard/libg.a(lib_a-mallocr.o)
                0x0000000008007d50                _malloc_r
 .text.memset   0x00000000080082b0       0xa4 /usr/local/arm/gcc-arm-10.3-2021.07-x86_64-arm-none-eabi/bin/../lib/gcc/arm-none-eabi/10.3.1/../../../../arm-none-eabi/lib/thumb/v7e-m+fp/hard/libg.a(lib_a-memset.o)
                0x00000000080082b0                memset
 .text.__malloc_lock
                0x0000000008008354        0x4 /usr/local/arm/gcc-arm-10.3-2021.07-x86_64-arm-none-eabi/bin/../lib/gcc/arm-none-eabi/10.3.1/../../../../arm-none-eabi/lib/thumb/v7e-m+fp/hard/libg.a(lib_a-mlock.o)
                0x0000000008008354                __malloc_lock
 .text.__malloc_unlock
                0x0000000008008358        0x4 /usr/local/arm/gcc-arm-10.3-2021.07-x86_64-arm-none-eabi/bin/../lib/gcc/arm-none-eabi/10.3.1/../../../../arm-none-eabi/lib/thumb/v7e-m+fp/hard/libg.a(lib_a-mlock.o)
                0x0000000008008358                __malloc_unlock
 .text._sbrk_r  0x000000000800835c       0x24 /usr/local/arm/gcc-arm-10.3-2021.07-x86_64-arm-none-eabi/bin/../lib/gcc/arm-none-eabi/10.3.1/../../../../arm-none-eabi/lib/thumb/v7e-m+fp/hard/libg.a(lib_a-sbrkr.o)
                0x000000000800835c                _sbrk_r
 .text.strncpy  0x0000000008008380       0x64 /usr/local/arm/gcc-arm-10.3-2021.07-x86_64-arm-none-eabi/bin/../lib/gcc/arm-none-eabi/10.3.1/../../../../arm-none-eabi/lib/thumb/v7e-m+fp/hard/libg.a(lib_a-strncpy.o)
                0x0000000008008380                strncpy
 .text.vsnprintf
                0x00000000080083e4       0x70 /usr/local/arm/gcc-arm-10.3-2021.07-x86_64-arm-none-eabi/bin/../lib/gcc/arm-none-eabi/10.3.1/../../../../arm-none-eabi/lib/thumb/v7e-m+fp/hard/libg.a(lib_a-vsnprintf.o)
                0x00000000080083e4                vsnprintf
 .text._malloc_trim_r
                0x0000000008008454       0xa0 /usr/local/arm/gcc-arm-10.3-2021.07-x86_64-arm-none-eabi/bin/../lib/gcc/arm-none-eabi/10.3.1/../../../../arm-none-eabi/lib/thumb/v7e-m+fp/hard/libg.a(lib_a-freer.o)
                0x0000000008008454                _malloc_trim_r
 .text._free_r  0x00000000080084f4      0x20c /usr/local/arm/gcc-arm-10.3-2021.07-x86_64-arm-none-eabi/bin/../lib/gcc/arm-none-eabi/10.3.1/../../../../arm-none-eabi/lib/thumb/v7e-m+fp/hard/libg.a(lib_a-freer.o)
                0x00000000080084f4                _free_r
 .text.__locale_mb_cur_max
                0x0000000008008700        0xc /usr/local/arm/gcc-arm-10.3-2021.07-x86_64-arm-none-eabi/bin/../lib/gcc/arm-none-eabi/10.3.1/../../../../arm-none-eabi/lib/thumb/v7e-m+fp/hard/libg.a(lib_a-locale.o)
                0x0000000008008700                __locale_mb_cur_max
 .text.__ascii_mbtowc
                0x000000000800870c       0x2c /usr/local/arm/gcc-arm-10.3-2021.07-x86_64-arm-none-eabi/bin/../lib/gcc/arm-none-eabi/10.3.1/../../../../arm-none-eabi/lib/thumb/v7e-m+fp/hard/libg.a(lib_a-mbtowc_r.o)
                0x000000000800870c                __ascii_mbtowc
 .text._Balloc  0x0000000008008738       0x4c /usr/local/arm/gcc-arm-10.3-2021.07-x86_64-arm-none-eabi/bin/../lib/gcc/arm-none-eabi/10.3.1/../../../../arm-none-eabi/lib/thumb/v7e-m+fp/hard/libg.a(lib_a-mprec.o)
                0x0000000008008738                _Balloc
 .text._Bfree   0x0000000008008784       0x14 /usr/local/arm/gcc-arm-10.3-2021.07-x86_64-arm-none-eabi/bin/../lib/gcc/arm-none-eabi/10.3.1/../../../../arm-none-eabi/lib/thumb/v7e-m+fp/hard/libg.a(lib_a-mprec.o)
                0x0000000008008784                _Bfree
 .text.__multadd
                0x0000000008008798       0xa8 /usr/local/arm/gcc-arm-10.3-2021.07-x86_64-arm-none-eabi/bin/../lib/gcc/arm-none-eabi/10.3.1/../../../../arm-none-eabi/lib/thumb/v7e-m+fp/hard/libg.a(lib_a-mprec.o)
                0x0000000008008798                __multadd
 .text.__hi0bits
                0x0000000008008840       0x40 /usr/local/arm/gcc-arm-10.3-2021.07-x86_64-arm-none-eabi/bin/../lib/gcc/arm-none-eabi/10.3.1/../../../../arm-none-eabi/lib/thumb/v7e-m+fp/hard/libg.a(lib_a-mprec.o)
                0x0000000008008840                __hi0bits
 .text.__lo0bits
                0x0000000008008880       0x60 /usr/local/arm/gcc-arm-10.3-2021.07-x86_64-arm-none-eabi/bin/../lib/gcc/arm-none-eabi/10.3.1/../../../../arm-none-eabi/lib/thumb/v7e-m+fp/hard/libg.a(lib_a-mprec.o)
                0x0000000008008880                __lo0bits
 .text.__i2b    0x00000000080088e0       0x5c /usr/local/arm/gcc-arm-10.3-2021.07-x86_64-arm-none-eabi/bin/../lib/gcc/arm-none-eabi/10.3.1/../../../../arm-none-eabi/lib/thumb/v7e-m+fp/hard/libg.a(lib_a-mprec.o)
                0x00000000080088e0                __i2b
 .text.__multiply
                0x000000000800893c      0x15c /usr/local/arm/gcc-arm-10.3-2021.07-x86_64-arm-none-eabi/bin/../lib/gcc/arm-none-eabi/10.3.1/../../../../arm-none-eabi/lib/thumb/v7e-m+fp/hard/libg.a(lib_a-mprec.o)
                0x000000000800893c                __multiply
 .text.__pow5mult
                0x0000000008008a98       0xc0 /usr/local/arm/gcc-arm-10.3-2021.07-x86_64-arm-none-eabi/bin/../lib/gcc/arm-none-eabi/10.3.1/../../../../arm-none-eabi/lib/thumb/v7e-m+fp/hard/libg.a(lib_a-mprec.o)
                0x0000000008008a98                __pow5mult
 .text.__lshift
                0x0000000008008b58       0xf0 /usr/local/arm/gcc-arm-10.3-2021.07-x86_64-arm-none-eabi/bin/../lib/gcc/arm-none-eabi/10.3.1/../../../../arm-none-eabi/lib/thumb/v7e-m+fp/hard/libg.a(lib_a-mprec.o)
                0x0000000008008b58                __lshift
 .text.__mcmp   0x0000000008008c48       0x44 /usr/local/arm/gcc-arm-10.3-2021.07-x86_64-arm-none-eabi/bin/../lib/gcc/arm-none-eabi/10.3.1/../../../../arm-none-eabi/lib/thumb/v7e-m+fp/hard/libg.a(lib_a-mprec.o)
                0x0000000008008c48                __mcmp
 .text.__mdiff  0x0000000008008c8c      0x14c /usr/local/arm/gcc-arm-10.3-2021.07-x86_64-arm-none-eabi/bin/../lib/gcc/arm-none-eabi/10.3.1/../../../../arm-none-eabi/lib/thumb/v7e-m+fp/hard/libg.a(lib_a-mprec.o)
                0x0000000008008c8c                __mdiff
 .text.__d2b    0x0000000008008dd8       0xd0 /usr/local/arm/gcc-arm-10.3-2021.07-x86_64-arm-none-eabi/bin/../lib/gcc/arm-none-eabi/10.3.1/../../../../arm-none-eabi/lib/thumb/v7e-m+fp/hard/libg.a(lib_a-mprec.o)
                0x0000000008008dd8                __d2b
 .text._svfprintf_r
                0x0000000008008ea8     0x1be8 /usr/local/arm/gcc-arm-10.3-2021.07-x86_64-arm-none-eabi/bin/../lib/gcc/arm-none-eabi/10.3.1/../../../../arm-none-eabi/lib/thumb/v7e-m+fp/hard/libg.a(lib_a-svfprintf.o)
                0x0000000008008ea8                _svfprintf_r
 .text._wcrtomb_r
                0x000000000800aa90       0x4c /usr/local/arm/gcc-arm-10.3-2021.07-x86_64-arm-none-eabi/bin/../lib/gcc/arm-none-eabi/10.3.1/../../../../arm-none-eabi/lib/thumb/v7e-m+fp/hard/libg.a(lib_a-wcrtomb.o)
                0x000000000800aa90                _wcrtomb_r
 .text._wcsrtombs_r
                0x000000000800aadc       0x18 /usr/local/arm/gcc-arm-10.3-2021.07-x86_64-arm-none-eabi/bin/../lib/gcc/arm-none-eabi/10.3.1/../../../../arm-none-eabi/lib/thumb/v7e-m+fp/hard/libg.a(lib_a-wcsrtombs.o)
                0x000000000800aadc                _wcsrtombs_r
 .text.__ascii_wctomb
                0x000000000800aaf4       0x1c /usr/local/arm/gcc-arm-10.3-2021.07-x86_64-arm-none-eabi/bin/../lib/gcc/arm-none-eabi/10.3.1/../../../../arm-none-eabi/lib/thumb/v7e-m+fp/hard/libg.a(lib_a-wctomb_r.o)
                0x000000000800aaf4                __ascii_wctomb
 .text.__assert_func
                0x000000000800ab10       0x40 /usr/local/arm/gcc-arm-10.3-2021.07-x86_64-arm-none-eabi/bin/../lib/gcc/arm-none-eabi/10.3.1/../../../../arm-none-eabi/lib/thumb/v7e-m+fp/hard/libg.a(lib_a-assert.o)
                0x000000000800ab10                __assert_func
 .text._calloc_r
                0x000000000800ab50       0x78 /usr/local/arm/gcc-arm-10.3-2021.07-x86_64-arm-none-eabi/bin/../lib/gcc/arm-none-eabi/10.3.1/../../../../arm-none-eabi/lib/thumb/v7e-m+fp/hard/libg.a(lib_a-callocr.o)
                0x000000000800ab50                _calloc_r
 .text.quorem   0x000000000800abc8      0x128 /usr/local/arm/gcc-arm-10.3-2021.07-x86_64-arm-none-eabi/bin/../lib/gcc/arm-none-eabi/10.3.1/../../../../arm-none-eabi/lib/thumb/v7e-m+fp/hard/libg.a(lib_a-dtoa.o)
 .text._dtoa_r  0x000000000800acf0      0xf3c /usr/local/arm/gcc-arm-10.3-2021.07-x86_64-arm-none-eabi/bin/../lib/gcc/arm-none-eabi/10.3.1/../../../../arm-none-eabi/lib/thumb/v7e-m+fp/hard/libg.a(lib_a-dtoa.o)
                0x000000000800acf0                _dtoa_r
 .text.fiprintf
                0x000000000800bc2c       0x28 /usr/local/arm/gcc-arm-10.3-2021.07-x86_64-arm-none-eabi/bin/../lib/gcc/arm-none-eabi/10.3.1/../../../../arm-none-eabi/lib/thumb/v7e-m+fp/hard/libg.a(lib_a-fiprintf.o)
                0x000000000800bc2c                fiprintf
 .text._localeconv_r
                0x000000000800bc54        0x8 /usr/local/arm/gcc-arm-10.3-2021.07-x86_64-arm-none-eabi/bin/../lib/gcc/arm-none-eabi/10.3.1/../../../../arm-none-eabi/lib/thumb/v7e-m+fp/hard/libg.a(lib_a-localeconv.o)
                0x000000000800bc54                _localeconv_r
 .text.frexp    0x000000000800bc5c       0x6c /usr/local/arm/gcc-arm-10.3-2021.07-x86_64-arm-none-eabi/bin/../lib/gcc/arm-none-eabi/10.3.1/../../../../arm-none-eabi/lib/thumb/v7e-m+fp/hard/libg.a(lib_a-s_frexp.o)
                0x000000000800bc5c                frexp
 .text.__ssprint_r
                0x000000000800bcc8       0xf8 /usr/local/arm/gcc-arm-10.3-2021.07-x86_64-arm-none-eabi/bin/../lib/gcc/arm-none-eabi/10.3.1/../../../../arm-none-eabi/lib/thumb/v7e-m+fp/hard/libg.a(lib_a-svfiprintf.o)
                0x000000000800bcc8                __ssprint_r
 .text.__sprint_r.part.0
                0x000000000800bdc0       0x78 /usr/local/arm/gcc-arm-10.3-2021.07-x86_64-arm-none-eabi/bin/../lib/gcc/arm-none-eabi/10.3.1/../../../../arm-none-eabi/lib/thumb/v7e-m+fp/hard/libg.a(lib_a-vfiprintf.o)
 .text._vfiprintf_r
                0x000000000800be38      0xf00 /usr/local/arm/gcc-arm-10.3-2021.07-x86_64-arm-none-eabi/bin/../lib/gcc/arm-none-eabi/10.3.1/../../../../arm-none-eabi/lib/thumb/v7e-m+fp/hard/libg.a(lib_a-vfiprintf.o)
                0x000000000800be38                _vfiprintf_r
 .text.__sbprintf
                0x000000000800cd38       0x6c /usr/local/arm/gcc-arm-10.3-2021.07-x86_64-arm-none-eabi/bin/../lib/gcc/arm-none-eabi/10.3.1/../../../../arm-none-eabi/lib/thumb/v7e-m+fp/hard/libg.a(lib_a-vfiprintf.o)
 .text._wcsnrtombs_l
                0x000000000800cda4      0x108 /usr/local/arm/gcc-arm-10.3-2021.07-x86_64-arm-none-eabi/bin/../lib/gcc/arm-none-eabi/10.3.1/../../../../arm-none-eabi/lib/thumb/v7e-m+fp/hard/libg.a(lib_a-wcsnrtombs.o)
                0x000000000800cda4                _wcsnrtombs_l
 .text._wcsnrtombs_r
                0x000000000800ceac       0x24 /usr/local/arm/gcc-arm-10.3-2021.07-x86_64-arm-none-eabi/bin/../lib/gcc/arm-none-eabi/10.3.1/../../../../arm-none-eabi/lib/thumb/v7e-m+fp/hard/libg.a(lib_a-wcsnrtombs.o)
                0x000000000800ceac                _wcsnrtombs_r
 .text.__swsetup_r
                0x000000000800ced0       0xd4 /usr/local/arm/gcc-arm-10.3-2021.07-x86_64-arm-none-eabi/bin/../lib/gcc/arm-none-eabi/10.3.1/../../../../arm-none-eabi/lib/thumb/v7e-m+fp/hard/libg.a(lib_a-wsetup.o)
                0x000000000800ced0                __swsetup_r
 .text.abort    0x000000000800cfa4       0x10 /usr/local/arm/gcc-arm-10.3-2021.07-x86_64-arm-none-eabi/bin/../lib/gcc/arm-none-eabi/10.3.1/../../../../arm-none-eabi/lib/thumb/v7e-m+fp/hard/libg.a(lib_a-abort.o)
                0x000000000800cfa4                abort
 .text.__sflush_r
                0x000000000800cfb4      0x130 /usr/local/arm/gcc-arm-10.3-2021.07-x86_64-arm-none-eabi/bin/../lib/gcc/arm-none-eabi/10.3.1/../../../../arm-none-eabi/lib/thumb/v7e-m+fp/hard/libg.a(lib_a-fflush.o)
                0x000000000800cfb4                __sflush_r
 .text._fflush_r
                0x000000000800d0e4       0x2c /usr/local/arm/gcc-arm-10.3-2021.07-x86_64-arm-none-eabi/bin/../lib/gcc/arm-none-eabi/10.3.1/../../../../arm-none-eabi/lib/thumb/v7e-m+fp/hard/libg.a(lib_a-fflush.o)
                0x000000000800d0e4                _fflush_r
 .text._cleanup_r
                0x000000000800d110        0xc /usr/local/arm/gcc-arm-10.3-2021.07-x86_64-arm-none-eabi/bin/../lib/gcc/arm-none-eabi/10.3.1/../../../../arm-none-eabi/lib/thumb/v7e-m+fp/hard/libg.a(lib_a-findfp.o)
                0x000000000800d110                _cleanup_r
 .text.__sinit.part.0
                0x000000000800d11c       0xd8 /usr/local/arm/gcc-arm-10.3-2021.07-x86_64-arm-none-eabi/bin/../lib/gcc/arm-none-eabi/10.3.1/../../../../arm-none-eabi/lib/thumb/v7e-m+fp/hard/libg.a(lib_a-findfp.o)
 .text.__sinit  0x000000000800d1f4        0xc /usr/local/arm/gcc-arm-10.3-2021.07-x86_64-arm-none-eabi/bin/../lib/gcc/arm-none-eabi/10.3.1/../../../../arm-none-eabi/lib/thumb/v7e-m+fp/hard/libg.a(lib_a-findfp.o)
                0x000000000800d1f4                __sinit
 .text.__sfp_lock_acquire
                0x000000000800d200        0x4 /usr/local/arm/gcc-arm-10.3-2021.07-x86_64-arm-none-eabi/bin/../lib/gcc/arm-none-eabi/10.3.1/../../../../arm-none-eabi/lib/thumb/v7e-m+fp/hard/libg.a(lib_a-findfp.o)
                0x000000000800d200                __sfp_lock_acquire
 .text.__sfp_lock_release
                0x000000000800d204        0x4 /usr/local/arm/gcc-arm-10.3-2021.07-x86_64-arm-none-eabi/bin/../lib/gcc/arm-none-eabi/10.3.1/../../../../arm-none-eabi/lib/thumb/v7e-m+fp/hard/libg.a(lib_a-findfp.o)
                0x000000000800d204                __sfp_lock_release
 .text.__fputwc
                0x000000000800d208       0xa8 /usr/local/arm/gcc-arm-10.3-2021.07-x86_64-arm-none-eabi/bin/../lib/gcc/arm-none-eabi/10.3.1/../../../../arm-none-eabi/lib/thumb/v7e-m+fp/hard/libg.a(lib_a-fputwc.o)
                0x000000000800d208                __fputwc
 .text._fputwc_r
                0x000000000800d2b0       0x28 /usr/local/arm/gcc-arm-10.3-2021.07-x86_64-arm-none-eabi/bin/../lib/gcc/arm-none-eabi/10.3.1/../../../../arm-none-eabi/lib/thumb/v7e-m+fp/hard/libg.a(lib_a-fputwc.o)
                0x000000000800d2b0                _fputwc_r
 .text.__sfvwrite_r
                0x000000000800d2d8      0x2f0 /usr/local/arm/gcc-arm-10.3-2021.07-x86_64-arm-none-eabi/bin/../lib/gcc/arm-none-eabi/10.3.1/../../../../arm-none-eabi/lib/thumb/v7e-m+fp/hard/libg.a(lib_a-fvwrite.o)
                0x000000000800d2d8                __sfvwrite_r
 .text._fwalk_reent
                0x000000000800d5c8       0x48 /usr/local/arm/gcc-arm-10.3-2021.07-x86_64-arm-none-eabi/bin/../lib/gcc/arm-none-eabi/10.3.1/../../../../arm-none-eabi/lib/thumb/v7e-m+fp/hard/libg.a(lib_a-fwalk.o)
                0x000000000800d5c8                _fwalk_reent
 .text.__smakebuf_r
                0x000000000800d610       0xe0 /usr/local/arm/gcc-arm-10.3-2021.07-x86_64-arm-none-eabi/bin/../lib/gcc/arm-none-eabi/10.3.1/../../../../arm-none-eabi/lib/thumb/v7e-m+fp/hard/libg.a(lib_a-makebuf.o)
                0x000000000800d610                __smakebuf_r
 .text.memmove  0x000000000800d6f0       0xf8 /usr/local/arm/gcc-arm-10.3-2021.07-x86_64-arm-none-eabi/bin/../lib/gcc/arm-none-eabi/10.3.1/../../../../arm-none-eabi/lib/thumb/v7e-m+fp/hard/libg.a(lib_a-memmove.o)
                0x000000000800d6f0                memmove
 .text._realloc_r
                0x000000000800d7e8      0x3d8 /usr/local/arm/gcc-arm-10.3-2021.07-x86_64-arm-none-eabi/bin/../lib/gcc/arm-none-eabi/10.3.1/../../../../arm-none-eabi/lib/thumb/v7e-m+fp/hard/libg.a(lib_a-reallocr.o)
                0x000000000800d7e8                _realloc_r
 .text.raise    0x000000000800dbc0       0x5c /usr/local/arm/gcc-arm-10.3-2021.07-x86_64-arm-none-eabi/bin/../lib/gcc/arm-none-eabi/10.3.1/../../../../arm-none-eabi/lib/thumb/v7e-m+fp/hard/libg.a(lib_a-signal.o)
                0x000000000800dbc0                raise
 .text._kill_r  0x000000000800dc1c       0x2c /usr/local/arm/gcc-arm-10.3-2021.07-x86_64-arm-none-eabi/bin/../lib/gcc/arm-none-eabi/10.3.1/../../../../arm-none-eabi/lib/thumb/v7e-m+fp/hard/libg.a(lib_a-signalr.o)
                0x000000000800dc1c                _kill_r
 .text._getpid_r
                0x000000000800dc48        0x4 /usr/local/arm/gcc-arm-10.3-2021.07-x86_64-arm-none-eabi/bin/../lib/gcc/arm-none-eabi/10.3.1/../../../../arm-none-eabi/lib/thumb/v7e-m+fp/hard/libg.a(lib_a-signalr.o)
                0x000000000800dc48                _getpid_r
 .text.__sread  0x000000000800dc4c       0x24 /usr/local/arm/gcc-arm-10.3-2021.07-x86_64-arm-none-eabi/bin/../lib/gcc/arm-none-eabi/10.3.1/../../../../arm-none-eabi/lib/thumb/v7e-m+fp/hard/libg.a(lib_a-stdio.o)
                0x000000000800dc4c                __sread
 .text.__swrite
                0x000000000800dc70       0x40 /usr/local/arm/gcc-arm-10.3-2021.07-x86_64-arm-none-eabi/bin/../lib/gcc/arm-none-eabi/10.3.1/../../../../arm-none-eabi/lib/thumb/v7e-m+fp/hard/libg.a(lib_a-stdio.o)
                0x000000000800dc70                __swrite
 .text.__sseek  0x000000000800dcb0       0x20 /usr/local/arm/gcc-arm-10.3-2021.07-x86_64-arm-none-eabi/bin/../lib/gcc/arm-none-eabi/10.3.1/../../../../arm-none-eabi/lib/thumb/v7e-m+fp/hard/libg.a(lib_a-stdio.o)
                0x000000000800dcb0                __sseek
 .text.__sclose
                0x000000000800dcd0        0x8 /usr/local/arm/gcc-arm-10.3-2021.07-x86_64-arm-none-eabi/bin/../lib/gcc/arm-none-eabi/10.3.1/../../../../arm-none-eabi/lib/thumb/v7e-m+fp/hard/libg.a(lib_a-stdio.o)
                0x000000000800dcd0                __sclose
 .text.__swbuf_r
                0x000000000800dcd8       0xb0 /usr/local/arm/gcc-arm-10.3-2021.07-x86_64-arm-none-eabi/bin/../lib/gcc/arm-none-eabi/10.3.1/../../../../arm-none-eabi/lib/thumb/v7e-m+fp/hard/libg.a(lib_a-wbuf.o)
                0x000000000800dcd8                __swbuf_r
 .text._write_r
                0x000000000800dd88       0x2c /usr/local/arm/gcc-arm-10.3-2021.07-x86_64-arm-none-eabi/bin/../lib/gcc/arm-none-eabi/10.3.1/../../../../arm-none-eabi/lib/thumb/v7e-m+fp/hard/libg.a(lib_a-writer.o)
                0x000000000800dd88                _write_r
 .text._close_r
                0x000000000800ddb4       0x24 /usr/local/arm/gcc-arm-10.3-2021.07-x86_64-arm-none-eabi/bin/../lib/gcc/arm-none-eabi/10.3.1/../../../../arm-none-eabi/lib/thumb/v7e-m+fp/hard/libg.a(lib_a-closer.o)
                0x000000000800ddb4                _close_r
 .text._fclose_r.part.0
                0x000000000800ddd8       0x64 /usr/local/arm/gcc-arm-10.3-2021.07-x86_64-arm-none-eabi/bin/../lib/gcc/arm-none-eabi/10.3.1/../../../../arm-none-eabi/lib/thumb/v7e-m+fp/hard/libg.a(lib_a-fclose.o)
 .text._fclose_r
                0x000000000800de3c       0x38 /usr/local/arm/gcc-arm-10.3-2021.07-x86_64-arm-none-eabi/bin/../lib/gcc/arm-none-eabi/10.3.1/../../../../arm-none-eabi/lib/thumb/v7e-m+fp/hard/libg.a(lib_a-fclose.o)
                0x000000000800de3c                _fclose_r
 .text._fstat_r
                0x000000000800de74       0x2c /usr/local/arm/gcc-arm-10.3-2021.07-x86_64-arm-none-eabi/bin/../lib/gcc/arm-none-eabi/10.3.1/../../../../arm-none-eabi/lib/thumb/v7e-m+fp/hard/libg.a(lib_a-fstatr.o)
                0x000000000800de74                _fstat_r
 .text._isatty_r
                0x000000000800dea0       0x24 /usr/local/arm/gcc-arm-10.3-2021.07-x86_64-arm-none-eabi/bin/../lib/gcc/arm-none-eabi/10.3.1/../../../../arm-none-eabi/lib/thumb/v7e-m+fp/hard/libg.a(lib_a-isattyr.o)
                0x000000000800dea0                _isatty_r
 .text._lseek_r
                0x000000000800dec4       0x2c /usr/local/arm/gcc-arm-10.3-2021.07-x86_64-arm-none-eabi/bin/../lib/gcc/arm-none-eabi/10.3.1/../../../../arm-none-eabi/lib/thumb/v7e-m+fp/hard/libg.a(lib_a-lseekr.o)
                0x000000000800dec4                _lseek_r
 .text._read_r  0x000000000800def0       0x2c /usr/local/arm/gcc-arm-10.3-2021.07-x86_64-arm-none-eabi/bin/../lib/gcc/arm-none-eabi/10.3.1/../../../../arm-none-eabi/lib/thumb/v7e-m+fp/hard/libg.a(lib_a-readr.o)
                0x000000000800def0                _read_r
 *fill*         0x000000000800df1c        0x4 
 .text.cos      0x000000000800df20       0x90 /usr/local/arm/gcc-arm-10.3-2021.07-x86_64-arm-none-eabi/bin/../lib/gcc/arm-none-eabi/10.3.1/../../../../arm-none-eabi/lib/thumb/v7e-m+fp/hard/libm.a(lib_a-s_cos.o)
                0x000000000800df20                cos
 .text.sin      0x000000000800dfb0       0x90 /usr/local/arm/gcc-arm-10.3-2021.07-x86_64-arm-none-eabi/bin/../lib/gcc/arm-none-eabi/10.3.1/../../../../arm-none-eabi/lib/thumb/v7e-m+fp/hard/libm.a(lib_a-s_sin.o)
                0x000000000800dfb0                sin
 .text.fmod     0x000000000800e040       0x6c /usr/local/arm/gcc-arm-10.3-2021.07-x86_64-arm-none-eabi/bin/../lib/gcc/arm-none-eabi/10.3.1/../../../../arm-none-eabi/lib/thumb/v7e-m+fp/hard/libm.a(lib_a-w_fmod.o)
                0x000000000800e040                fmod
 .text.__ieee754_fmod
                0x000000000800e0ac      0x27c /usr/local/arm/gcc-arm-10.3-2021.07-x86_64-arm-none-eabi/bin/../lib/gcc/arm-none-eabi/10.3.1/../../../../arm-none-eabi/lib/thumb/v7e-m+fp/hard/libm.a(lib_a-e_fmod.o)
                0x000000000800e0ac                __ieee754_fmod
 .text.__ieee754_rem_pio2
                0x000000000800e328      0x44c /usr/local/arm/gcc-arm-10.3-2021.07-x86_64-arm-none-eabi/bin/../lib/gcc/arm-none-eabi/10.3.1/../../../../arm-none-eabi/lib/thumb/v7e-m+fp/hard/libm.a(lib_a-e_rem_pio2.o)
                0x000000000800e328                __ieee754_rem_pio2
 *fill*         0x000000000800e774        0x4 
 .text.__kernel_cos
                0x000000000800e778      0x27c /usr/local/arm/gcc-arm-10.3-2021.07-x86_64-arm-none-eabi/bin/../lib/gcc/arm-none-eabi/10.3.1/../../../../arm-none-eabi/lib/thumb/v7e-m+fp/hard/libm.a(lib_a-k_cos.o)
                0x000000000800e778                __kernel_cos
 *fill*         0x000000000800e9f4        0x4 
 .text.__kernel_rem_pio2
                0x000000000800e9f8      0x850 /usr/local/arm/gcc-arm-10.3-2021.07-x86_64-arm-none-eabi/bin/../lib/gcc/arm-none-eabi/10.3.1/../../../../arm-none-eabi/lib/thumb/v7e-m+fp/hard/libm.a(lib_a-k_rem_pio2.o)
                0x000000000800e9f8                __kernel_rem_pio2
 .text.__kernel_sin
                0x000000000800f248      0x17c /usr/local/arm/gcc-arm-10.3-2021.07-x86_64-arm-none-eabi/bin/../lib/gcc/arm-none-eabi/10.3.1/../../../../arm-none-eabi/lib/thumb/v7e-m+fp/hard/libm.a(lib_a-k_sin.o)
                0x000000000800f248                __kernel_sin
 .text.fabs     0x000000000800f3c4       0x14 /usr/local/arm/gcc-arm-10.3-2021.07-x86_64-arm-none-eabi/bin/../lib/gcc/arm-none-eabi/10.3.1/../../../../arm-none-eabi/lib/thumb/v7e-m+fp/hard/libm.a(lib_a-s_fabs.o)
                0x000000000800f3c4                fabs
 .text.floor    0x000000000800f3d8      0x108 /usr/local/arm/gcc-arm-10.3-2021.07-x86_64-arm-none-eabi/bin/../lib/gcc/arm-none-eabi/10.3.1/../../../../arm-none-eabi/lib/thumb/v7e-m+fp/hard/libm.a(lib_a-s_floor.o)
                0x000000000800f3d8                floor
 .text.scalbn   0x000000000800f4e0      0x124 /usr/local/arm/gcc-arm-10.3-2021.07-x86_64-arm-none-eabi/bin/../lib/gcc/arm-none-eabi/10.3.1/../../../../arm-none-eabi/lib/thumb/v7e-m+fp/hard/libm.a(lib_a-s_scalbn.o)
                0x000000000800f4e0                scalbn
 *(.glue_7)
 .glue_7        0x000000000800f604        0x0 linker stubs
 *(.glue_7t)
 .glue_7t       0x000000000800f604        0x0 linker stubs
 *(.eh_frame)
 .eh_frame      0x000000000800f604        0x0 /usr/local/arm/gcc-arm-10.3-2021.07-x86_64-arm-none-eabi/bin/../lib/gcc/arm-none-eabi/10.3.1/thumb/v7e-m+fp/hard/crtbegin.o
 *(.init)
 .init          0x000000000800f604        0x4 /usr/local/arm/gcc-arm-10.3-2021.07-x86_64-arm-none-eabi/bin/../lib/gcc/arm-none-eabi/10.3.1/thumb/v7e-m+fp/hard/crti.o
                0x000000000800f604                _init
 .init          0x000000000800f608        0x8 /usr/local/arm/gcc-arm-10.3-2021.07-x86_64-arm-none-eabi/bin/../lib/gcc/arm-none-eabi/10.3.1/thumb/v7e-m+fp/hard/crtn.o
 *(.fini)
 .fini          0x000000000800f610        0x4 /usr/local/arm/gcc-arm-10.3-2021.07-x86_64-arm-none-eabi/bin/../lib/gcc/arm-none-eabi/10.3.1/thumb/v7e-m+fp/hard/crti.o
                0x000000000800f610                _fini
 .fini          0x000000000800f614        0x8 /usr/local/arm/gcc-arm-10.3-2021.07-x86_64-arm-none-eabi/bin/../lib/gcc/arm-none-eabi/10.3.1/thumb/v7e-m+fp/hard/crtn.o
                0x000000000800f61c                . = ALIGN (0x4)
                0x000000000800f61c                _etext = .

.vfp11_veneer   0x000000000800f61c        0x0
 .vfp11_veneer  0x000000000800f61c        0x0 linker stubs

.v4_bx          0x000000000800f61c        0x0
 .v4_bx         0x000000000800f61c        0x0 linker stubs

.iplt           0x000000000800f61c        0x0
 .iplt          0x000000000800f61c        0x0 /usr/local/arm/gcc-arm-10.3-2021.07-x86_64-arm-none-eabi/bin/../lib/gcc/arm-none-eabi/10.3.1/thumb/v7e-m+fp/hard/crtbegin.o

.rodata         0x000000000800f620      0x678
                0x000000000800f620                . = ALIGN (0x4)
 *(.rodata)
 .rodata        0x000000000800f620       0x1c CMakeFiles/FOC_OpenLoop.elf.dir/Core/Src/main.c.obj
 *(.rodata*)
 .rodata.MotorTask.str1.4
                0x000000000800f63c        0xa CMakeFiles/FOC_OpenLoop.elf.dir/Core/Src/freertos.c.obj
 *fill*         0x000000000800f646        0x2 
 .rodata.str1.4
                0x000000000800f648       0x16 CMakeFiles/FOC_OpenLoop.elf.dir/Core/Src/main.c.obj
 *fill*         0x000000000800f65e        0x2 
 .rodata.os_thread_def_MotorTask
                0x000000000800f660       0x1c CMakeFiles/FOC_OpenLoop.elf.dir/Core/Src/main.c.obj
                0x000000000800f660                os_thread_def_MotorTask
 .rodata.D1CorePrescTable
                0x000000000800f67c       0x10 CMakeFiles/FOC_OpenLoop.elf.dir/Core/Src/system_stm32h7xx.c.obj
                0x000000000800f67c                D1CorePrescTable
 .rodata.flagBitshiftOffset.0
                0x000000000800f68c        0x8 CMakeFiles/FOC_OpenLoop.elf.dir/Drivers/STM32H7xx_HAL_Driver/Src/stm32h7xx_hal_dma.c.obj
 .rodata.UARTPrescTable
                0x000000000800f694       0x18 CMakeFiles/FOC_OpenLoop.elf.dir/Drivers/STM32H7xx_HAL_Driver/Src/stm32h7xx_hal_uart.c.obj
                0x000000000800f694                UARTPrescTable
 .rodata.denominator.0
                0x000000000800f6ac        0x8 CMakeFiles/FOC_OpenLoop.elf.dir/Drivers/STM32H7xx_HAL_Driver/Src/stm32h7xx_hal_uart_ex.c.obj
 .rodata.numerator.1
                0x000000000800f6b4        0x8 CMakeFiles/FOC_OpenLoop.elf.dir/Drivers/STM32H7xx_HAL_Driver/Src/stm32h7xx_hal_uart_ex.c.obj
 .rodata.vTaskStartScheduler.str1.4
                0x000000000800f6bc        0x5 CMakeFiles/FOC_OpenLoop.elf.dir/Middlewares/Third_Party/FreeRTOS/Source/tasks.c.obj
 *fill*         0x000000000800f6c1        0x3 
 .rodata.str1.4
                0x000000000800f6c4       0x48 /usr/local/arm/gcc-arm-10.3-2021.07-x86_64-arm-none-eabi/bin/../lib/gcc/arm-none-eabi/10.3.1/../../../../arm-none-eabi/lib/thumb/v7e-m+fp/hard/libg.a(lib_a-locale.o)
                                         0x4c (size before relaxing)
 .rodata.__multadd.str1.4
                0x000000000800f70c       0x6e /usr/local/arm/gcc-arm-10.3-2021.07-x86_64-arm-none-eabi/bin/../lib/gcc/arm-none-eabi/10.3.1/../../../../arm-none-eabi/lib/thumb/v7e-m+fp/hard/libg.a(lib_a-mprec.o)
 *fill*         0x000000000800f77a        0x6 
 .rodata.__mprec_bigtens
                0x000000000800f780       0x28 /usr/local/arm/gcc-arm-10.3-2021.07-x86_64-arm-none-eabi/bin/../lib/gcc/arm-none-eabi/10.3.1/../../../../arm-none-eabi/lib/thumb/v7e-m+fp/hard/libg.a(lib_a-mprec.o)
                0x000000000800f780                __mprec_bigtens
 .rodata.__mprec_tens
                0x000000000800f7a8       0xc8 /usr/local/arm/gcc-arm-10.3-2021.07-x86_64-arm-none-eabi/bin/../lib/gcc/arm-none-eabi/10.3.1/../../../../arm-none-eabi/lib/thumb/v7e-m+fp/hard/libg.a(lib_a-mprec.o)
                0x000000000800f7a8                __mprec_tens
 .rodata.p05.0  0x000000000800f870        0xc /usr/local/arm/gcc-arm-10.3-2021.07-x86_64-arm-none-eabi/bin/../lib/gcc/arm-none-eabi/10.3.1/../../../../arm-none-eabi/lib/thumb/v7e-m+fp/hard/libg.a(lib_a-mprec.o)
 .rodata._svfprintf_r.str1.4
                0x000000000800f87c       0x42 /usr/local/arm/gcc-arm-10.3-2021.07-x86_64-arm-none-eabi/bin/../lib/gcc/arm-none-eabi/10.3.1/../../../../arm-none-eabi/lib/thumb/v7e-m+fp/hard/libg.a(lib_a-svfprintf.o)
 *fill*         0x000000000800f8be        0x2 
 .rodata.blanks.1
                0x000000000800f8c0       0x10 /usr/local/arm/gcc-arm-10.3-2021.07-x86_64-arm-none-eabi/bin/../lib/gcc/arm-none-eabi/10.3.1/../../../../arm-none-eabi/lib/thumb/v7e-m+fp/hard/libg.a(lib_a-svfprintf.o)
 .rodata.zeroes.0
                0x000000000800f8d0       0x10 /usr/local/arm/gcc-arm-10.3-2021.07-x86_64-arm-none-eabi/bin/../lib/gcc/arm-none-eabi/10.3.1/../../../../arm-none-eabi/lib/thumb/v7e-m+fp/hard/libg.a(lib_a-svfprintf.o)
 .rodata.__assert_func.str1.4
                0x000000000800f8e0       0x3f /usr/local/arm/gcc-arm-10.3-2021.07-x86_64-arm-none-eabi/bin/../lib/gcc/arm-none-eabi/10.3.1/../../../../arm-none-eabi/lib/thumb/v7e-m+fp/hard/libg.a(lib_a-assert.o)
                                         0x43 (size before relaxing)
 *fill*         0x000000000800f91f        0x1 
 .rodata._ctype_
                0x000000000800f920      0x101 /usr/local/arm/gcc-arm-10.3-2021.07-x86_64-arm-none-eabi/bin/../lib/gcc/arm-none-eabi/10.3.1/../../../../arm-none-eabi/lib/thumb/v7e-m+fp/hard/libg.a(lib_a-ctype_.o)
                0x000000000800f920                _ctype_
 *fill*         0x000000000800fa21        0x3 
 .rodata._dtoa_r.str1.4
                0x000000000800fa24       0x69 /usr/local/arm/gcc-arm-10.3-2021.07-x86_64-arm-none-eabi/bin/../lib/gcc/arm-none-eabi/10.3.1/../../../../arm-none-eabi/lib/thumb/v7e-m+fp/hard/libg.a(lib_a-dtoa.o)
                                         0x81 (size before relaxing)
 .rodata._vfiprintf_r.str1.4
                0x000000000800fa8d       0x2f /usr/local/arm/gcc-arm-10.3-2021.07-x86_64-arm-none-eabi/bin/../lib/gcc/arm-none-eabi/10.3.1/../../../../arm-none-eabi/lib/thumb/v7e-m+fp/hard/libg.a(lib_a-vfiprintf.o)
 *fill*         0x000000000800fa8d        0x3 
 .rodata.blanks.1
                0x000000000800fa90       0x10 /usr/local/arm/gcc-arm-10.3-2021.07-x86_64-arm-none-eabi/bin/../lib/gcc/arm-none-eabi/10.3.1/../../../../arm-none-eabi/lib/thumb/v7e-m+fp/hard/libg.a(lib_a-vfiprintf.o)
 .rodata.zeroes.0
                0x000000000800faa0       0x10 /usr/local/arm/gcc-arm-10.3-2021.07-x86_64-arm-none-eabi/bin/../lib/gcc/arm-none-eabi/10.3.1/../../../../arm-none-eabi/lib/thumb/v7e-m+fp/hard/libg.a(lib_a-vfiprintf.o)
 .rodata.Zero   0x000000000800fab0       0x10 /usr/local/arm/gcc-arm-10.3-2021.07-x86_64-arm-none-eabi/bin/../lib/gcc/arm-none-eabi/10.3.1/../../../../arm-none-eabi/lib/thumb/v7e-m+fp/hard/libm.a(lib_a-e_fmod.o)
 .rodata.npio2_hw
                0x000000000800fac0       0x80 /usr/local/arm/gcc-arm-10.3-2021.07-x86_64-arm-none-eabi/bin/../lib/gcc/arm-none-eabi/10.3.1/../../../../arm-none-eabi/lib/thumb/v7e-m+fp/hard/libm.a(lib_a-e_rem_pio2.o)
 .rodata.two_over_pi
                0x000000000800fb40      0x108 /usr/local/arm/gcc-arm-10.3-2021.07-x86_64-arm-none-eabi/bin/../lib/gcc/arm-none-eabi/10.3.1/../../../../arm-none-eabi/lib/thumb/v7e-m+fp/hard/libm.a(lib_a-e_rem_pio2.o)
 .rodata.PIo2   0x000000000800fc48       0x40 /usr/local/arm/gcc-arm-10.3-2021.07-x86_64-arm-none-eabi/bin/../lib/gcc/arm-none-eabi/10.3.1/../../../../arm-none-eabi/lib/thumb/v7e-m+fp/hard/libm.a(lib_a-k_rem_pio2.o)
 .rodata.init_jk
                0x000000000800fc88       0x10 /usr/local/arm/gcc-arm-10.3-2021.07-x86_64-arm-none-eabi/bin/../lib/gcc/arm-none-eabi/10.3.1/../../../../arm-none-eabi/lib/thumb/v7e-m+fp/hard/libm.a(lib_a-k_rem_pio2.o)
                0x000000000800fc98                . = ALIGN (0x4)

.ARM.extab
 *(.ARM.extab* .gnu.linkonce.armextab.*)

.ARM            0x000000000800fc98        0x8
                0x000000000800fc98                __exidx_start = .
 *(.ARM.exidx*)
 .ARM.exidx.text.__udivmoddi4
                0x000000000800fc98        0x8 /usr/local/arm/gcc-arm-10.3-2021.07-x86_64-arm-none-eabi/bin/../lib/gcc/arm-none-eabi/10.3.1/thumb/v7e-m+fp/hard/libgcc.a(_udivmoddi4.o)
                0x000000000800fca0                __exidx_end = .

.rel.dyn        0x000000000800fca0        0x0
 .rel.iplt      0x000000000800fca0        0x0 /usr/local/arm/gcc-arm-10.3-2021.07-x86_64-arm-none-eabi/bin/../lib/gcc/arm-none-eabi/10.3.1/thumb/v7e-m+fp/hard/crtbegin.o

.preinit_array  0x000000000800fca0        0x0
                0x000000000800fca0                PROVIDE (__preinit_array_start = .)
 *(.preinit_array*)
                0x000000000800fca0                PROVIDE (__preinit_array_end = .)

.init_array     0x000000000800fca0        0x4
                0x000000000800fca0                PROVIDE (__init_array_start = .)
 *(SORT_BY_NAME(.init_array.*))
 *(.init_array*)
 .init_array    0x000000000800fca0        0x4 /usr/local/arm/gcc-arm-10.3-2021.07-x86_64-arm-none-eabi/bin/../lib/gcc/arm-none-eabi/10.3.1/thumb/v7e-m+fp/hard/crtbegin.o
                0x000000000800fca4                PROVIDE (__init_array_end = .)

.fini_array     0x000000000800fca4        0x4
                0x000000000800fca4                PROVIDE (__fini_array_start = .)
 *(SORT_BY_NAME(.fini_array.*))
 *(.fini_array*)
 .fini_array    0x000000000800fca4        0x4 /usr/local/arm/gcc-arm-10.3-2021.07-x86_64-arm-none-eabi/bin/../lib/gcc/arm-none-eabi/10.3.1/thumb/v7e-m+fp/hard/crtbegin.o
                0x000000000800fca8                PROVIDE (__fini_array_end = .)
                0x000000000800fca8                _sidata = LOADADDR (.data)

.data           0x0000000024000000      0x9c4 load address 0x000000000800fca8
                0x0000000024000000                . = ALIGN (0x4)
                0x0000000024000000                _sdata = .
 *(.data)
 *(.data*)
 .data.SystemCoreClock
                0x0000000024000000        0x4 CMakeFiles/FOC_OpenLoop.elf.dir/Core/Src/system_stm32h7xx.c.obj
                0x0000000024000000                SystemCoreClock
 .data.SystemD2Clock
                0x0000000024000004        0x4 CMakeFiles/FOC_OpenLoop.elf.dir/Core/Src/system_stm32h7xx.c.obj
                0x0000000024000004                SystemD2Clock
 .data.uwTickFreq
                0x0000000024000008        0x1 CMakeFiles/FOC_OpenLoop.elf.dir/Drivers/STM32H7xx_HAL_Driver/Src/stm32h7xx_hal.c.obj
                0x0000000024000008                uwTickFreq
 *fill*         0x0000000024000009        0x3 
 .data.uwTickPrio
                0x000000002400000c        0x4 CMakeFiles/FOC_OpenLoop.elf.dir/Drivers/STM32H7xx_HAL_Driver/Src/stm32h7xx_hal.c.obj
                0x000000002400000c                uwTickPrio
 .data.uxCriticalNesting
                0x0000000024000010        0x4 CMakeFiles/FOC_OpenLoop.elf.dir/Middlewares/Third_Party/FreeRTOS/Source/portable/GCC/ARM_CM4F/port.c.obj
 .data.voltage_power_supply
                0x0000000024000014        0x4 CMakeFiles/FOC_OpenLoop.elf.dir/UserApp/FOC/FOC.c.obj
                0x0000000024000014                voltage_power_supply
 .data._impure_ptr
                0x0000000024000018        0x4 /usr/local/arm/gcc-arm-10.3-2021.07-x86_64-arm-none-eabi/bin/../lib/gcc/arm-none-eabi/10.3.1/../../../../arm-none-eabi/lib/thumb/v7e-m+fp/hard/libg.a(lib_a-impure.o)
                0x0000000024000018                _impure_ptr