Archive member included to satisfy reference by file (symbol)

/usr/local/arm/gcc-arm-10.3-2021.07-x86_64-arm-none-eabi/bin/../lib/gcc/arm-none-eabi/10.3.1/thumb/v7e-m+fp/hard/libgcc.a(_arm_truncdfsf2.o)
                              CMakeFiles/StepServer.elf.dir/UserApp/retarget/retarget.c.obj (__aeabi_d2f)
/usr/local/arm/gcc-arm-10.3-2021.07-x86_64-arm-none-eabi/bin/../lib/gcc/arm-none-eabi/10.3.1/thumb/v7e-m+fp/hard/libgcc.a(_aeabi_uldivmod.o)
                              CMakeFiles/StepServer.elf.dir/Drivers/STM32H7xx_HAL_Driver/Src/stm32h7xx_hal_uart.c.obj (__aeabi_uldivmod)
/usr/local/arm/gcc-arm-10.3-2021.07-x86_64-arm-none-eabi/bin/../lib/gcc/arm-none-eabi/10.3.1/thumb/v7e-m+fp/hard/libgcc.a(_udivmoddi4.o)
                              /usr/local/arm/gcc-arm-10.3-2021.07-x86_64-arm-none-eabi/bin/../lib/gcc/arm-none-eabi/10.3.1/thumb/v7e-m+fp/hard/libgcc.a(_aeabi_uldivmod.o) (__udivmoddi4)
/usr/local/arm/gcc-arm-10.3-2021.07-x86_64-arm-none-eabi/bin/../lib/gcc/arm-none-eabi/10.3.1/thumb/v7e-m+fp/hard/libgcc.a(_dvmd_tls.o)
                              /usr/local/arm/gcc-arm-10.3-2021.07-x86_64-arm-none-eabi/bin/../lib/gcc/arm-none-eabi/10.3.1/thumb/v7e-m+fp/hard/libgcc.a(_aeabi_uldivmod.o) (__aeabi_ldiv0)
/usr/local/arm/gcc-arm-10.3-2021.07-x86_64-arm-none-eabi/bin/../lib/gcc/arm-none-eabi/10.3.1/../../../../arm-none-eabi/lib/thumb/v7e-m+fp/hard/libg.a(lib_a-atexit.o)
                              /usr/local/arm/gcc-arm-10.3-2021.07-x86_64-arm-none-eabi/bin/../lib/gcc/arm-none-eabi/10.3.1/../../../../arm-none-eabi/lib/thumb/v7e-m+fp/hard/crt0.o (atexit)
/usr/local/arm/gcc-arm-10.3-2021.07-x86_64-arm-none-eabi/bin/../lib/gcc/arm-none-eabi/10.3.1/../../../../arm-none-eabi/lib/thumb/v7e-m+fp/hard/libg.a(lib_a-atof.o)
                              CMakeFiles/StepServer.elf.dir/UserApp/retarget/retarget.c.obj (atof)
/usr/local/arm/gcc-arm-10.3-2021.07-x86_64-arm-none-eabi/bin/../lib/gcc/arm-none-eabi/10.3.1/../../../../arm-none-eabi/lib/thumb/v7e-m+fp/hard/libg.a(lib_a-errno.o)
                              CMakeFiles/StepServer.elf.dir/Core/Src/syscalls.c.obj (__errno)
/usr/local/arm/gcc-arm-10.3-2021.07-x86_64-arm-none-eabi/bin/../lib/gcc/arm-none-eabi/10.3.1/../../../../arm-none-eabi/lib/thumb/v7e-m+fp/hard/libg.a(lib_a-exit.o)
                              /usr/local/arm/gcc-arm-10.3-2021.07-x86_64-arm-none-eabi/bin/../lib/gcc/arm-none-eabi/10.3.1/../../../../arm-none-eabi/lib/thumb/v7e-m+fp/hard/crt0.o (exit)
/usr/local/arm/gcc-arm-10.3-2021.07-x86_64-arm-none-eabi/bin/../lib/gcc/arm-none-eabi/10.3.1/../../../../arm-none-eabi/lib/thumb/v7e-m+fp/hard/libg.a(lib_a-fini.o)
                              /usr/local/arm/gcc-arm-10.3-2021.07-x86_64-arm-none-eabi/bin/../lib/gcc/arm-none-eabi/10.3.1/../../../../arm-none-eabi/lib/thumb/v7e-m+fp/hard/crt0.o (__libc_fini_array)
/usr/local/arm/gcc-arm-10.3-2021.07-x86_64-arm-none-eabi/bin/../lib/gcc/arm-none-eabi/10.3.1/../../../../arm-none-eabi/lib/thumb/v7e-m+fp/hard/libg.a(lib_a-impure.o)
                              /usr/local/arm/gcc-arm-10.3-2021.07-x86_64-arm-none-eabi/bin/../lib/gcc/arm-none-eabi/10.3.1/../../../../arm-none-eabi/lib/thumb/v7e-m+fp/hard/libg.a(lib_a-exit.o) (_global_impure_ptr)
/usr/local/arm/gcc-arm-10.3-2021.07-x86_64-arm-none-eabi/bin/../lib/gcc/arm-none-eabi/10.3.1/../../../../arm-none-eabi/lib/thumb/v7e-m+fp/hard/libg.a(lib_a-init.o)
                              /usr/local/arm/gcc-arm-10.3-2021.07-x86_64-arm-none-eabi/bin/../lib/gcc/arm-none-eabi/10.3.1/../../../../arm-none-eabi/lib/thumb/v7e-m+fp/hard/crt0.o (__libc_init_array)
/usr/local/arm/gcc-arm-10.3-2021.07-x86_64-arm-none-eabi/bin/../lib/gcc/arm-none-eabi/10.3.1/../../../../arm-none-eabi/lib/thumb/v7e-m+fp/hard/libg.a(lib_a-memcpy.o)
                              CMakeFiles/StepServer.elf.dir/Middlewares/Third_Party/FreeRTOS/Source/queue.c.obj (memcpy)
/usr/local/arm/gcc-arm-10.3-2021.07-x86_64-arm-none-eabi/bin/../lib/gcc/arm-none-eabi/10.3.1/../../../../arm-none-eabi/lib/thumb/v7e-m+fp/hard/libg.a(lib_a-memset.o)
                              /usr/local/arm/gcc-arm-10.3-2021.07-x86_64-arm-none-eabi/bin/../lib/gcc/arm-none-eabi/10.3.1/../../../../arm-none-eabi/lib/thumb/v7e-m+fp/hard/crt0.o (memset)
/usr/local/arm/gcc-arm-10.3-2021.07-x86_64-arm-none-eabi/bin/../lib/gcc/arm-none-eabi/10.3.1/../../../../arm-none-eabi/lib/thumb/v7e-m+fp/hard/libg.a(lib_a-strchr.o)
                              CMakeFiles/StepServer.elf.dir/UserApp/retarget/retarget.c.obj (strchr)
/usr/local/arm/gcc-arm-10.3-2021.07-x86_64-arm-none-eabi/bin/../lib/gcc/arm-none-eabi/10.3.1/../../../../arm-none-eabi/lib/thumb/v7e-m+fp/hard/libg.a(lib_a-strlen.o)
                              CMakeFiles/StepServer.elf.dir/UserApp/retarget/retarget.c.obj (strlen)
/usr/local/arm/gcc-arm-10.3-2021.07-x86_64-arm-none-eabi/bin/../lib/gcc/arm-none-eabi/10.3.1/../../../../arm-none-eabi/lib/thumb/v7e-m+fp/hard/libg.a(lib_a-strncpy.o)
[...]
Memory Configuration

Name             Origin             Length             Attributes
FLASH            0x0000000008000000 0x0000000000200000 xr
DTCMRAM          0x0000000020000000 0x0000000000020000 xrw
RAM_D1           0x0000000024000000 0x0000000000080000 xrw
RAM_D2           0x0000000030000000 0x0000000000048000 xrw
RAM_D3           0x0000000038000000 0x0000000000010000 xrw
ITCMRAM          0x0000000000000000 0x0000000000010000 xrw
*default*        0x0000000000000000 0xffffffffffffffff

Linker script and memory map

LOAD /usr/local/arm/gcc-arm-10.3-2021.07-x86_64-arm-none-eabi/bin/../lib/gcc/arm-none-eabi/10.3.1/thumb/v7e-m+fp/hard/crti.o
LOAD /usr/local/arm/gcc-arm-10.3-2021.07-x86_64-arm-none-eabi/bin/../lib/gcc/arm-none-eabi/10.3.1/thumb/v7e-m+fp/hard/crtbegin.o
LOAD /usr/local/arm/gcc-arm-10.3-2021.07-x86_64-arm-none-eabi/bin/../lib/gcc/arm-none-eabi/10.3.1/../../../../arm-none-eabi/lib/thumb/v7e-m+fp/hard/crt0.o
LOAD CMakeFiles/StepServer.elf.dir/Core/Src/freertos.c.obj
LOAD CMakeFiles/StepServer.elf.dir/Core/Src/main.c.obj
LOAD CMakeFiles/StepServer.elf.dir/Core/Src/stm32h7xx_hal_msp.c.obj
LOAD CMakeFiles/StepServer.elf.dir/Core/Src/stm32h7xx_it.c.obj
LOAD CMakeFiles/StepServer.elf.dir/Core/Src/syscalls.c.obj
LOAD CMakeFiles/StepServer.elf.dir/Core/Src/sysmem.c.obj
LOAD CMakeFiles/StepServer.elf.dir/Core/Src/system_stm32h7xx.c.obj
LOAD CMakeFiles/StepServer.elf.dir/Core/Startup/startup_stm32h743vitx.s.obj
LOAD CMakeFiles/StepServer.elf.dir/Drivers/STM32H7xx_HAL_Driver/Src/stm32h7xx_hal.c.obj
LOAD CMakeFiles/StepServer.elf.dir/Drivers/STM32H7xx_HAL_Driver/Src/stm32h7xx_hal_cortex.c.obj
LOAD CMakeFiles/StepServer.elf.dir/Drivers/STM32H7xx_HAL_Driver/Src/stm32h7xx_hal_dma.c.obj
LOAD CMakeFiles/StepServer.elf.dir/Drivers/STM32H7xx_HAL_Driver/Src/stm32h7xx_hal_dma_ex.c.obj
LOAD CMakeFiles/StepServer.elf.dir/Drivers/STM32H7xx_HAL_Driver/Src/stm32h7xx_hal_exti.c.obj
LOAD CMakeFiles/StepServer.elf.dir/Drivers/STM32H7xx_HAL_Driver/Src/stm32h7xx_hal_flash.c.obj
LOAD CMakeFiles/StepServer.elf.dir/Drivers/STM32H7xx_HAL_Driver/Src/stm32h7xx_hal_flash_ex.c.obj
LOAD CMakeFiles/StepServer.elf.dir/Drivers/STM32H7xx_HAL_Driver/Src/stm32h7xx_hal_gpio.c.obj
LOAD CMakeFiles/StepServer.elf.dir/Drivers/STM32H7xx_HAL_Driver/Src/stm32h7xx_hal_hsem.c.obj
LOAD CMakeFiles/StepServer.elf.dir/Drivers/STM32H7xx_HAL_Driver/Src/stm32h7xx_hal_i2c.c.obj
LOAD CMakeFiles/StepServer.elf.dir/Drivers/STM32H7xx_HAL_Driver/Src/stm32h7xx_hal_i2c_ex.c.obj
LOAD CMakeFiles/StepServer.elf.dir/Drivers/STM32H7xx_HAL_Driver/Src/stm32h7xx_hal_mdma.c.obj
LOAD CMakeFiles/StepServer.elf.dir/Drivers/STM32H7xx_HAL_Driver/Src/stm32h7xx_hal_pwr.c.obj
LOAD CMakeFiles/StepServer.elf.dir/Drivers/STM32H7xx_HAL_Driver/Src/stm32h7xx_hal_pwr_ex.c.obj
LOAD CMakeFiles/StepServer.elf.dir/Drivers/STM32H7xx_HAL_Driver/Src/stm32h7xx_hal_rcc.c.obj
LOAD CMakeFiles/StepServer.elf.dir/Drivers/STM32H7xx_HAL_Driver/Src/stm32h7xx_hal_rcc_ex.c.obj
LOAD CMakeFiles/StepServer.elf.dir/Drivers/STM32H7xx_HAL_Driver/Src/stm32h7xx_hal_spi.c.obj
LOAD CMakeFiles/StepServer.elf.dir/Drivers/STM32H7xx_HAL_Driver/Src/stm32h7xx_hal_spi_ex.c.obj
LOAD CMakeFiles/StepServer.elf.dir/Drivers/STM32H7xx_HAL_Driver/Src/stm32h7xx_hal_tim.c.obj
LOAD CMakeFiles/StepServer.elf.dir/Drivers/STM32H7xx_HAL_Driver/Src/stm32h7xx_hal_tim_ex.c.obj
LOAD CMakeFiles/StepServer.elf.dir/Drivers/STM32H7xx_HAL_Driver/Src/stm32h7xx_hal_uart.c.obj
LOAD CMakeFiles/StepServer.elf.dir/Drivers/STM32H7xx_HAL_Driver/Src/stm32h7xx_hal_uart_ex.c.obj
LOAD CMakeFiles/StepServer.elf.dir/Middlewares/Third_Party/FreeRTOS/Source/CMSIS_RTOS/cmsis_os.c.obj
LOAD CMakeFiles/StepServer.elf.dir/Middlewares/Third_Party/FreeRTOS/Source/croutine.c.obj
LOAD CMakeFiles/StepServer.elf.dir/Middlewares/Third_Party/FreeRTOS/Source/event_groups.c.obj
LOAD CMakeFiles/StepServer.elf.dir/Middlewares/Third_Party/FreeRTOS/Source/list.c.obj
LOAD CMakeFiles/StepServer.elf.dir/Middlewares/Third_Party/FreeRTOS/Source/portable/GCC/ARM_CM4F/port.c.obj
LOAD CMakeFiles/StepServer.elf.dir/Middlewares/Third_Party/FreeRTOS/Source/portable/MemMang/heap_4.c.obj
LOAD CMakeFiles/StepServer.elf.dir/Middlewares/Third_Party/FreeRTOS/Source/queue.c.obj
LOAD CMakeFiles/StepServer.elf.dir/Middlewares/Third_Party/FreeRTOS/Source/stream_buffer.c.obj
LOAD CMakeFiles/StepServer.elf.dir/Middlewares/Third_Party/FreeRTOS/Source/tasks.c.obj
LOAD CMakeFiles/StepServer.elf.dir/Middlewares/Third_Party/FreeRTOS/Source/timers.c.obj
LOAD CMakeFiles/StepServer.elf.dir/UserApp/FOC/FOC.c.obj
LOAD CMakeFiles/StepServer.elf.dir/UserApp/retarget/retarget.c.obj
START GROUP
LOAD /usr/local/arm/gcc-arm-10.3-2021.07-x86_64-arm-none-eabi/bin/../lib/gcc/arm-none-eabi/10.3.1/thumb/v7e-m+fp/hard/libgcc.a
LOAD /usr/local/arm/gcc-arm-10.3-2021.07-x86_64-arm-none-eabi/bin/../lib/gcc/arm-none-eabi/10.3.1/../../../../arm-none-eabi/lib/thumb/v7e-m+fp/hard/libg.a
LOAD /usr/local/arm/gcc-arm-10.3-2021.07-x86_64-arm-none-eabi/bin/../lib/gcc/arm-none-eabi/10.3.1/../../../../arm-none-eabi/lib/thumb/v7e-m+fp/hard/libc.a
END GROUP
LOAD /usr/local/arm/gcc-arm-10.3-2021.07-x86_64-arm-none-eabi/bin/../lib/gcc/arm-none-eabi/10.3.1/thumb/v7e-m+fp/hard/crtend.o
LOAD /usr/local/arm/gcc-arm-10.3-2021.07-x86_64-arm-none-eabi/bin/../lib/gcc/arm-none-eabi/10.3.1/thumb/v7e-m+fp/hard/crtn.o
                0x0000000024080000                _estack = (ORIGIN (RAM_D1) + LENGTH (RAM_D1))
                0x0000000000000200                _Min_Heap_Size = 0x200
                0x0000000000000400                _Min_Stack_Size = 0x400

.isr_vector     0x0000000008000000      0x298
                0x0000000008000000                . = ALIGN (0x4)
 *(.isr_vector)
 .isr_vector    0x0000000008000000      0x298 CMakeFiles/StepServer.elf.dir/Core/Startup/startup_stm32h743vitx.s.obj
                0x0000000008000000                g_pfnVectors
                0x0000000008000298                . = ALIGN (0x4)

.text           0x00000000080002a0     0x63c8
                0x00000000080002a0                . = ALIGN (0x4)
 *(.text)
 .text          0x00000000080002a0       0x30 /usr/local/arm/gcc-arm-10.3-2021.07-x86_64-arm-none-eabi/bin/../lib/gcc/arm-none-eabi/10.3.1/thumb/v7e-m+fp/hard/libgcc.a(_aeabi_uldivmod.o)
                0x00000000080002a0                __aeabi_uldivmod
 .text          0x00000000080002d0        0x4 /usr/local/arm/gcc-arm-10.3-2021.07-x86_64-arm-none-eabi/bin/../lib/gcc/arm-none-eabi/10.3.1/thumb/v7e-m+fp/hard/libgcc.a(_dvmd_tls.o)
                0x00000000080002d0                __aeabi_ldiv0
                0x00000000080002d0                __aeabi_idiv0
 *(.text*)
 .text.deregister_tm_clones
                0x00000000080002d4       0x1c /usr/local/arm/gcc-arm-10.3-2021.07-x86_64-arm-none-eabi/bin/../lib/gcc/arm-none-eabi/10.3.1/thumb/v7e-m+fp/hard/crtbegin.o
 .text.register_tm_clones
                0x00000000080002f0       0x24 /usr/local/arm/gcc-arm-10.3-2021.07-x86_64-arm-none-eabi/bin/../lib/gcc/arm-none-eabi/10.3.1/thumb/v7e-m+fp/hard/crtbegin.o
 .text.__do_global_dtors_aux
                0x0000000008000314       0x28 /usr/local/arm/gcc-arm-10.3-2021.07-x86_64-arm-none-eabi/bin/../lib/gcc/arm-none-eabi/10.3.1/thumb/v7e-m+fp/hard/crtbegin.o
 .text.frame_dummy
                0x000000000800033c       0x24 /usr/local/arm/gcc-arm-10.3-2021.07-x86_64-arm-none-eabi/bin/../lib/gcc/arm-none-eabi/10.3.1/thumb/v7e-m+fp/hard/crtbegin.o
 .text.vApplicationGetIdleTaskMemory
                0x0000000008000360       0x18 CMakeFiles/StepServer.elf.dir/Core/Src/freertos.c.obj
                0x0000000008000360                vApplicationGetIdleTaskMemory
 .text.MX_GPIO_Init
                0x0000000008000378      0x11c CMakeFiles/StepServer.elf.dir/Core/Src/main.c.obj
 .text.MX_DMA_Init
                0x0000000008000494       0x48 CMakeFiles/StepServer.elf.dir/Core/Src/main.c.obj
 .text.StartDefaultTask
                0x00000000080004dc       0x18 CMakeFiles/StepServer.elf.dir/Core/Src/main.c.obj
                0x00000000080004dc                StartDefaultTask
 .text.Error_Handler
                0x00000000080004f4        0x4 CMakeFiles/StepServer.elf.dir/Core/Src/main.c.obj
                0x00000000080004f4                Error_Handler
 .text.MX_USART1_UART_Init
                0x00000000080004f8       0x60 CMakeFiles/StepServer.elf.dir/Core/Src/main.c.obj
 .text.MX_SPI1_Init
                0x0000000008000558       0x5c CMakeFiles/StepServer.elf.dir/Core/Src/main.c.obj
 .text.MX_TIM4_Init
                0x00000000080005b4       0x80 CMakeFiles/StepServer.elf.dir/Core/Src/main.c.obj
 .text.MX_TIM2_Init
                0x0000000008000634       0x7c CMakeFiles/StepServer.elf.dir/Core/Src/main.c.obj
 .text.MX_TIM3_Init
                0x00000000080006b0       0x7c CMakeFiles/StepServer.elf.dir/Core/Src/main.c.obj
 .text.SystemClock_Config
                0x000000000800072c       0xc0 CMakeFiles/StepServer.elf.dir/Core/Src/main.c.obj
                0x000000000800072c                SystemClock_Config
 .text.main     0x00000000080007ec       0x58 CMakeFiles/StepServer.elf.dir/Core/Src/main.c.obj
                0x00000000080007ec                main
 .text.HAL_MspInit
                0x0000000008000844       0x34 CMakeFiles/StepServer.elf.dir/Core/Src/stm32h7xx_hal_msp.c.obj
                0x0000000008000844                HAL_MspInit
 .text.HAL_SPI_MspInit
                0x0000000008000878       0xe4 CMakeFiles/StepServer.elf.dir/Core/Src/stm32h7xx_hal_msp.c.obj
                0x0000000008000878                HAL_SPI_MspInit
 .text.HAL_TIM_PWM_MspInit
                0x000000000800095c       0x90 CMakeFiles/StepServer.elf.dir/Core/Src/stm32h7xx_hal_msp.c.obj
                0x000000000800095c                HAL_TIM_PWM_MspInit
 .text.HAL_TIM_MspPostInit
                0x00000000080009ec       0xcc CMakeFiles/StepServer.elf.dir/Core/Src/stm32h7xx_hal_msp.c.obj
                0x00000000080009ec                HAL_TIM_MspPostInit
 .text.HAL_UART_MspInit
                0x0000000008000ab8       0xd4 CMakeFiles/StepServer.elf.dir/Core/Src/stm32h7xx_hal_msp.c.obj
                0x0000000008000ab8                HAL_UART_MspInit
 .text.NMI_Handler
                0x0000000008000b8c        0x2 CMakeFiles/StepServer.elf.dir/Core/Src/stm32h7xx_it.c.obj
                0x0000000008000b8c                NMI_Handler
 .text.HardFault_Handler
                0x0000000008000b8e        0x2 CMakeFiles/StepServer.elf.dir/Core/Src/stm32h7xx_it.c.obj
                0x0000000008000b8e                HardFault_Handler
 .text.MemManage_Handler
                0x0000000008000b90        0x2 CMakeFiles/StepServer.elf.dir/Core/Src/stm32h7xx_it.c.obj
                0x0000000008000b90                MemManage_Handler
 .text.BusFault_Handler
                0x0000000008000b92        0x2 CMakeFiles/StepServer.elf.dir/Core/Src/stm32h7xx_it.c.obj
                0x0000000008000b92                BusFault_Handler
 .text.UsageFault_Handler
                0x0000000008000b94        0x2 CMakeFiles/StepServer.elf.dir/Core/Src/stm32h7xx_it.c.obj
                0x0000000008000b94                UsageFault_Handler
 .text.DebugMon_Handler
                0x0000000008000b96        0x2 CMakeFiles/StepServer.elf.dir/Core/Src/stm32h7xx_it.c.obj
                0x0000000008000b96                DebugMon_Handler
 .text.SysTick_Handler
                0x0000000008000b98       0x16 CMakeFiles/StepServer.elf.dir/Core/Src/stm32h7xx_it.c.obj
                0x0000000008000b98                SysTick_Handler
 *fill*         0x0000000008000bae        0x2 
 .text.DMA1_Stream0_IRQHandler
                0x0000000008000bb0       0x10 CMakeFiles/StepServer.elf.dir/Core/Src/stm32h7xx_it.c.obj
                0x0000000008000bb0                DMA1_Stream0_IRQHandler
 .text.DMA1_Stream1_IRQHandler
                0x0000000008000bc0       0x10 CMakeFiles/StepServer.elf.dir/Core/Src/stm32h7xx_it.c.obj
                0x0000000008000bc0                DMA1_Stream1_IRQHandler
 .text.TIM4_IRQHandler
                0x0000000008000bd0       0x10 CMakeFiles/StepServer.elf.dir/Core/Src/stm32h7xx_it.c.obj
                0x0000000008000bd0                TIM4_IRQHandler
 .text.SPI1_IRQHandler
                0x0000000008000be0       0x10 CMakeFiles/StepServer.elf.dir/Core/Src/stm32h7xx_it.c.obj
                0x0000000008000be0                SPI1_IRQHandler
 .text.SystemInit
                0x0000000008000bf0       0xcc CMakeFiles/StepServer.elf.dir/Core/Src/system_stm32h7xx.c.obj
                0x0000000008000bf0                SystemInit
 .text.Reset_Handler
                0x0000000008000cbc       0x50 CMakeFiles/StepServer.elf.dir/Core/Startup/startup_stm32h743vitx.s.obj
                0x0000000008000cbc                Reset_Handler
 .text.Default_Handler
                0x0000000008000d0c        0x2 CMakeFiles/StepServer.elf.dir/Core/Startup/startup_stm32h743vitx.s.obj
                0x0000000008000d0c                RTC_Alarm_IRQHandler
                0x0000000008000d0c                EXTI2_IRQHandler
                0x0000000008000d0c                TIM8_CC_IRQHandler
                0x0000000008000d0c                HRTIM1_Master_IRQHandler
                0x0000000008000d0c                UART8_IRQHandler
                0x0000000008000d0c                SPI4_IRQHandler
                0x0000000008000d0c                TIM1_CC_IRQHandler
                0x0000000008000d0c                BDMA_Channel6_IRQHandler
                0x0000000008000d0c                DMA2_Stream5_IRQHandler
                0x0000000008000d0c                HRTIM1_FLT_IRQHandler
                0x0000000008000d0c                JPEG_IRQHandler
                0x0000000008000d0c                DMA1_Stream5_IRQHandler
                0x0000000008000d0c                BDMA_Channel1_IRQHandler
                0x0000000008000d0c                HRTIM1_TIMD_IRQHandler
                0x0000000008000d0c                TAMP_STAMP_IRQHandler
                0x0000000008000d0c                EXTI3_IRQHandler
                0x0000000008000d0c                LPTIM4_IRQHandler
                0x0000000008000d0c                TIM8_TRG_COM_TIM14_IRQHandler
                0x0000000008000d0c                LPTIM2_IRQHandler
                0x0000000008000d0c                DFSDM1_FLT1_IRQHandler
                0x0000000008000d0c                DMAMUX2_OVR_IRQHandler
                0x0000000008000d0c                TIM8_UP_TIM13_IRQHandler
                0x0000000008000d0c                I2C3_ER_IRQHandler
                0x0000000008000d0c                DFSDM1_FLT2_IRQHandler
                0x0000000008000d0c                MDMA_IRQHandler
                0x0000000008000d0c                LPTIM3_IRQHandler
                0x0000000008000d0c                HSEM1_IRQHandler
                0x0000000008000d0c                EXTI0_IRQHandler
                0x0000000008000d0c                I2C2_EV_IRQHandler
                0x0000000008000d0c                DMA1_Stream2_IRQHandler
                0x0000000008000d0c                FPU_IRQHandler
                0x0000000008000d0c                OTG_HS_WKUP_IRQHandler
                0x0000000008000d0c                FDCAN1_IT1_IRQHandler
                0x0000000008000d0c                LTDC_ER_IRQHandler
                0x0000000008000d0c                DMA2_Stream2_IRQHandler
                0x0000000008000d0c                HRTIM1_TIME_IRQHandler
                0x0000000008000d0c                TIM6_DAC_IRQHandler
                0x0000000008000d0c                DCMI_IRQHandler
                0x0000000008000d0c                HRTIM1_TIMC_IRQHandler
                0x0000000008000d0c                DMA2_Stream3_IRQHandler
                0x0000000008000d0c                SAI2_IRQHandler
                0x0000000008000d0c                DFSDM1_FLT3_IRQHandler
                0x0000000008000d0c                USART6_IRQHandler
                0x0000000008000d0c                TIM17_IRQHandler
                0x0000000008000d0c                USART3_IRQHandler
                0x0000000008000d0c                BDMA_Channel7_IRQHandler
                0x0000000008000d0c                LPTIM5_IRQHandler
                0x0000000008000d0c                UART5_IRQHandler
                0x0000000008000d0c                ADC3_IRQHandler
                0x0000000008000d0c                DMA2_Stream0_IRQHandler
                0x0000000008000d0c                BDMA_Channel2_IRQHandler
                0x0000000008000d0c                QUADSPI_IRQHandler
                0x0000000008000d0c                I2C1_EV_IRQHandler
                0x0000000008000d0c                DMA1_Stream6_IRQHandler
                0x0000000008000d0c                DMAMUX1_OVR_IRQHandler
                0x0000000008000d0c                TIM16_IRQHandler
                0x0000000008000d0c                UART4_IRQHandler
                0x0000000008000d0c                BDMA_Channel5_IRQHandler
                0x0000000008000d0c                TIM3_IRQHandler
                0x0000000008000d0c                RCC_IRQHandler
                0x0000000008000d0c                TIM8_BRK_TIM12_IRQHandler
                0x0000000008000d0c                TIM1_TRG_COM_IRQHandler
                0x0000000008000d0c                Default_Handler
                0x0000000008000d0c                ECC_IRQHandler
                0x0000000008000d0c                CEC_IRQHandler
                0x0000000008000d0c                EXTI15_10_IRQHandler
                0x0000000008000d0c                BDMA_Channel0_IRQHandler
                0x0000000008000d0c                ADC_IRQHandler
                0x0000000008000d0c                DMA1_Stream7_IRQHandler
                0x0000000008000d0c                HRTIM1_TIMA_IRQHandler
                0x0000000008000d0c                SPI5_IRQHandler
                0x0000000008000d0c                TIM7_IRQHandler
                0x0000000008000d0c                SDMMC1_IRQHandler
                0x0000000008000d0c                TIM5_IRQHandler
                0x0000000008000d0c                DMA2_Stream7_IRQHandler
                0x0000000008000d0c                TIM15_IRQHandler
                0x0000000008000d0c                PVD_AVD_IRQHandler
                0x0000000008000d0c                I2C3_EV_IRQHandler
                0x0000000008000d0c                EXTI9_5_IRQHandler
                0x0000000008000d0c                RTC_WKUP_IRQHandler
                0x0000000008000d0c                LTDC_IRQHandler
                0x0000000008000d0c                SAI3_IRQHandler
                0x0000000008000d0c                ETH_WKUP_IRQHandler
                0x0000000008000d0c                SPDIF_RX_IRQHandler
                0x0000000008000d0c                SPI2_IRQHandler
                0x0000000008000d0c                OTG_HS_EP1_IN_IRQHandler
                0x0000000008000d0c                CRS_IRQHandler
                0x0000000008000d0c                EXTI4_IRQHandler
                0x0000000008000d0c                RNG_IRQHandler
                0x0000000008000d0c                HRTIM1_TIMB_IRQHandler
                0x0000000008000d0c                FDCAN2_IT1_IRQHandler
                0x0000000008000d0c                ETH_IRQHandler
                0x0000000008000d0c                TIM1_UP_IRQHandler
                0x0000000008000d0c                BDMA_Channel4_IRQHandler
                0x0000000008000d0c                OTG_HS_EP1_OUT_IRQHandler
                0x0000000008000d0c                WWDG_IRQHandler
                0x0000000008000d0c                SPI6_IRQHandler
                0x0000000008000d0c                MDIOS_IRQHandler
                0x0000000008000d0c                I2C4_EV_IRQHandler
                0x0000000008000d0c                FDCAN2_IT0_IRQHandler
                0x0000000008000d0c                LPUART1_IRQHandler
                0x0000000008000d0c                FDCAN1_IT0_IRQHandler
                0x0000000008000d0c                TIM2_IRQHandler
                0x0000000008000d0c                OTG_FS_WKUP_IRQHandler
                0x0000000008000d0c                OTG_HS_IRQHandler
                0x0000000008000d0c                DMA2D_IRQHandler
                0x0000000008000d0c                TIM1_BRK_IRQHandler
                0x0000000008000d0c                EXTI1_IRQHandler
                0x0000000008000d0c                SDMMC2_IRQHandler
                0x0000000008000d0c                OTG_FS_EP1_OUT_IRQHandler
                0x0000000008000d0c                BDMA_Channel3_IRQHandler
                0x0000000008000d0c                UART7_IRQHandler
                0x0000000008000d0c                MDIOS_WKUP_IRQHandler
                0x0000000008000d0c                USART2_IRQHandler
                0x0000000008000d0c                DFSDM1_FLT0_IRQHandler
                0x0000000008000d0c                SAI4_IRQHandler
                0x0000000008000d0c                I2C2_ER_IRQHandler
                0x0000000008000d0c                DMA2_Stream1_IRQHandler
                0x0000000008000d0c                FLASH_IRQHandler
                0x0000000008000d0c                DMA2_Stream4_IRQHandler
                0x0000000008000d0c                USART1_IRQHandler
                0x0000000008000d0c                OTG_FS_IRQHandler
                0x0000000008000d0c                SPI3_IRQHandler
                0x0000000008000d0c                WAKEUP_PIN_IRQHandler
                0x0000000008000d0c                DMA1_Stream4_IRQHandler
                0x0000000008000d0c                OTG_FS_EP1_IN_IRQHandler
                0x0000000008000d0c                I2C1_ER_IRQHandler
                0x0000000008000d0c                FMC_IRQHandler
                0x0000000008000d0c                FDCAN_CAL_IRQHandler
                0x0000000008000d0c                SWPMI1_IRQHandler
                0x0000000008000d0c                COMP1_IRQHandler
                0x0000000008000d0c                LPTIM1_IRQHandler
                0x0000000008000d0c                I2C4_ER_IRQHandler
                0x0000000008000d0c                DMA2_Stream6_IRQHandler
                0x0000000008000d0c                SAI1_IRQHandler
                0x0000000008000d0c                DMA1_Stream3_IRQHandler
 *fill*         0x0000000008000d0e        0x2 
 .text.HAL_InitTick
                0x0000000008000d10       0x50 CMakeFiles/StepServer.elf.dir/Drivers/STM32H7xx_HAL_Driver/Src/stm32h7xx_hal.c.obj
                0x0000000008000d10                HAL_InitTick
 .text.HAL_Init
                0x0000000008000d60       0x5c CMakeFiles/StepServer.elf.dir/Drivers/STM32H7xx_HAL_Driver/Src/stm32h7xx_hal.c.obj
                0x0000000008000d60                HAL_Init
 .text.HAL_IncTick
                0x0000000008000dbc       0x18 CMakeFiles/StepServer.elf.dir/Drivers/STM32H7xx_HAL_Driver/Src/stm32h7xx_hal.c.obj
                0x0000000008000dbc                HAL_IncTick
 .text.HAL_GetTick
                0x0000000008000dd4        0xc CMakeFiles/StepServer.elf.dir/Drivers/STM32H7xx_HAL_Driver/Src/stm32h7xx_hal.c.obj
                0x0000000008000dd4                HAL_GetTick
 .text.HAL_GetREVID
                0x0000000008000de0        0xc CMakeFiles/StepServer.elf.dir/Drivers/STM32H7xx_HAL_Driver/Src/stm32h7xx_hal.c.obj
                0x0000000008000de0                HAL_GetREVID
 .text.HAL_NVIC_SetPriorityGrouping
                0x0000000008000dec       0x24 CMakeFiles/StepServer.elf.dir/Drivers/STM32H7xx_HAL_Driver/Src/stm32h7xx_hal_cortex.c.obj
                0x0000000008000dec                HAL_NVIC_SetPriorityGrouping
 .text.HAL_NVIC_SetPriority
                0x0000000008000e10       0x6c CMakeFiles/StepServer.elf.dir/Drivers/STM32H7xx_HAL_Driver/Src/stm32h7xx_hal_cortex.c.obj
                0x0000000008000e10                HAL_NVIC_SetPriority
 .text.HAL_NVIC_EnableIRQ
                0x0000000008000e7c       0x1c CMakeFiles/StepServer.elf.dir/Drivers/STM32H7xx_HAL_Driver/Src/stm32h7xx_hal_cortex.c.obj
                0x0000000008000e7c                HAL_NVIC_EnableIRQ
 .text.HAL_SYSTICK_Config
                0x0000000008000e98       0x28 CMakeFiles/StepServer.elf.dir/Drivers/STM32H7xx_HAL_Driver/Src/stm32h7xx_hal_cortex.c.obj
                0x0000000008000e98                HAL_SYSTICK_Config
 .text.DMA_CalcBaseAndBitshift
                0x0000000008000ec0       0xb4 CMakeFiles/StepServer.elf.dir/Drivers/STM32H7xx_HAL_Driver/Src/stm32h7xx_hal_dma.c.obj
 .text.DMA_CheckFifoParam
                0x0000000008000f74       0x92 CMakeFiles/StepServer.elf.dir/Drivers/STM32H7xx_HAL_Driver/Src/stm32h7xx_hal_dma.c.obj
 *fill*         0x0000000008001006        0x2 
 .text.DMA_CalcDMAMUXChannelBaseAndMask
                0x0000000008001008       0xb0 CMakeFiles/StepServer.elf.dir/Drivers/STM32H7xx_HAL_Driver/Src/stm32h7xx_hal_dma.c.obj
 .text.DMA_CalcDMAMUXRequestGenBaseAndMask
                0x00000000080010b8       0x7c CMakeFiles/StepServer.elf.dir/Drivers/STM32H7xx_HAL_Driver/Src/stm32h7xx_hal_dma.c.obj
 .text.HAL_DMA_Init
                0x0000000008001134      0x3a4 CMakeFiles/StepServer.elf.dir/Drivers/STM32H7xx_HAL_Driver/Src/stm32h7xx_hal_dma.c.obj
                0x0000000008001134                HAL_DMA_Init
 .text.HAL_DMA_Abort_IT
                0x00000000080014d8      0x270 CMakeFiles/StepServer.elf.dir/Drivers/STM32H7xx_HAL_Driver/Src/stm32h7xx_hal_dma.c.obj
                0x00000000080014d8                HAL_DMA_Abort_IT
 .text.HAL_DMA_IRQHandler
                0x0000000008001748      0x738 CMakeFiles/StepServer.elf.dir/Drivers/STM32H7xx_HAL_Driver/Src/stm32h7xx_hal_dma.c.obj
                0x0000000008001748                HAL_DMA_IRQHandler
 .text.HAL_GPIO_Init
                0x0000000008001e80      0x220 CMakeFiles/StepServer.elf.dir/Drivers/STM32H7xx_HAL_Driver/Src/stm32h7xx_hal_gpio.c.obj
                0x0000000008001e80                HAL_GPIO_Init
 .text.HAL_GPIO_WritePin
                0x00000000080020a0        0xc CMakeFiles/StepServer.elf.dir/Drivers/STM32H7xx_HAL_Driver/Src/stm32h7xx_hal_gpio.c.obj
                0x00000000080020a0                HAL_GPIO_WritePin
 .text.HAL_GPIO_TogglePin
                0x00000000080020ac       0x12 CMakeFiles/StepServer.elf.dir/Drivers/STM32H7xx_HAL_Driver/Src/stm32h7xx_hal_gpio.c.obj
                0x00000000080020ac                HAL_GPIO_TogglePin
 *fill*         0x00000000080020be        0x2 
 .text.HAL_PWREx_ConfigSupply
                0x00000000080020c0       0x54 CMakeFiles/StepServer.elf.dir/Drivers/STM32H7xx_HAL_Driver/Src/stm32h7xx_hal_pwr_ex.c.obj
                0x00000000080020c0                HAL_PWREx_ConfigSupply
 .text.HAL_RCC_OscConfig
                0x0000000008002114      0x6b4 CMakeFiles/StepServer.elf.dir/Drivers/STM32H7xx_HAL_Driver/Src/stm32h7xx_hal_rcc.c.obj
                0x0000000008002114                HAL_RCC_OscConfig
 .text.HAL_RCC_GetSysClockFreq
                0x00000000080027c8      0x1f4 CMakeFiles/StepServer.elf.dir/Drivers/STM32H7xx_HAL_Driver/Src/stm32h7xx_hal_rcc.c.obj
                0x00000000080027c8                HAL_RCC_GetSysClockFreq
 .text.HAL_RCC_ClockConfig
                0x00000000080029bc      0x294 CMakeFiles/StepServer.elf.dir/Drivers/STM32H7xx_HAL_Driver/Src/stm32h7xx_hal_rcc.c.obj
                0x00000000080029bc                HAL_RCC_ClockConfig
 .text.HAL_RCC_GetHCLKFreq
                0x0000000008002c50       0x44 CMakeFiles/StepServer.elf.dir/Drivers/STM32H7xx_HAL_Driver/Src/stm32h7xx_hal_rcc.c.obj
                0x0000000008002c50                HAL_RCC_GetHCLKFreq
 .text.HAL_RCC_GetPCLK1Freq
                0x0000000008002c94       0x24 CMakeFiles/StepServer.elf.dir/Drivers/STM32H7xx_HAL_Driver/Src/stm32h7xx_hal_rcc.c.obj
                0x0000000008002c94                HAL_RCC_GetPCLK1Freq
 .text.HAL_RCC_GetPCLK2Freq
                0x0000000008002cb8       0x24 CMakeFiles/StepServer.elf.dir/Drivers/STM32H7xx_HAL_Driver/Src/stm32h7xx_hal_rcc.c.obj
                0x0000000008002cb8                HAL_RCC_GetPCLK2Freq
 .text.RCCEx_PLL2_Config
                0x0000000008002cdc      0x10c CMakeFiles/StepServer.elf.dir/Drivers/STM32H7xx_HAL_Driver/Src/stm32h7xx_hal_rcc_ex.c.obj
 .text.RCCEx_PLL3_Config
                0x0000000008002de8      0x10c CMakeFiles/StepServer.elf.dir/Drivers/STM32H7xx_HAL_Driver/Src/stm32h7xx_hal_rcc_ex.c.obj
 .text.HAL_RCCEx_PeriphCLKConfig
                0x0000000008002ef4      0xa8c CMakeFiles/StepServer.elf.dir/Drivers/STM32H7xx_HAL_Driver/Src/stm32h7xx_hal_rcc_ex.c.obj
                0x0000000008002ef4                HAL_RCCEx_PeriphCLKConfig
 .text.HAL_RCCEx_GetD3PCLK1Freq
                0x0000000008003980       0x24 CMakeFiles/StepServer.elf.dir/Drivers/STM32H7xx_HAL_Driver/Src/stm32h7xx_hal_rcc_ex.c.obj
                0x0000000008003980                HAL_RCCEx_GetD3PCLK1Freq
 .text.HAL_RCCEx_GetPLL2ClockFreq
                0x00000000080039a4      0x1f8 CMakeFiles/StepServer.elf.dir/Drivers/STM32H7xx_HAL_Driver/Src/stm32h7xx_hal_rcc_ex.c.obj
                0x00000000080039a4                HAL_RCCEx_GetPLL2ClockFreq
 .text.HAL_RCCEx_GetPLL3ClockFreq
                0x0000000008003b9c      0x1f8 CMakeFiles/StepServer.elf.dir/Drivers/STM32H7xx_HAL_Driver/Src/stm32h7xx_hal_rcc_ex.c.obj
                0x0000000008003b9c                HAL_RCCEx_GetPLL3ClockFreq
 .text.SPI_CloseTransfer
                0x0000000008003d94       0xd0 CMakeFiles/StepServer.elf.dir/Drivers/STM32H7xx_HAL_Driver/Src/stm32h7xx_hal_spi.c.obj
 .text.SPI_GetPacketSize
                0x0000000008003e64       0x10 CMakeFiles/StepServer.elf.dir/Drivers/STM32H7xx_HAL_Driver/Src/stm32h7xx_hal_spi.c.obj
 .text.HAL_SPI_Init
                0x0000000008003e74      0x190 CMakeFiles/StepServer.elf.dir/Drivers/STM32H7xx_HAL_Driver/Src/stm32h7xx_hal_spi.c.obj
                0x0000000008003e74                HAL_SPI_Init
 .text.HAL_SPI_TxCpltCallback
                0x0000000008004004        0x2 CMakeFiles/StepServer.elf.dir/Drivers/STM32H7xx_HAL_Driver/Src/stm32h7xx_hal_spi.c.obj
                0x0000000008004004                HAL_SPI_TxCpltCallback
 .text.HAL_SPI_RxCpltCallback
                0x0000000008004006        0x2 CMakeFiles/StepServer.elf.dir/Drivers/STM32H7xx_HAL_Driver/Src/stm32h7xx_hal_spi.c.obj
                0x0000000008004006                HAL_SPI_RxCpltCallback
 .text.HAL_SPI_TxRxCpltCallback
                0x0000000008004008        0x2 CMakeFiles/StepServer.elf.dir/Drivers/STM32H7xx_HAL_Driver/Src/stm32h7xx_hal_spi.c.obj
                0x0000000008004008                HAL_SPI_TxRxCpltCallback
 .text.HAL_SPI_ErrorCallback
                0x000000000800400a        0x2 CMakeFiles/StepServer.elf.dir/Drivers/STM32H7xx_HAL_Driver/Src/stm32h7xx_hal_spi.c.obj
                0x000000000800400a                HAL_SPI_ErrorCallback
 .text.SPI_DMAAbortOnError
                0x000000000800400c       0x1a CMakeFiles/StepServer.elf.dir/Drivers/STM32H7xx_HAL_Driver/Src/stm32h7xx_hal_spi.c.obj
 .text.HAL_SPI_SuspendCallback
                0x0000000008004026        0x2 CMakeFiles/StepServer.elf.dir/Drivers/STM32H7xx_HAL_Driver/Src/stm32h7xx_hal_spi.c.obj
                0x0000000008004026                HAL_SPI_SuspendCallback
 .text.HAL_SPI_IRQHandler
                0x0000000008004028      0x240 CMakeFiles/StepServer.elf.dir/Drivers/STM32H7xx_HAL_Driver/Src/stm32h7xx_hal_spi.c.obj
                0x0000000008004028                HAL_SPI_IRQHandler
 .text.TIM_OC1_SetConfig
                0x0000000008004268       0xa8 CMakeFiles/StepServer.elf.dir/Drivers/STM32H7xx_HAL_Driver/Src/stm32h7xx_hal_tim.c.obj
 .text.TIM_OC3_SetConfig
                0x0000000008004310       0x94 CMakeFiles/StepServer.elf.dir/Drivers/STM32H7xx_HAL_Driver/Src/stm32h7xx_hal_tim.c.obj
 .text.TIM_OC4_SetConfig
                0x00000000080043a4       0x74 CMakeFiles/StepServer.elf.dir/Drivers/STM32H7xx_HAL_Driver/Src/stm32h7xx_hal_tim.c.obj
 .text.TIM_OC5_SetConfig
                0x0000000008004418       0x74 CMakeFiles/StepServer.elf.dir/Drivers/STM32H7xx_HAL_Driver/Src/stm32h7xx_hal_tim.c.obj
 .text.TIM_OC6_SetConfig
                0x000000000800448c       0x74 CMakeFiles/StepServer.elf.dir/Drivers/STM32H7xx_HAL_Driver/Src/stm32h7xx_hal_tim.c.obj
 .text.HAL_TIM_PeriodElapsedCallback
                0x0000000008004500        0x2 CMakeFiles/StepServer.elf.dir/Drivers/STM32H7xx_HAL_Driver/Src/stm32h7xx_hal_tim.c.obj
                0x0000000008004500                HAL_TIM_PeriodElapsedCallback
 .text.HAL_TIM_OC_DelayElapsedCallback
                0x0000000008004502        0x2 CMakeFiles/StepServer.elf.dir/Drivers/STM32H7xx_HAL_Driver/Src/stm32h7xx_hal_tim.c.obj
                0x0000000008004502                HAL_TIM_OC_DelayElapsedCallback
 .text.HAL_TIM_IC_CaptureCallback
                0x0000000008004504        0x2 CMakeFiles/StepServer.elf.dir/Drivers/STM32H7xx_HAL_Driver/Src/stm32h7xx_hal_tim.c.obj
                0x0000000008004504                HAL_TIM_IC_CaptureCallback
 .text.HAL_TIM_PWM_PulseFinishedCallback
                0x0000000008004506        0x2 CMakeFiles/StepServer.elf.dir/Drivers/STM32H7xx_HAL_Driver/Src/stm32h7xx_hal_tim.c.obj
                0x0000000008004506                HAL_TIM_PWM_PulseFinishedCallback
 .text.HAL_TIM_TriggerCallback
                0x0000000008004508        0x2 CMakeFiles/StepServer.elf.dir/Drivers/STM32H7xx_HAL_Driver/Src/stm32h7xx_hal_tim.c.obj
                0x0000000008004508                HAL_TIM_TriggerCallback
 .text.HAL_TIM_IRQHandler
                0x000000000800450a      0x19a CMakeFiles/StepServer.elf.dir/Drivers/STM32H7xx_HAL_Driver/Src/stm32h7xx_hal_tim.c.obj
                0x000000000800450a                HAL_TIM_IRQHandler
 .text.TIM_Base_SetConfig
                0x00000000080046a4      0x104 CMakeFiles/StepServer.elf.dir/Drivers/STM32H7xx_HAL_Driver/Src/stm32h7xx_hal_tim.c.obj
                0x00000000080046a4                TIM_Base_SetConfig
 .text.HAL_TIM_PWM_Init
                0x00000000080047a8       0x60 CMakeFiles/StepServer.elf.dir/Drivers/STM32H7xx_HAL_Driver/Src/stm32h7xx_hal_tim.c.obj
                0x00000000080047a8                HAL_TIM_PWM_Init
 .text.TIM_OC2_SetConfig
                0x0000000008004808       0x94 CMakeFiles/StepServer.elf.dir/Drivers/STM32H7xx_HAL_Driver/Src/stm32h7xx_hal_tim.c.obj
                0x0000000008004808                TIM_OC2_SetConfig
 .text.HAL_TIM_PWM_ConfigChannel
                0x000000000800489c      0x13a CMakeFiles/StepServer.elf.dir/Drivers/STM32H7xx_HAL_Driver/Src/stm32h7xx_hal_tim.c.obj
                0x000000000800489c                HAL_TIM_PWM_ConfigChannel
 *fill*         0x00000000080049d6        0x2 
 .text.HAL_TIMEx_MasterConfigSynchronization
                0x00000000080049d8       0xa0 CMakeFiles/StepServer.elf.dir/Drivers/STM32H7xx_HAL_Driver/Src/stm32h7xx_hal_tim_ex.c.obj
                0x00000000080049d8                HAL_TIMEx_MasterConfigSynchronization
 .text.HAL_TIMEx_CommutCallback
                0x0000000008004a78        0x2 CMakeFiles/StepServer.elf.dir/Drivers/STM32H7xx_HAL_Driver/Src/stm32h7xx_hal_tim_ex.c.obj
                0x0000000008004a78                HAL_TIMEx_CommutCallback
 .text.HAL_TIMEx_BreakCallback
                0x0000000008004a7a        0x2 CMakeFiles/StepServer.elf.dir/Drivers/STM32H7xx_HAL_Driver/Src/stm32h7xx_hal_tim_ex.c.obj
                0x0000000008004a7a                HAL_TIMEx_BreakCallback
 .text.HAL_TIMEx_Break2Callback
                0x0000000008004a7c        0x2 CMakeFiles/StepServer.elf.dir/Drivers/STM32H7xx_HAL_Driver/Src/stm32h7xx_hal_tim_ex.c.obj
                0x0000000008004a7c                HAL_TIMEx_Break2Callback
 *fill*         0x0000000008004a7e        0x2 
 .text.UART_EndRxTransfer
                0x0000000008004a80       0x58 CMakeFiles/StepServer.elf.dir/Drivers/STM32H7xx_HAL_Driver/Src/stm32h7xx_hal_uart.c.obj
 .text.UART_SetConfig
                0x0000000008004ad8      0x5f4 CMakeFiles/StepServer.elf.dir/Drivers/STM32H7xx_HAL_Driver/Src/stm32h7xx_hal_uart.c.obj
                0x0000000008004ad8                UART_SetConfig
 .text.UART_AdvFeatureConfig
                0x00000000080050cc       0xca CMakeFiles/StepServer.elf.dir/Drivers/STM32H7xx_HAL_Driver/Src/stm32h7xx_hal_uart.c.obj
                0x00000000080050cc                UART_AdvFeatureConfig
 .text.UART_WaitOnFlagUntilTimeout
                0x0000000008005196       0x9a CMakeFiles/StepServer.elf.dir/Drivers/STM32H7xx_HAL_Driver/Src/stm32h7xx_hal_uart.c.obj
                0x0000000008005196                UART_WaitOnFlagUntilTimeout
 .text.UART_CheckIdleState
                0x0000000008005230       0xca CMakeFiles/StepServer.elf.dir/Drivers/STM32H7xx_HAL_Driver/Src/stm32h7xx_hal_uart.c.obj
                0x0000000008005230                UART_CheckIdleState
 .text.HAL_UART_Init
                0x00000000080052fa       0x66 CMakeFiles/StepServer.elf.dir/Drivers/STM32H7xx_HAL_Driver/Src/stm32h7xx_hal_uart.c.obj
                0x00000000080052fa                HAL_UART_Init
 .text.UARTEx_SetNbDataToProcess
                0x0000000008005360       0x4c CMakeFiles/StepServer.elf.dir/Drivers/STM32H7xx_HAL_Driver/Src/stm32h7xx_hal_uart_ex.c.obj
 .text.HAL_UARTEx_DisableFifoMode
                0x00000000080053ac       0x3e CMakeFiles/StepServer.elf.dir/Drivers/STM32H7xx_HAL_Driver/Src/stm32h7xx_hal_uart_ex.c.obj
                0x00000000080053ac                HAL_UARTEx_DisableFifoMode
 .text.HAL_UARTEx_SetTxFifoThreshold
                0x00000000080053ea       0x4a CMakeFiles/StepServer.elf.dir/Drivers/STM32H7xx_HAL_Driver/Src/stm32h7xx_hal_uart_ex.c.obj
                0x00000000080053ea                HAL_UARTEx_SetTxFifoThreshold
 .text.HAL_UARTEx_SetRxFifoThreshold
                0x0000000008005434       0x4a CMakeFiles/StepServer.elf.dir/Drivers/STM32H7xx_HAL_Driver/Src/stm32h7xx_hal_uart_ex.c.obj
                0x0000000008005434                HAL_UARTEx_SetRxFifoThreshold
 .text.makeFreeRtosPriority
                0x000000000800547e        0xc CMakeFiles/StepServer.elf.dir/Middlewares/Third_Party/FreeRTOS/Source/CMSIS_RTOS/cmsis_os.c.obj
 .text.osKernelStart
                0x000000000800548a        0xa CMakeFiles/StepServer.elf.dir/Middlewares/Third_Party/FreeRTOS/Source/CMSIS_RTOS/cmsis_os.c.obj
                0x000000000800548a                osKernelStart
 .text.osThreadCreate
                0x0000000008005494       0x6a CMakeFiles/StepServer.elf.dir/Middlewares/Third_Party/FreeRTOS/Source/CMSIS_RTOS/cmsis_os.c.obj
                0x0000000008005494                osThreadCreate
 .text.osDelay  0x00000000080054fe        0xe CMakeFiles/StepServer.elf.dir/Middlewares/Third_Party/FreeRTOS/Source/CMSIS_RTOS/cmsis_os.c.obj
                0x00000000080054fe                osDelay
 .text.vListInitialise
                0x000000000800550c       0x16 CMakeFiles/StepServer.elf.dir/Middlewares/Third_Party/FreeRTOS/Source/list.c.obj
                0x000000000800550c                vListInitialise
 .text.vListInitialiseItem
                0x0000000008005522        0x6 CMakeFiles/StepServer.elf.dir/Middlewares/Third_Party/FreeRTOS/Source/list.c.obj
                0x0000000008005522                vListInitialiseItem
 .text.vListInsertEnd
                0x0000000008005528       0x16 CMakeFiles/StepServer.elf.dir/Middlewares/Third_Party/FreeRTOS/Source/list.c.obj
                0x0000000008005528                vListInsertEnd
 .text.vListInsert
                0x000000000800553e       0x32 CMakeFiles/StepServer.elf.dir/Middlewares/Third_Party/FreeRTOS/Source/list.c.obj
                0x000000000800553e                vListInsert
 .text.uxListRemove
                0x0000000008005570       0x26 CMakeFiles/StepServer.elf.dir/Middlewares/Third_Party/FreeRTOS/Source/list.c.obj
                0x0000000008005570                uxListRemove
 *fill*         0x0000000008005596        0x2 
 .text.prvTaskExitError
                0x0000000008005598       0x40 CMakeFiles/StepServer.elf.dir/Middlewares/Third_Party/FreeRTOS/Source/portable/GCC/ARM_CM4F/port.c.obj
 .text.prvPortStartFirstTask
                0x00000000080055d8       0x28 CMakeFiles/StepServer.elf.dir/Middlewares/Third_Party/FreeRTOS/Source/portable/GCC/ARM_CM4F/port.c.obj
 .text.vPortEnableVFP
                0x0000000008005600       0x14 CMakeFiles/StepServer.elf.dir/Middlewares/Third_Party/FreeRTOS/Source/portable/GCC/ARM_CM4F/port.c.obj
 .text.pxPortInitialiseStack
                0x0000000008005614       0x2c CMakeFiles/StepServer.elf.dir/Middlewares/Third_Party/FreeRTOS/Source/portable/GCC/ARM_CM4F/port.c.obj
                0x0000000008005614                pxPortInitialiseStack
 .text.SVC_Handler
                0x0000000008005640       0x24 CMakeFiles/StepServer.elf.dir/Middlewares/Third_Party/FreeRTOS/Source/portable/GCC/ARM_CM4F/port.c.obj
                0x0000000008005640                SVC_Handler
 .text.vPortEnterCritical
                0x0000000008005664       0x44 CMakeFiles/StepServer.elf.dir/Middlewares/Third_Party/FreeRTOS/Source/portable/GCC/ARM_CM4F/port.c.obj
                0x0000000008005664                vPortEnterCritical
 .text.vPortExitCritical
                0x00000000080056a8       0x2c CMakeFiles/StepServer.elf.dir/Middlewares/Third_Party/FreeRTOS/Source/portable/GCC/ARM_CM4F/port.c.obj
                0x00000000080056a8                vPortExitCritical
 *fill*         0x00000000080056d4        0xc 
 .text.PendSV_Handler
                0x00000000080056e0       0x64 CMakeFiles/StepServer.elf.dir/Middlewares/Third_Party/FreeRTOS/Source/portable/GCC/ARM_CM4F/port.c.obj
                0x00000000080056e0                PendSV_Handler
 .text.xPortSysTickHandler
                0x0000000008005744       0x2c CMakeFiles/StepServer.elf.dir/Middlewares/Third_Party/FreeRTOS/Source/portable/GCC/ARM_CM4F/port.c.obj
                0x0000000008005744                xPortSysTickHandler
 .text.vPortSetupTimerInterrupt
                0x0000000008005770       0x28 CMakeFiles/StepServer.elf.dir/Middlewares/Third_Party/FreeRTOS/Source/portable/GCC/ARM_CM4F/port.c.obj
                0x0000000008005770                vPortSetupTimerInterrupt
 .text.xPortStartScheduler
                0x0000000008005798      0x118 CMakeFiles/StepServer.elf.dir/Middlewares/Third_Party/FreeRTOS/Source/portable/GCC/ARM_CM4F/port.c.obj
                0x0000000008005798                xPortStartScheduler
 .text.prvHeapInit
                0x00000000080058b0       0x64 CMakeFiles/StepServer.elf.dir/Middlewares/Third_Party/FreeRTOS/Source/portable/MemMang/heap_4.c.obj
 .text.prvInsertBlockIntoFreeList
                0x0000000008005914       0x64 CMakeFiles/StepServer.elf.dir/Middlewares/Third_Party/FreeRTOS/Source/portable/MemMang/heap_4.c.obj
 .text.pvPortMalloc
                0x0000000008005978       0xfc CMakeFiles/StepServer.elf.dir/Middlewares/Third_Party/FreeRTOS/Source/portable/MemMang/heap_4.c.obj
                0x0000000008005978                pvPortMalloc
 .text.vPortFree
                0x0000000008005a74       0x7c CMakeFiles/StepServer.elf.dir/Middlewares/Third_Party/FreeRTOS/Source/portable/MemMang/heap_4.c.obj
                0x0000000008005a74                vPortFree
 .text.prvResetNextTaskUnblockTime
                0x0000000008005af0       0x2c CMakeFiles/StepServer.elf.dir/Middlewares/Third_Party/FreeRTOS/Source/tasks.c.obj
 .text.prvInitialiseNewTask
                0x0000000008005b1c       0xa2 CMakeFiles/StepServer.elf.dir/Middlewares/Third_Party/FreeRTOS/Source/tasks.c.obj
 *fill*         0x0000000008005bbe        0x2 
 .text.prvInitialiseTaskLists
                0x0000000008005bc0       0x68 CMakeFiles/StepServer.elf.dir/Middlewares/Third_Party/FreeRTOS/Source/tasks.c.obj
 .text.prvAddNewTaskToReadyList
                0x0000000008005c28       0xa8 CMakeFiles/StepServer.elf.dir/Middlewares/Third_Party/FreeRTOS/Source/tasks.c.obj
 .text.prvDeleteTCB
                0x0000000008005cd0       0x38 CMakeFiles/StepServer.elf.dir/Middlewares/Third_Party/FreeRTOS/Source/tasks.c.obj
 .text.prvCheckTasksWaitingTermination
                0x0000000008005d08       0x4c CMakeFiles/StepServer.elf.dir/Middlewares/Third_Party/FreeRTOS/Source/tasks.c.obj
 .text.prvIdleTask
                0x0000000008005d54       0x28 CMakeFiles/StepServer.elf.dir/Middlewares/Third_Party/FreeRTOS/Source/tasks.c.obj
 .text.prvAddCurrentTaskToDelayedList
                0x0000000008005d7c       0xa0 CMakeFiles/StepServer.elf.dir/Middlewares/Third_Party/FreeRTOS/Source/tasks.c.obj
 .text.xTaskCreateStatic
                0x0000000008005e1c       0x76 CMakeFiles/StepServer.elf.dir/Middlewares/Third_Party/FreeRTOS/Source/tasks.c.obj
                0x0000000008005e1c                xTaskCreateStatic
 .text.xTaskCreate
                0x0000000008005e92       0x68 CMakeFiles/StepServer.elf.dir/Middlewares/Third_Party/FreeRTOS/Source/tasks.c.obj
                0x0000000008005e92                xTaskCreate
 *fill*         0x0000000008005efa        0x2 
 .text.vTaskStartScheduler
                0x0000000008005efc       0x74 CMakeFiles/StepServer.elf.dir/Middlewares/Third_Party/FreeRTOS/Source/tasks.c.obj
                0x0000000008005efc                vTaskStartScheduler
 .text.vTaskSuspendAll
                0x0000000008005f70       0x10 CMakeFiles/StepServer.elf.dir/Middlewares/Third_Party/FreeRTOS/Source/tasks.c.obj
                0x0000000008005f70                vTaskSuspendAll
 .text.xTaskIncrementTick
                0x0000000008005f80      0x118 CMakeFiles/StepServer.elf.dir/Middlewares/Third_Party/FreeRTOS/Source/tasks.c.obj
                0x0000000008005f80                xTaskIncrementTick
 .text.xTaskResumeAll
                0x0000000008006098       0xf8 CMakeFiles/StepServer.elf.dir/Middlewares/Third_Party/FreeRTOS/Source/tasks.c.obj
                0x0000000008006098                xTaskResumeAll
 .text.vTaskDelay
                0x0000000008006190       0x4c CMakeFiles/StepServer.elf.dir/Middlewares/Third_Party/FreeRTOS/Source/tasks.c.obj
                0x0000000008006190                vTaskDelay
 .text.vTaskSwitchContext
                0x00000000080061dc       0x98 CMakeFiles/StepServer.elf.dir/Middlewares/Third_Party/FreeRTOS/Source/tasks.c.obj
                0x00000000080061dc                vTaskSwitchContext
 .text.xTaskGetSchedulerState
                0x0000000008006274       0x20 CMakeFiles/StepServer.elf.dir/Middlewares/Third_Party/FreeRTOS/Source/tasks.c.obj
                0x0000000008006274                xTaskGetSchedulerState
 .text.__udivmoddi4
                0x0000000008006294      0x2d0 /usr/local/arm/gcc-arm-10.3-2021.07-x86_64-arm-none-eabi/bin/../lib/gcc/arm-none-eabi/10.3.1/thumb/v7e-m+fp/hard/libgcc.a(_udivmoddi4.o)
                0x0000000008006294                __udivmoddi4
 .text.__libc_init_array
                0x0000000008006564       0x48 /usr/local/arm/gcc-arm-10.3-2021.07-x86_64-arm-none-eabi/bin/../lib/gcc/arm-none-eabi/10.3.1/../../../../arm-none-eabi/lib/thumb/v7e-m+fp/hard/libg.a(lib_a-init.o)
                0x0000000008006564                __libc_init_array
 .text.memset   0x00000000080065ac       0xa4 /usr/local/arm/gcc-arm-10.3-2021.07-x86_64-arm-none-eabi/bin/../lib/gcc/arm-none-eabi/10.3.1/../../../../arm-none-eabi/lib/thumb/v7e-m+fp/hard/libg.a(lib_a-memset.o)
                0x00000000080065ac                memset
 *(.glue_7)
 .glue_7        0x0000000008006650        0x0 linker stubs
 *(.glue_7t)
 .glue_7t       0x0000000008006650        0x0 linker stubs
 *(.eh_frame)
 .eh_frame      0x0000000008006650        0x0 /usr/local/arm/gcc-arm-10.3-2021.07-x86_64-arm-none-eabi/bin/../lib/gcc/arm-none-eabi/10.3.1/thumb/v7e-m+fp/hard/crtbegin.o
 *(.init)
 .init          0x0000000008006650        0x4 /usr/local/arm/gcc-arm-10.3-2021.07-x86_64-arm-none-eabi/bin/../lib/gcc/arm-none-eabi/10.3.1/thumb/v7e-m+fp/hard/crti.o
                0x0000000008006650                _init
 .init          0x0000000008006654        0x8 /usr/local/arm/gcc-arm-10.3-2021.07-x86_64-arm-none-eabi/bin/../lib/gcc/arm-none-eabi/10.3.1/thumb/v7e-m+fp/hard/crtn.o
 *(.fini)
 .fini          0x000000000800665c        0x4 /usr/local/arm/gcc-arm-10.3-2021.07-x86_64-arm-none-eabi/bin/../lib/gcc/arm-none-eabi/10.3.1/thumb/v7e-m+fp/hard/crti.o
                0x000000000800665c                _fini
 .fini          0x0000000008006660        0x8 /usr/local/arm/gcc-arm-10.3-2021.07-x86_64-arm-none-eabi/bin/../lib/gcc/arm-none-eabi/10.3.1/thumb/v7e-m+fp/hard/crtn.o
                0x0000000008006668                . = ALIGN (0x4)
                0x0000000008006668                _etext = .

.vfp11_veneer   0x0000000008006668        0x0
 .vfp11_veneer  0x0000000008006668        0x0 linker stubs

.v4_bx          0x0000000008006668        0x0
 .v4_bx         0x0000000008006668        0x0 linker stubs

.iplt           0x0000000008006668        0x0
 .iplt          0x0000000008006668        0x0 /usr/local/arm/gcc-arm-10.3-2021.07-x86_64-arm-none-eabi/bin/../lib/gcc/arm-none-eabi/10.3.1/thumb/v7e-m+fp/hard/crtbegin.o

.rodata         0x0000000008006668       0x70
                0x0000000008006668                . = ALIGN (0x4)
 *(.rodata)
 .rodata        0x0000000008006668       0x1c CMakeFiles/StepServer.elf.dir/Core/Src/main.c.obj
 *(.rodata*)
 .rodata.str1.4
                0x0000000008006684        0xc CMakeFiles/StepServer.elf.dir/Core/Src/main.c.obj
 .rodata.D1CorePrescTable
                0x0000000008006690       0x10 CMakeFiles/StepServer.elf.dir/Core/Src/system_stm32h7xx.c.obj
                0x0000000008006690                D1CorePrescTable
 .rodata.flagBitshiftOffset.0
                0x00000000080066a0        0x8 CMakeFiles/StepServer.elf.dir/Drivers/STM32H7xx_HAL_Driver/Src/stm32h7xx_hal_dma.c.obj
 .rodata.UARTPrescTable
                0x00000000080066a8       0x18 CMakeFiles/StepServer.elf.dir/Drivers/STM32H7xx_HAL_Driver/Src/stm32h7xx_hal_uart.c.obj
                0x00000000080066a8                UARTPrescTable
 .rodata.denominator.0
                0x00000000080066c0        0x8 CMakeFiles/StepServer.elf.dir/Drivers/STM32H7xx_HAL_Driver/Src/stm32h7xx_hal_uart_ex.c.obj
 .rodata.numerator.1
                0x00000000080066c8        0x8 CMakeFiles/StepServer.elf.dir/Drivers/STM32H7xx_HAL_Driver/Src/stm32h7xx_hal_uart_ex.c.obj
 .rodata.vTaskStartScheduler.str1.4
                0x00000000080066d0        0x5 CMakeFiles/StepServer.elf.dir/Middlewares/Third_Party/FreeRTOS/Source/tasks.c.obj
                0x00000000080066d8                . = ALIGN (0x4)
 *fill*         0x00000000080066d5        0x3 

.ARM.extab
 *(.ARM.extab* .gnu.linkonce.armextab.*)

.ARM            0x00000000080066d8        0x8
                0x00000000080066d8                __exidx_start = .
 *(.ARM.exidx*)
 .ARM.exidx.text.__udivmoddi4
                0x00000000080066d8        0x8 /usr/local/arm/gcc-arm-10.3-2021.07-x86_64-arm-none-eabi/bin/../lib/gcc/arm-none-eabi/10.3.1/thumb/v7e-m+fp/hard/libgcc.a(_udivmoddi4.o)
                0x00000000080066e0                __exidx_end = .

.rel.dyn        0x00000000080066e0        0x0
 .rel.iplt      0x00000000080066e0        0x0 /usr/local/arm/gcc-arm-10.3-2021.07-x86_64-arm-none-eabi/bin/../lib/gcc/arm-none-eabi/10.3.1/thumb/v7e-m+fp/hard/crtbegin.o

.preinit_array  0x00000000080066e0        0x0
                0x00000000080066e0                PROVIDE (__preinit_array_start = .)
 *(.preinit_array*)
                0x00000000080066e0                PROVIDE (__preinit_array_end = .)

.init_array     0x00000000080066e0        0x4
                0x00000000080066e0                PROVIDE (__init_array_start = .)
 *(SORT_BY_NAME(.init_array.*))
 *(.init_array*)
 .init_array    0x00000000080066e0        0x4 /usr/local/arm/gcc-arm-10.3-2021.07-x86_64-arm-none-eabi/bin/../lib/gcc/arm-none-eabi/10.3.1/thumb/v7e-m+fp/hard/crtbegin.o
                0x00000000080066e4                PROVIDE (__init_array_end = .)

.fini_array     0x00000000080066e4        0x4
                0x00000000080066e4                PROVIDE (__fini_array_start = .)
 *(SORT_BY_NAME(.fini_array.*))
 *(.fini_array*)
 .fini_array    0x00000000080066e4        0x4 /usr/local/arm/gcc-arm-10.3-2021.07-x86_64-arm-none-eabi/bin/../lib/gcc/arm-none-eabi/10.3.1/thumb/v7e-m+fp/hard/crtbegin.o
                0x00000000080066e8                PROVIDE (__fini_array_end = .)
                0x00000000080066e8                _sidata = LOADADDR (.data)

.data           0x0000000024000000       0x14 load address 0x00000000080066e8
                0x0000000024000000                . = ALIGN (0x4)
                0x0000000024000000                _sdata = .
 *(.data)
 *(.data*)
 .data.SystemCoreClock
                0x0000000024000000        0x4 CMakeFiles/StepServer.elf.dir/Core/Src/system_stm32h7xx.c.obj
                0x0000000024000000                SystemCoreClock
 .data.SystemD2Clock
                0x0000000024000004        0x4 CMakeFiles/StepServer.elf.dir/Core/Src/system_stm32h7xx.c.obj
                0x0000000024000004                SystemD2Clock
 .data.uwTickFreq
                0x0000000024000008        0x1 CMakeFiles/StepServer.elf.dir/Drivers/STM32H7xx_HAL_Driver/Src/stm32h7xx_hal.c.obj
                0x0000000024000008                uwTickFreq
 *fill*         0x0000000024000009        0x3 
 .data.uwTickPrio
                0x000000002400000c        0x4 CMakeFiles/StepServer.elf.dir/Drivers/STM32H7xx_HAL_Driver/Src/stm32h7xx_hal.c.obj
                0x000000002400000c                uwTickPrio
 .data.uxCriticalNesting
                0x0000000024000010        0x4 CMakeFiles/StepServer.elf.dir/Middlewares/Third_Party/FreeRTOS/Source/portable/GCC/ARM_CM4F/port.c.obj
 *(.RamFunc)
 *(.RamFunc*)
                0x0000000024000014                . = ALIGN (0x4)
                0x0000000024000014                _edata = .

.tm_clone_table
                0x0000000024000014        0x0 load address 0x00000000080066fc
 .tm_clone_table
                0x0000000024000014        0x0 /usr/local/arm/gcc-arm-10.3-2021.07-x86_64-arm-none-eabi/bin/../lib/gcc/arm-none-eabi/10.3.1/thumb/v7e-m+fp/hard/crtbegin.o
 .tm_clone_table
                0x0000000024000014        0x0 /usr/local/arm/gcc-arm-10.3-2021.07-x86_64-arm-none-eabi/bin/../lib/gcc/arm-none-eabi/10.3.1/thumb/v7e-m+fp/hard/crtend.o

.igot.plt       0x0000000024000014        0x0 load address 0x00000000080066fc
 .igot.plt      0x0000000024000014        0x0 /usr/local/arm/gcc-arm-10.3-2021.07-x86_64-arm-none-eabi/bin/../lib/gcc/arm-none-eabi/10.3.1/thumb/v7e-m+fp/hard/crtbegin.o
                0x0000000024000014                . = ALIGN (0x4)

.bss            0x0000000024000014     0x42bc load address 0x00000000080066fc
                0x0000000024000014                _sbss = .
                0x0000000024000014                __bss_start__ = _sbss
 *(.bss)
 *(.bss*)
 .bss.completed.1
                0x0000000024000014        0x1 /usr/local/arm/gcc-arm-10.3-2021.07-x86_64-arm-none-eabi/bin/../lib/gcc/arm-none-eabi/10.3.1/thumb/v7e-m+fp/hard/crtbegin.o
 *fill*         0x0000000024000015        0x3 
 .bss.object.0  0x0000000024000018       0x18 /usr/local/arm/gcc-arm-10.3-2021.07-x86_64-arm-none-eabi/bin/../lib/gcc/arm-none-eabi/10.3.1/thumb/v7e-m+fp/hard/crtbegin.o
 .bss.xIdleStack
                0x0000000024000030      0x200 CMakeFiles/StepServer.elf.dir/Core/Src/freertos.c.obj
 .bss.xIdleTaskTCBBuffer
                0x0000000024000230       0x54 CMakeFiles/StepServer.elf.dir/Core/Src/freertos.c.obj
 .bss.defaultTaskHandle
                0x0000000024000284        0x4 CMakeFiles/StepServer.elf.dir/Core/Src/main.c.obj
                0x0000000024000284                defaultTaskHandle
 .bss.hdma_spi1_tx
                0x0000000024000288       0x78 CMakeFiles/StepServer.elf.dir/Core/Src/main.c.obj
                0x0000000024000288                hdma_spi1_tx
 .bss.hdma_usart1_rx
                0x0000000024000300       0x78 CMakeFiles/StepServer.elf.dir/Core/Src/main.c.obj
                0x0000000024000300                hdma_usart1_rx
 .bss.hspi1     0x0000000024000378       0x88 CMakeFiles/StepServer.elf.dir/Core/Src/main.c.obj
                0x0000000024000378                hspi1
 .bss.htim2     0x0000000024000400       0x4c CMakeFiles/StepServer.elf.dir/Core/Src/main.c.obj
                0x0000000024000400                htim2
 .bss.htim3     0x000000002400044c       0x4c CMakeFiles/StepServer.elf.dir/Core/Src/main.c.obj
                0x000000002400044c                htim3
 .bss.htim4     0x0000000024000498       0x4c CMakeFiles/StepServer.elf.dir/Core/Src/main.c.obj
                0x0000000024000498                htim4
 .bss.huart1    0x00000000240004e4       0x94 CMakeFiles/StepServer.elf.dir/Core/Src/main.c.obj
                0x00000000240004e4                huart1
 .bss.uwTick    0x0000000024000578        0x4 CMakeFiles/StepServer.elf.dir/Drivers/STM32H7xx_HAL_Driver/Src/stm32h7xx_hal.c.obj
                0x0000000024000578                uwTick
 .bss.ucMaxSysCallPriority
                0x000000002400057c        0x1 CMakeFiles/StepServer.elf.dir/Middlewares/Third_Party/FreeRTOS/Source/portable/GCC/ARM_CM4F/port.c.obj
 *fill*         0x000000002400057d        0x3 
 .bss.ulMaxPRIGROUPValue
                0x0000000024000580        0x4 CMakeFiles/StepServer.elf.dir/Middlewares/Third_Party/FreeRTOS/Source/portable/GCC/ARM_CM4F/port.c.obj
 .bss.pxEnd     0x0000000024000584        0x4 CMakeFiles/StepServer.elf.dir/Middlewares/Third_Party/FreeRTOS/Source/portable/MemMang/heap_4.c.obj
 .bss.ucHeap    0x0000000024000588     0x3c00 CMakeFiles/StepServer.elf.dir/Middlewares/Third_Party/FreeRTOS/Source/portable/MemMang/heap_4.c.obj
 .bss.xBlockAllocatedBit
                0x0000000024004188        0x4 CMakeFiles/StepServer.elf.dir/Middlewares/Third_Party/FreeRTOS/Source/portable/MemMang/heap_4.c.obj
 .bss.xFreeBytesRemaining
                0x000000002400418c        0x4 CMakeFiles/StepServer.elf.dir/Middlewares/Third_Party/FreeRTOS/Source/portable/MemMang/heap_4.c.obj
 .bss.xMinimumEverFreeBytesRemaining
                0x0000000024004190        0x4 CMakeFiles/StepServer.elf.dir/Middlewares/Third_Party/FreeRTOS/Source/portable/MemMang/heap_4.c.obj
 .bss.xNumberOfSuccessfulAllocations
                0x0000000024004194        0x4 CMakeFiles/StepServer.elf.dir/Middlewares/Third_Party/FreeRTOS/Source/portable/MemMang/heap_4.c.obj
 .bss.xNumberOfSuccessfulFrees
                0x0000000024004198        0x4 CMakeFiles/StepServer.elf.dir/Middlewares/Third_Party/FreeRTOS/Source/portable/MemMang/heap_4.c.obj
 .bss.xStart    0x000000002400419c        0x8 CMakeFiles/StepServer.elf.dir/Middlewares/Third_Party/FreeRTOS/Source/portable/MemMang/heap_4.c.obj
 .bss.pxCurrentTCB
                0x00000000240041a4        0x4 CMakeFiles/StepServer.elf.dir/Middlewares/Third_Party/FreeRTOS/Source/tasks.c.obj
                0x00000000240041a4                pxCurrentTCB
 .bss.pxDelayedTaskList
                0x00000000240041a8        0x4 CMakeFiles/StepServer.elf.dir/Middlewares/Third_Party/FreeRTOS/Source/tasks.c.obj
 .bss.pxOverflowDelayedTaskList
                0x00000000240041ac        0x4 CMakeFiles/StepServer.elf.dir/Middlewares/Third_Party/FreeRTOS/Source/tasks.c.obj
 .bss.pxReadyTasksLists
                0x00000000240041b0       0x8c CMakeFiles/StepServer.elf.dir/Middlewares/Third_Party/FreeRTOS/Source/tasks.c.obj
 .bss.uxCurrentNumberOfTasks
                0x000000002400423c        0x4 CMakeFiles/StepServer.elf.dir/Middlewares/Third_Party/FreeRTOS/Source/tasks.c.obj
 .bss.uxDeletedTasksWaitingCleanUp
                0x0000000024004240        0x4 CMakeFiles/StepServer.elf.dir/Middlewares/Third_Party/FreeRTOS/Source/tasks.c.obj
 .bss.uxSchedulerSuspended
                0x0000000024004244        0x4 CMakeFiles/StepServer.elf.dir/Middlewares/Third_Party/FreeRTOS/Source/tasks.c.obj
 .bss.uxTaskNumber
                0x0000000024004248        0x4 CMakeFiles/StepServer.elf.dir/Middlewares/Third_Party/FreeRTOS/Source/tasks.c.obj
 .bss.uxTopReadyPriority
                0x000000002400424c        0x4 CMakeFiles/StepServer.elf.dir/Middlewares/Third_Party/FreeRTOS/Source/tasks.c.obj
 .bss.xDelayedTaskList1
                0x0000000024004250       0x14 CMakeFiles/StepServer.elf.dir/Middlewares/Third_Party/FreeRTOS/Source/tasks.c.obj
 .bss.xDelayedTaskList2
                0x0000000024004264       0x14 CMakeFiles/StepServer.elf.dir/Middlewares/Third_Party/FreeRTOS/Source/tasks.c.obj
 .bss.xIdleTaskHandle
                0x0000000024004278        0x4 CMakeFiles/StepServer.elf.dir/Middlewares/Third_Party/FreeRTOS/Source/tasks.c.obj
 .bss.xNextTaskUnblockTime
                0x000000002400427c        0x4 CMakeFiles/StepServer.elf.dir/Middlewares/Third_Party/FreeRTOS/Source/tasks.c.obj
 .bss.xNumOfOverflows
                0x0000000024004280        0x4 CMakeFiles/StepServer.elf.dir/Middlewares/Third_Party/FreeRTOS/Source/tasks.c.obj
 .bss.xPendedTicks
                0x0000000024004284        0x4 CMakeFiles/StepServer.elf.dir/Middlewares/Third_Party/FreeRTOS/Source/tasks.c.obj
 .bss.xPendingReadyList
                0x0000000024004288       0x14 CMakeFiles/StepServer.elf.dir/Middlewares/Third_Party/FreeRTOS/Source/tasks.c.obj
 .bss.xSchedulerRunning
                0x000000002400429c        0x4 CMakeFiles/StepServer.elf.dir/Middlewares/Third_Party/FreeRTOS/Source/tasks.c.obj
 .bss.xSuspendedTaskList
                0x00000000240042a0       0x14 CMakeFiles/StepServer.elf.dir/Middlewares/Third_Party/FreeRTOS/Source/tasks.c.obj
 .bss.xTasksWaitingTermination
                0x00000000240042b4       0x14 CMakeFiles/StepServer.elf.dir/Middlewares/Third_Party/FreeRTOS/Source/tasks.c.obj
 .bss.xTickCount
                0x00000000240042c8        0x4 CMakeFiles/StepServer.elf.dir/Middlewares/Third_Party/FreeRTOS/Source/tasks.c.obj
 .bss.xYieldPending
                0x00000000240042cc        0x4 CMakeFiles/StepServer.elf.dir/Middlewares/Third_Party/FreeRTOS/Source/tasks.c.obj
 *(COMMON)
                0x00000000240042d0                . = ALIGN (0x4)
                0x00000000240042d0                _ebss = .
                0x00000000240042d0                __bss_end__ = _ebss

._user_heap_stack
                0x00000000240042d0      0x600 load address 0x00000000080066fc
                0x00000000240042d0                . = ALIGN (0x8)
                [!provide]                        PROVIDE (end = .)
                0x00000000240042d0                PROVIDE (_end = .)
                0x00000000240044d0                . = (. + _Min_Heap_Size)
 *fill*         0x00000000240042d0      0x200 
                0x00000000240048d0                . = (. + _Min_Stack_Size)
 *fill*         0x00000000240044d0      0x400 
                0x00000000240048d0                . = ALIGN (0x8)

/DISCARD/
 libc.a(*)
 libm.a(*)
 libgcc.a(*)

.ARM.attributes
                0x0000000000000000       0x30
 *(.ARM.attributes)
 .ARM.attributes
                0x0000000000000000       0x1e /usr/local/arm/gcc-arm-10.3-2021.07-x86_64-arm-none-eabi/bin/../lib/gcc/arm-none-eabi/10.3.1/thumb/v7e-m+fp/hard/crti.o
 .ARM.attributes
                0x000000000000001e       0x34 /usr/local/arm/gcc-arm-10.3-2021.07-x86_64-arm-none-eabi/bin/../lib/gcc/arm-none-eabi/10.3.1/thumb/v7e-m+fp/hard/crtbegin.o
 .ARM.attributes
                0x0000000000000052       0x34 CMakeFiles/StepServer.elf.dir/Core/Src/freertos.c.obj
 .ARM.attributes
                0x0000000000000086       0x34 CMakeFiles/StepServer.elf.dir/Core/Src/main.c.obj
 .ARM.attributes
                0x00000000000000ba       0x34 CMakeFiles/StepServer.elf.dir/Core/Src/stm32h7xx_hal_msp.c.obj
 .ARM.attributes
                0x00000000000000ee       0x34 CMakeFiles/StepServer.elf.dir/Core/Src/stm32h7xx_it.c.obj
 .ARM.attributes
                0x0000000000000122       0x34 CMakeFiles/StepServer.elf.dir/Core/Src/system_stm32h7xx.c.obj
 .ARM.attributes
                0x0000000000000156       0x21 CMakeFiles/StepServer.elf.dir/Core/Startup/startup_stm32h743vitx.s.obj
 .ARM.attributes
                0x0000000000000177       0x34 CMakeFiles/StepServer.elf.dir/Drivers/STM32H7xx_HAL_Driver/Src/stm32h7xx_hal.c.obj
 .ARM.attributes
                0x00000000000001ab       0x34 CMakeFiles/StepServer.elf.dir/Drivers/STM32H7xx_HAL_Driver/Src/stm32h7xx_hal_cortex.c.obj
 .ARM.attributes
                0x00000000000001df       0x34 CMakeFiles/StepServer.elf.dir/Drivers/STM32H7xx_HAL_Driver/Src/stm32h7xx_hal_dma.c.obj
 .ARM.attributes
                0x0000000000000213       0x34 CMakeFiles/StepServer.elf.dir/Drivers/STM32H7xx_HAL_Driver/Src/stm32h7xx_hal_gpio.c.obj
 .ARM.attributes
                0x0000000000000247       0x34 CMakeFiles/StepServer.elf.dir/Drivers/STM32H7xx_HAL_Driver/Src/stm32h7xx_hal_pwr_ex.c.obj
 .ARM.attributes
                0x000000000000027b       0x34 CMakeFiles/StepServer.elf.dir/Drivers/STM32H7xx_HAL_Driver/Src/stm32h7xx_hal_rcc.c.obj
 .ARM.attributes
                0x00000000000002af       0x34 CMakeFiles/StepServer.elf.dir/Drivers/STM32H7xx_HAL_Driver/Src/stm32h7xx_hal_rcc_ex.c.obj
 .ARM.attributes
                0x00000000000002e3       0x34 CMakeFiles/StepServer.elf.dir/Drivers/STM32H7xx_HAL_Driver/Src/stm32h7xx_hal_spi.c.obj
 .ARM.attributes
                0x0000000000000317       0x34 CMakeFiles/StepServer.elf.dir/Drivers/STM32H7xx_HAL_Driver/Src/stm32h7xx_hal_tim.c.obj
 .ARM.attributes
                0x000000000000034b       0x34 CMakeFiles/StepServer.elf.dir/Drivers/STM32H7xx_HAL_Driver/Src/stm32h7xx_hal_tim_ex.c.obj
 .ARM.attributes
                0x000000000000037f       0x34 CMakeFiles/StepServer.elf.dir/Drivers/STM32H7xx_HAL_Driver/Src/stm32h7xx_hal_uart.c.obj
 .ARM.attributes
                0x00000000000003b3       0x34 CMakeFiles/StepServer.elf.dir/Drivers/STM32H7xx_HAL_Driver/Src/stm32h7xx_hal_uart_ex.c.obj
 .ARM.attributes
                0x00000000000003e7       0x34 CMakeFiles/StepServer.elf.dir/Middlewares/Third_Party/FreeRTOS/Source/CMSIS_RTOS/cmsis_os.c.obj
 .ARM.attributes
                0x000000000000041b       0x34 CMakeFiles/StepServer.elf.dir/Middlewares/Third_Party/FreeRTOS/Source/list.c.obj
 .ARM.attributes
                0x000000000000044f       0x34 CMakeFiles/StepServer.elf.dir/Middlewares/Third_Party/FreeRTOS/Source/portable/GCC/ARM_CM4F/port.c.obj
 .ARM.attributes
                0x0000000000000483       0x34 CMakeFiles/StepServer.elf.dir/Middlewares/Third_Party/FreeRTOS/Source/portable/MemMang/heap_4.c.obj
 .ARM.attributes
                0x00000000000004b7       0x34 CMakeFiles/StepServer.elf.dir/Middlewares/Third_Party/FreeRTOS/Source/tasks.c.obj
 .ARM.attributes
                0x00000000000004eb       0x1e /usr/local/arm/gcc-arm-10.3-2021.07-x86_64-arm-none-eabi/bin/../lib/gcc/arm-none-eabi/10.3.1/thumb/v7e-m+fp/hard/libgcc.a(_aeabi_uldivmod.o)
 .ARM.attributes
                0x0000000000000509       0x34 /usr/local/arm/gcc-arm-10.3-2021.07-x86_64-arm-none-eabi/bin/../lib/gcc/arm-none-eabi/10.3.1/thumb/v7e-m+fp/hard/libgcc.a(_udivmoddi4.o)
 .ARM.attributes
                0x000000000000053d       0x1e /usr/local/arm/gcc-arm-10.3-2021.07-x86_64-arm-none-eabi/bin/../lib/gcc/arm-none-eabi/10.3.1/thumb/v7e-m+fp/hard/libgcc.a(_dvmd_tls.o)
 .ARM.attributes
                0x000000000000055b       0x34 /usr/local/arm/gcc-arm-10.3-2021.07-x86_64-arm-none-eabi/bin/../lib/gcc/arm-none-eabi/10.3.1/../../../../arm-none-eabi/lib/thumb/v7e-m+fp/hard/libg.a(lib_a-init.o)
 .ARM.attributes
                0x000000000000058f       0x34 /usr/local/arm/gcc-arm-10.3-2021.07-x86_64-arm-none-eabi/bin/../lib/gcc/arm-none-eabi/10.3.1/../../../../arm-none-eabi/lib/thumb/v7e-m+fp/hard/libg.a(lib_a-memset.o)
 .ARM.attributes
                0x00000000000005c3       0x32 /usr/local/arm/gcc-arm-10.3-2021.07-x86_64-arm-none-eabi/bin/../lib/gcc/arm-none-eabi/10.3.1/thumb/v7e-m+fp/hard/crtend.o
 .ARM.attributes
                0x00000000000005f5       0x1e /usr/local/arm/gcc-arm-10.3-2021.07-x86_64-arm-none-eabi/bin/../lib/gcc/arm-none-eabi/10.3.1/thumb/v7e-m+fp/hard/crtn.o
OUTPUT(StepServer.elf elf32-littlearm)
LOAD linker stubs
LOAD /usr/local/arm/gcc-arm-10.3-2021.07-x86_64-arm-none-eabi/bin/../lib/gcc/arm-none-eabi/10.3.1/../../../../arm-none-eabi/lib/thumb/v7e-m+fp/hard/libc.a
LOAD /usr/local/arm/gcc-arm-10.3-2021.07-x86_64-arm-none-eabi/bin/../lib/gcc/arm-none-eabi/10.3.1/../../../../arm-none-eabi/lib/thumb/v7e-m+fp/hard/libm.a
LOAD /usr/local/arm/gcc-arm-10.3-2021.07-x86_64-arm-none-eabi/bin/../lib/gcc/arm-none-eabi/10.3.1/thumb/v7e-m+fp/hard/libgcc.a

.comment        0x0000000000000000       0x5d
 .comment       0x0000000000000000       0x5d /usr/local/arm/gcc-arm-10.3-2021.07-x86_64-arm-none-eabi/bin/../lib/gcc/arm-none-eabi/10.3.1/thumb/v7e-m+fp/hard/crtbegin.o
                                         0x5e (size before relaxing)
 .comment       0x000000000000005d       0x5e CMakeFiles/StepServer.elf.dir/Core/Src/freertos.c.obj
 .comment       0x000000000000005d       0x5e CMakeFiles/StepServer.elf.dir/Core/Src/main.c.obj
 .comment       0x000000000000005d       0x5e CMakeFiles/StepServer.elf.dir/Core/Src/stm32h7xx_hal_msp.c.obj
 .comment       0x000000000000005d       0x5e CMakeFiles/StepServer.elf.dir/Core/Src/stm32h7xx_it.c.obj
 .comment       0x000000000000005d       0x5e CMakeFiles/StepServer.elf.dir/Core/Src/system_stm32h7xx.c.obj
 .comment       0x000000000000005d       0x5e CMakeFiles/StepServer.elf.dir/Drivers/STM32H7xx_HAL_Driver/Src/stm32h7xx_hal.c.obj
 .comment       0x000000000000005d       0x5e CMakeFiles/StepServer.elf.dir/Drivers/STM32H7xx_HAL_Driver/Src/stm32h7xx_hal_cortex.c.obj
 .comment       0x000000000000005d       0x5e CMakeFiles/StepServer.elf.dir/Drivers/STM32H7xx_HAL_Driver/Src/stm32h7xx_hal_dma.c.obj
 .comment       0x000000000000005d       0x5e CMakeFiles/StepServer.elf.dir/Drivers/STM32H7xx_HAL_Driver/Src/stm32h7xx_hal_gpio.c.obj
 .comment       0x000000000000005d       0x5e CMakeFiles/StepServer.elf.dir/Drivers/STM32H7xx_HAL_Driver/Src/stm32h7xx_hal_pwr_ex.c.obj
 .comment       0x000000000000005d       0x5e CMakeFiles/StepServer.elf.dir/Drivers/STM32H7xx_HAL_Driver/Src/stm32h7xx_hal_rcc.c.obj
 .comment       0x000000000000005d       0x5e CMakeFiles/StepServer.elf.dir/Drivers/STM32H7xx_HAL_Driver/Src/stm32h7xx_hal_rcc_ex.c.obj
 .comment       0x000000000000005d       0x5e CMakeFiles/StepServer.elf.dir/Drivers/STM32H7xx_HAL_Driver/Src/stm32h7xx_hal_spi.c.obj
 .comment       0x000000000000005d       0x5e CMakeFiles/StepServer.elf.dir/Drivers/STM32H7xx_HAL_Driver/Src/stm32h7xx_hal_tim.c.obj
 .comment       0x000000000000005d       0x5e CMakeFiles/StepServer.elf.dir/Drivers/STM32H7xx_HAL_Driver/Src/stm32h7xx_hal_tim_ex.c.obj
 .comment       0x000000000000005d       0x5e CMakeFiles/StepServer.elf.dir/Drivers/STM32H7xx_HAL_Driver/Src/stm32h7xx_hal_uart.c.obj
 .comment       0x000000000000005d       0x5e CMakeFiles/StepServer.elf.dir/Drivers/STM32H7xx_HAL_Driver/Src/stm32h7xx_hal_uart_ex.c.obj
 .comment       0x000000000000005d       0x5e CMakeFiles/StepServer.elf.dir/Middlewares/Third_Party/FreeRTOS/Source/CMSIS_RTOS/cmsis_os.c.obj
 .comment       0x000000000000005d       0x5e CMakeFiles/StepServer.elf.dir/Middlewares/Third_Party/FreeRTOS/Source/list.c.obj
 .comment       0x000000000000005d       0x5e CMakeFiles/StepServer.elf.dir/Middlewares/Third_Party/FreeRTOS/Source/portable/GCC/ARM_CM4F/port.c.obj
 .comment       0x000000000000005d       0x5e CMakeFiles/StepServer.elf.dir/Middlewares/Third_Party/FreeRTOS/Source/portable/MemMang/heap_4.c.obj
 .comment       0x000000000000005d       0x5e CMakeFiles/StepServer.elf.dir/Middlewares/Third_Party/FreeRTOS/Source/tasks.c.obj
 .comment       0x000000000000005d       0x5e /usr/local/arm/gcc-arm-10.3-2021.07-x86_64-arm-none-eabi/bin/../lib/gcc/arm-none-eabi/10.3.1/thumb/v7e-m+fp/hard/libgcc.a(_udivmoddi4.o)
 .comment       0x000000000000005d       0x5e /usr/local/arm/gcc-arm-10.3-2021.07-x86_64-arm-none-eabi/bin/../lib/gcc/arm-none-eabi/10.3.1/../../../../arm-none-eabi/lib/thumb/v7e-m+fp/hard/libg.a(lib_a-init.o)
 .comment       0x000000000000005d       0x5e /usr/local/arm/gcc-arm-10.3-2021.07-x86_64-arm-none-eabi/bin/../lib/gcc/arm-none-eabi/10.3.1/../../../../arm-none-eabi/lib/thumb/v7e-m+fp/hard/libg.a(lib_a-memset.o)
 .comment       0x000000000000005d       0x5e /usr/local/arm/gcc-arm-10.3-2021.07-x86_64-arm-none-eabi/bin/../lib/gcc/arm-none-eabi/10.3.1/thumb/v7e-m+fp/hard/crtend.o

.debug_info     0x0000000000000000    0x244ef
 .debug_info    0x0000000000000000      0x434 CMakeFiles/StepServer.elf.dir/Core/Src/freertos.c.obj
 .debug_info    0x0000000000000434     0x27e4 CMakeFiles/StepServer.elf.dir/Core/Src/main.c.obj
 .debug_info    0x0000000000002c18     0x2048 CMakeFiles/StepServer.elf.dir/Core/Src/stm32h7xx_hal_msp.c.obj
 .debug_info    0x0000000000004c60      0xd0c CMakeFiles/StepServer.elf.dir/Core/Src/stm32h7xx_it.c.obj
 .debug_info    0x000000000000596c      0xd30 CMakeFiles/StepServer.elf.dir/Core/Src/system_stm32h7xx.c.obj
 .debug_info    0x000000000000669c       0x22 CMakeFiles/StepServer.elf.dir/Core/Startup/startup_stm32h743vitx.s.obj
 .debug_info    0x00000000000066be     0x16a0 CMakeFiles/StepServer.elf.dir/Drivers/STM32H7xx_HAL_Driver/Src/stm32h7xx_hal.c.obj
 .debug_info    0x0000000000007d5e     0x13ea CMakeFiles/StepServer.elf.dir/Drivers/STM32H7xx_HAL_Driver/Src/stm32h7xx_hal_cortex.c.obj
 .debug_info    0x0000000000009148      0xfeb CMakeFiles/StepServer.elf.dir/Drivers/STM32H7xx_HAL_Driver/Src/stm32h7xx_hal_dma.c.obj
 .debug_info    0x000000000000a133      0xd66 CMakeFiles/StepServer.elf.dir/Drivers/STM32H7xx_HAL_Driver/Src/stm32h7xx_hal_gpio.c.obj
 .debug_info    0x000000000000ae99     0x122e CMakeFiles/StepServer.elf.dir/Drivers/STM32H7xx_HAL_Driver/Src/stm32h7xx_hal_pwr_ex.c.obj
 .debug_info    0x000000000000c0c7     0x1230 CMakeFiles/StepServer.elf.dir/Drivers/STM32H7xx_HAL_Driver/Src/stm32h7xx_hal_rcc.c.obj
 .debug_info    0x000000000000d2f7     0x1aca CMakeFiles/StepServer.elf.dir/Drivers/STM32H7xx_HAL_Driver/Src/stm32h7xx_hal_rcc_ex.c.obj
 .debug_info    0x000000000000edc1     0x1b7f CMakeFiles/StepServer.elf.dir/Drivers/STM32H7xx_HAL_Driver/Src/stm32h7xx_hal_spi.c.obj
 .debug_info    0x0000000000010940     0x4003 CMakeFiles/StepServer.elf.dir/Drivers/STM32H7xx_HAL_Driver/Src/stm32h7xx_hal_tim.c.obj
 .debug_info    0x0000000000014943     0x1e7d CMakeFiles/StepServer.elf.dir/Drivers/STM32H7xx_HAL_Driver/Src/stm32h7xx_hal_tim_ex.c.obj
 .debug_info    0x00000000000167c0     0x674e CMakeFiles/StepServer.elf.dir/Drivers/STM32H7xx_HAL_Driver/Src/stm32h7xx_hal_uart.c.obj
 .debug_info    0x000000000001cf0e     0x124f CMakeFiles/StepServer.elf.dir/Drivers/STM32H7xx_HAL_Driver/Src/stm32h7xx_hal_uart_ex.c.obj
 .debug_info    0x000000000001e15d     0x222d CMakeFiles/StepServer.elf.dir/Middlewares/Third_Party/FreeRTOS/Source/CMSIS_RTOS/cmsis_os.c.obj
 .debug_info    0x000000000002038a      0x2e0 CMakeFiles/StepServer.elf.dir/Middlewares/Third_Party/FreeRTOS/Source/list.c.obj
 .debug_info    0x000000000002066a      0x587 CMakeFiles/StepServer.elf.dir/Middlewares/Third_Party/FreeRTOS/Source/portable/GCC/ARM_CM4F/port.c.obj
 .debug_info    0x0000000000020bf1      0x5d9 CMakeFiles/StepServer.elf.dir/Middlewares/Third_Party/FreeRTOS/Source/portable/MemMang/heap_4.c.obj
 .debug_info    0x00000000000211ca     0x2971 CMakeFiles/StepServer.elf.dir/Middlewares/Third_Party/FreeRTOS/Source/tasks.c.obj
 .debug_info    0x0000000000023b3b       0x26 /usr/local/arm/gcc-arm-10.3-2021.07-x86_64-arm-none-eabi/bin/../lib/gcc/arm-none-eabi/10.3.1/thumb/v7e-m+fp/hard/libgcc.a(_aeabi_uldivmod.o)
 .debug_info    0x0000000000023b61      0x717 /usr/local/arm/gcc-arm-10.3-2021.07-x86_64-arm-none-eabi/bin/../lib/gcc/arm-none-eabi/10.3.1/thumb/v7e-m+fp/hard/libgcc.a(_udivmoddi4.o)
 .debug_info    0x0000000000024278       0x26 /usr/local/arm/gcc-arm-10.3-2021.07-x86_64-arm-none-eabi/bin/../lib/gcc/arm-none-eabi/10.3.1/thumb/v7e-m+fp/hard/libgcc.a(_dvmd_tls.o)
 .debug_info    0x000000000002429e      0x11a /usr/local/arm/gcc-arm-10.3-2021.07-x86_64-arm-none-eabi/bin/../lib/gcc/arm-none-eabi/10.3.1/../../../../arm-none-eabi/lib/thumb/v7e-m+fp/hard/libg.a(lib_a-init.o)
 .debug_info    0x00000000000243b8      0x137 /usr/local/arm/gcc-arm-10.3-2021.07-x86_64-arm-none-eabi/bin/../lib/gcc/arm-none-eabi/10.3.1/../../../../arm-none-eabi/lib/thumb/v7e-m+fp/hard/libg.a(lib_a-memset.o)

.debug_abbrev   0x0000000000000000     0x3883
 .debug_abbrev  0x0000000000000000      0x165 CMakeFiles/StepServer.elf.dir/Core/Src/freertos.c.obj
 .debug_abbrev  0x0000000000000165      0x310 CMakeFiles/StepServer.elf.dir/Core/Src/main.c.obj
 .debug_abbrev  0x0000000000000475      0x259 CMakeFiles/StepServer.elf.dir/Core/Src/stm32h7xx_hal_msp.c.obj
 .debug_abbrev  0x00000000000006ce      0x1a4 CMakeFiles/StepServer.elf.dir/Core/Src/stm32h7xx_it.c.obj
 .debug_abbrev  0x0000000000000872      0x14a CMakeFiles/StepServer.elf.dir/Core/Src/system_stm32h7xx.c.obj
 .debug_abbrev  0x00000000000009bc       0x12 CMakeFiles/StepServer.elf.dir/Core/Startup/startup_stm32h743vitx.s.obj
 .debug_abbrev  0x00000000000009ce      0x264 CMakeFiles/StepServer.elf.dir/Drivers/STM32H7xx_HAL_Driver/Src/stm32h7xx_hal.c.obj
 .debug_abbrev  0x0000000000000c32      0x37d CMakeFiles/StepServer.elf.dir/Drivers/STM32H7xx_HAL_Driver/Src/stm32h7xx_hal_cortex.c.obj
 .debug_abbrev  0x0000000000000faf      0x298 CMakeFiles/StepServer.elf.dir/Drivers/STM32H7xx_HAL_Driver/Src/stm32h7xx_hal_dma.c.obj
 .debug_abbrev  0x0000000000001247      0x239 CMakeFiles/StepServer.elf.dir/Drivers/STM32H7xx_HAL_Driver/Src/stm32h7xx_hal_gpio.c.obj
 .debug_abbrev  0x0000000000001480      0x29b CMakeFiles/StepServer.elf.dir/Drivers/STM32H7xx_HAL_Driver/Src/stm32h7xx_hal_pwr_ex.c.obj
 .debug_abbrev  0x000000000000171b      0x27f CMakeFiles/StepServer.elf.dir/Drivers/STM32H7xx_HAL_Driver/Src/stm32h7xx_hal_rcc.c.obj
 .debug_abbrev  0x000000000000199a      0x278 CMakeFiles/StepServer.elf.dir/Drivers/STM32H7xx_HAL_Driver/Src/stm32h7xx_hal_rcc_ex.c.obj
 .debug_abbrev  0x0000000000001c12      0x280 CMakeFiles/StepServer.elf.dir/Drivers/STM32H7xx_HAL_Driver/Src/stm32h7xx_hal_spi.c.obj
 .debug_abbrev  0x0000000000001e92      0x232 CMakeFiles/StepServer.elf.dir/Drivers/STM32H7xx_HAL_Driver/Src/stm32h7xx_hal_tim.c.obj
 .debug_abbrev  0x00000000000020c4      0x248 CMakeFiles/StepServer.elf.dir/Drivers/STM32H7xx_HAL_Driver/Src/stm32h7xx_hal_tim_ex.c.obj
 .debug_abbrev  0x000000000000230c      0x337 CMakeFiles/StepServer.elf.dir/Drivers/STM32H7xx_HAL_Driver/Src/stm32h7xx_hal_uart.c.obj
 .debug_abbrev  0x0000000000002643      0x2e7 CMakeFiles/StepServer.elf.dir/Drivers/STM32H7xx_HAL_Driver/Src/stm32h7xx_hal_uart_ex.c.obj
 .debug_abbrev  0x000000000000292a      0x37f CMakeFiles/StepServer.elf.dir/Middlewares/Third_Party/FreeRTOS/Source/CMSIS_RTOS/cmsis_os.c.obj
 .debug_abbrev  0x0000000000002ca9      0x106 CMakeFiles/StepServer.elf.dir/Middlewares/Third_Party/FreeRTOS/Source/list.c.obj
 .debug_abbrev  0x0000000000002daf      0x26b CMakeFiles/StepServer.elf.dir/Middlewares/Third_Party/FreeRTOS/Source/portable/GCC/ARM_CM4F/port.c.obj
 .debug_abbrev  0x000000000000301a      0x24b CMakeFiles/StepServer.elf.dir/Middlewares/Third_Party/FreeRTOS/Source/portable/MemMang/heap_4.c.obj
 .debug_abbrev  0x0000000000003265      0x313 CMakeFiles/StepServer.elf.dir/Middlewares/Third_Party/FreeRTOS/Source/tasks.c.obj
 .debug_abbrev  0x0000000000003578       0x14 /usr/local/arm/gcc-arm-10.3-2021.07-x86_64-arm-none-eabi/bin/../lib/gcc/arm-none-eabi/10.3.1/thumb/v7e-m+fp/hard/libgcc.a(_aeabi_uldivmod.o)
 .debug_abbrev  0x000000000000358c      0x163 /usr/local/arm/gcc-arm-10.3-2021.07-x86_64-arm-none-eabi/bin/../lib/gcc/arm-none-eabi/10.3.1/thumb/v7e-m+fp/hard/libgcc.a(_udivmoddi4.o)
 .debug_abbrev  0x00000000000036ef       0x14 /usr/local/arm/gcc-arm-10.3-2021.07-x86_64-arm-none-eabi/bin/../lib/gcc/arm-none-eabi/10.3.1/thumb/v7e-m+fp/hard/libgcc.a(_dvmd_tls.o)
 .debug_abbrev  0x0000000000003703       0xcc /usr/local/arm/gcc-arm-10.3-2021.07-x86_64-arm-none-eabi/bin/../lib/gcc/arm-none-eabi/10.3.1/../../../../arm-none-eabi/lib/thumb/v7e-m+fp/hard/libg.a(lib_a-init.o)
 .debug_abbrev  0x00000000000037cf       0xb4 /usr/local/arm/gcc-arm-10.3-2021.07-x86_64-arm-none-eabi/bin/../lib/gcc/arm-none-eabi/10.3.1/../../../../arm-none-eabi/lib/thumb/v7e-m+fp/hard/libg.a(lib_a-memset.o)

.debug_loc      0x0000000000000000    0x19649
 .debug_loc     0x0000000000000000       0x25 CMakeFiles/StepServer.elf.dir/Core/Src/freertos.c.obj
 .debug_loc     0x0000000000000025       0x25 CMakeFiles/StepServer.elf.dir/Core/Src/main.c.obj
 .debug_loc     0x000000000000004a      0x1a8 CMakeFiles/StepServer.elf.dir/Core/Src/stm32h7xx_hal_msp.c.obj
 .debug_loc     0x00000000000001f2      0x1a0 CMakeFiles/StepServer.elf.dir/Core/Src/system_stm32h7xx.c.obj
 .debug_loc     0x0000000000000392      0x3fa CMakeFiles/StepServer.elf.dir/Drivers/STM32H7xx_HAL_Driver/Src/stm32h7xx_hal.c.obj
 .debug_loc     0x000000000000078c      0x726 CMakeFiles/StepServer.elf.dir/Drivers/STM32H7xx_HAL_Driver/Src/stm32h7xx_hal_cortex.c.obj
 .debug_loc     0x0000000000000eb2      0xe96 CMakeFiles/StepServer.elf.dir/Drivers/STM32H7xx_HAL_Driver/Src/stm32h7xx_hal_dma.c.obj
 .debug_loc     0x0000000000001d48      0x3c6 CMakeFiles/StepServer.elf.dir/Drivers/STM32H7xx_HAL_Driver/Src/stm32h7xx_hal_gpio.c.obj
 .debug_loc     0x000000000000210e      0x4df CMakeFiles/StepServer.elf.dir/Drivers/STM32H7xx_HAL_Driver/Src/stm32h7xx_hal_pwr_ex.c.obj
 .debug_loc     0x00000000000025ed      0x90a CMakeFiles/StepServer.elf.dir/Drivers/STM32H7xx_HAL_Driver/Src/stm32h7xx_hal_rcc.c.obj
 .debug_loc     0x0000000000002ef7     0x1d9f CMakeFiles/StepServer.elf.dir/Drivers/STM32H7xx_HAL_Driver/Src/stm32h7xx_hal_rcc_ex.c.obj
 .debug_loc     0x0000000000004c96     0x1a45 CMakeFiles/StepServer.elf.dir/Drivers/STM32H7xx_HAL_Driver/Src/stm32h7xx_hal_spi.c.obj
 .debug_loc     0x00000000000066db     0x56cc CMakeFiles/StepServer.elf.dir/Drivers/STM32H7xx_HAL_Driver/Src/stm32h7xx_hal_tim.c.obj
 .debug_loc     0x000000000000bda7     0x257f CMakeFiles/StepServer.elf.dir/Drivers/STM32H7xx_HAL_Driver/Src/stm32h7xx_hal_tim_ex.c.obj
 .debug_loc     0x000000000000e326     0x5d4e CMakeFiles/StepServer.elf.dir/Drivers/STM32H7xx_HAL_Driver/Src/stm32h7xx_hal_uart.c.obj
 .debug_loc     0x0000000000014074      0xba5 CMakeFiles/StepServer.elf.dir/Drivers/STM32H7xx_HAL_Driver/Src/stm32h7xx_hal_uart_ex.c.obj
 .debug_loc     0x0000000000014c19     0x12e6 CMakeFiles/StepServer.elf.dir/Middlewares/Third_Party/FreeRTOS/Source/CMSIS_RTOS/cmsis_os.c.obj
 .debug_loc     0x0000000000015eff       0xad CMakeFiles/StepServer.elf.dir/Middlewares/Third_Party/FreeRTOS/Source/list.c.obj
 .debug_loc     0x0000000000015fac      0x124 CMakeFiles/StepServer.elf.dir/Middlewares/Third_Party/FreeRTOS/Source/portable/GCC/ARM_CM4F/port.c.obj
 .debug_loc     0x00000000000160d0      0x434 CMakeFiles/StepServer.elf.dir/Middlewares/Third_Party/FreeRTOS/Source/portable/MemMang/heap_4.c.obj
 .debug_loc     0x0000000000016504     0x1e50 CMakeFiles/StepServer.elf.dir/Middlewares/Third_Party/FreeRTOS/Source/tasks.c.obj
 .debug_loc     0x0000000000018354     0x100f /usr/local/arm/gcc-arm-10.3-2021.07-x86_64-arm-none-eabi/bin/../lib/gcc/arm-none-eabi/10.3.1/thumb/v7e-m+fp/hard/libgcc.a(_udivmoddi4.o)
 .debug_loc     0x0000000000019363       0xba /usr/local/arm/gcc-arm-10.3-2021.07-x86_64-arm-none-eabi/bin/../lib/gcc/arm-none-eabi/10.3.1/../../../../arm-none-eabi/lib/thumb/v7e-m+fp/hard/libg.a(lib_a-init.o)
 .debug_loc     0x000000000001941d      0x22c /usr/local/arm/gcc-arm-10.3-2021.07-x86_64-arm-none-eabi/bin/../lib/gcc/arm-none-eabi/10.3.1/../../../../arm-none-eabi/lib/thumb/v7e-m+fp/hard/libg.a(lib_a-memset.o)

.debug_aranges  0x0000000000000000     0x1710
 .debug_aranges
                0x0000000000000000       0x28 CMakeFiles/StepServer.elf.dir/Core/Src/freertos.c.obj
 .debug_aranges
                0x0000000000000028       0x70 CMakeFiles/StepServer.elf.dir/Core/Src/main.c.obj
 .debug_aranges
                0x0000000000000098       0x58 CMakeFiles/StepServer.elf.dir/Core/Src/stm32h7xx_hal_msp.c.obj
 .debug_aranges
                0x00000000000000f0       0x70 CMakeFiles/StepServer.elf.dir/Core/Src/stm32h7xx_it.c.obj
 .debug_aranges
                0x0000000000000160       0x28 CMakeFiles/StepServer.elf.dir/Core/Src/system_stm32h7xx.c.obj
 .debug_aranges
                0x0000000000000188       0x28 CMakeFiles/StepServer.elf.dir/Core/Startup/startup_stm32h743vitx.s.obj
 .debug_aranges
                0x00000000000001b0      0x198 CMakeFiles/StepServer.elf.dir/Drivers/STM32H7xx_HAL_Driver/Src/stm32h7xx_hal.c.obj
 .debug_aranges
                0x0000000000000348       0xb0 CMakeFiles/StepServer.elf.dir/Drivers/STM32H7xx_HAL_Driver/Src/stm32h7xx_hal_cortex.c.obj
 .debug_aranges
                0x00000000000003f8       0xa0 CMakeFiles/StepServer.elf.dir/Drivers/STM32H7xx_HAL_Driver/Src/stm32h7xx_hal_dma.c.obj
 .debug_aranges
                0x0000000000000498       0x58 CMakeFiles/StepServer.elf.dir/Drivers/STM32H7xx_HAL_Driver/Src/stm32h7xx_hal_gpio.c.obj
 .debug_aranges
                0x00000000000004f0      0x158 CMakeFiles/StepServer.elf.dir/Drivers/STM32H7xx_HAL_Driver/Src/stm32h7xx_hal_pwr_ex.c.obj
 .debug_aranges
                0x0000000000000648       0x88 CMakeFiles/StepServer.elf.dir/Drivers/STM32H7xx_HAL_Driver/Src/stm32h7xx_hal_rcc.c.obj
 .debug_aranges
                0x00000000000006d0       0xf8 CMakeFiles/StepServer.elf.dir/Drivers/STM32H7xx_HAL_Driver/Src/stm32h7xx_hal_rcc_ex.c.obj
 .debug_aranges
                0x00000000000007c8      0x1a8 CMakeFiles/StepServer.elf.dir/Drivers/STM32H7xx_HAL_Driver/Src/stm32h7xx_hal_spi.c.obj
 .debug_aranges
                0x0000000000000970      0x3e0 CMakeFiles/StepServer.elf.dir/Drivers/STM32H7xx_HAL_Driver/Src/stm32h7xx_hal_tim.c.obj
 .debug_aranges
                0x0000000000000d50      0x188 CMakeFiles/StepServer.elf.dir/Drivers/STM32H7xx_HAL_Driver/Src/stm32h7xx_hal_tim_ex.c.obj
 .debug_aranges
                0x0000000000000ed8      0x248 CMakeFiles/StepServer.elf.dir/Drivers/STM32H7xx_HAL_Driver/Src/stm32h7xx_hal_uart.c.obj
 .debug_aranges
                0x0000000000001120       0xa8 CMakeFiles/StepServer.elf.dir/Drivers/STM32H7xx_HAL_Driver/Src/stm32h7xx_hal_uart_ex.c.obj
 .debug_aranges
                0x00000000000011c8      0x1d8 CMakeFiles/StepServer.elf.dir/Middlewares/Third_Party/FreeRTOS/Source/CMSIS_RTOS/cmsis_os.c.obj
 .debug_aranges
                0x00000000000013a0       0x40 CMakeFiles/StepServer.elf.dir/Middlewares/Third_Party/FreeRTOS/Source/list.c.obj
 .debug_aranges
                0x00000000000013e0       0x80 CMakeFiles/StepServer.elf.dir/Middlewares/Third_Party/FreeRTOS/Source/portable/GCC/ARM_CM4F/port.c.obj
 .debug_aranges
                0x0000000000001460       0x58 CMakeFiles/StepServer.elf.dir/Middlewares/Third_Party/FreeRTOS/Source/portable/MemMang/heap_4.c.obj
 .debug_aranges
                0x00000000000014b8      0x1b8 CMakeFiles/StepServer.elf.dir/Middlewares/Third_Party/FreeRTOS/Source/tasks.c.obj
 .debug_aranges
                0x0000000000001670       0x20 /usr/local/arm/gcc-arm-10.3-2021.07-x86_64-arm-none-eabi/bin/../lib/gcc/arm-none-eabi/10.3.1/thumb/v7e-m+fp/hard/libgcc.a(_aeabi_uldivmod.o)
 .debug_aranges
                0x0000000000001690       0x20 /usr/local/arm/gcc-arm-10.3-2021.07-x86_64-arm-none-eabi/bin/../lib/gcc/arm-none-eabi/10.3.1/thumb/v7e-m+fp/hard/libgcc.a(_udivmoddi4.o)
 .debug_aranges
                0x00000000000016b0       0x20 /usr/local/arm/gcc-arm-10.3-2021.07-x86_64-arm-none-eabi/bin/../lib/gcc/arm-none-eabi/10.3.1/thumb/v7e-m+fp/hard/libgcc.a(_dvmd_tls.o)
 .debug_aranges
                0x00000000000016d0       0x20 /usr/local/arm/gcc-arm-10.3-2021.07-x86_64-arm-none-eabi/bin/../lib/gcc/arm-none-eabi/10.3.1/../../../../arm-none-eabi/lib/thumb/v7e-m+fp/hard/libg.a(lib_a-init.o)
 .debug_aranges
                0x00000000000016f0       0x20 /usr/local/arm/gcc-arm-10.3-2021.07-x86_64-arm-none-eabi/bin/../lib/gcc/arm-none-eabi/10.3.1/../../../../arm-none-eabi/lib/thumb/v7e-m+fp/hard/libg.a(lib_a-memset.o)

.debug_ranges   0x0000000000000000     0x1858
 .debug_ranges  0x0000000000000000       0x18 CMakeFiles/StepServer.elf.dir/Core/Src/freertos.c.obj
 .debug_ranges  0x0000000000000018       0x60 CMakeFiles/StepServer.elf.dir/Core/Src/main.c.obj
 .debug_ranges  0x0000000000000078       0x48 CMakeFiles/StepServer.elf.dir/Core/Src/stm32h7xx_hal_msp.c.obj
 .debug_ranges  0x00000000000000c0       0x60 CMakeFiles/StepServer.elf.dir/Core/Src/stm32h7xx_it.c.obj
 .debug_ranges  0x0000000000000120       0x18 CMakeFiles/StepServer.elf.dir/Core/Src/system_stm32h7xx.c.obj
 .debug_ranges  0x0000000000000138       0x20 CMakeFiles/StepServer.elf.dir/Core/Startup/startup_stm32h743vitx.s.obj
 .debug_ranges  0x0000000000000158      0x188 CMakeFiles/StepServer.elf.dir/Drivers/STM32H7xx_HAL_Driver/Src/stm32h7xx_hal.c.obj
 .debug_ranges  0x00000000000002e0      0x100 CMakeFiles/StepServer.elf.dir/Drivers/STM32H7xx_HAL_Driver/Src/stm32h7xx_hal_cortex.c.obj
 .debug_ranges  0x00000000000003e0       0xa8 CMakeFiles/StepServer.elf.dir/Drivers/STM32H7xx_HAL_Driver/Src/stm32h7xx_hal_dma.c.obj
 .debug_ranges  0x0000000000000488       0x48 CMakeFiles/StepServer.elf.dir/Drivers/STM32H7xx_HAL_Driver/Src/stm32h7xx_hal_gpio.c.obj
 .debug_ranges  0x00000000000004d0      0x1a8 CMakeFiles/StepServer.elf.dir/Drivers/STM32H7xx_HAL_Driver/Src/stm32h7xx_hal_pwr_ex.c.obj
 .debug_ranges  0x0000000000000678       0xe8 CMakeFiles/StepServer.elf.dir/Drivers/STM32H7xx_HAL_Driver/Src/stm32h7xx_hal_rcc.c.obj
 .debug_ranges  0x0000000000000760       0xe8 CMakeFiles/StepServer.elf.dir/Drivers/STM32H7xx_HAL_Driver/Src/stm32h7xx_hal_rcc_ex.c.obj
 .debug_ranges  0x0000000000000848      0x198 CMakeFiles/StepServer.elf.dir/Drivers/STM32H7xx_HAL_Driver/Src/stm32h7xx_hal_spi.c.obj
 .debug_ranges  0x00000000000009e0      0x3d0 CMakeFiles/StepServer.elf.dir/Drivers/STM32H7xx_HAL_Driver/Src/stm32h7xx_hal_tim.c.obj
 .debug_ranges  0x0000000000000db0      0x178 CMakeFiles/StepServer.elf.dir/Drivers/STM32H7xx_HAL_Driver/Src/stm32h7xx_hal_tim_ex.c.obj
 .debug_ranges  0x0000000000000f28      0x238 CMakeFiles/StepServer.elf.dir/Drivers/STM32H7xx_HAL_Driver/Src/stm32h7xx_hal_uart.c.obj
 .debug_ranges  0x0000000000001160       0x98 CMakeFiles/StepServer.elf.dir/Drivers/STM32H7xx_HAL_Driver/Src/stm32h7xx_hal_uart_ex.c.obj
 .debug_ranges  0x00000000000011f8      0x1c8 CMakeFiles/StepServer.elf.dir/Middlewares/Third_Party/FreeRTOS/Source/CMSIS_RTOS/cmsis_os.c.obj
 .debug_ranges  0x00000000000013c0       0x30 CMakeFiles/StepServer.elf.dir/Middlewares/Third_Party/FreeRTOS/Source/list.c.obj
 .debug_ranges  0x00000000000013f0       0x88 CMakeFiles/StepServer.elf.dir/Middlewares/Third_Party/FreeRTOS/Source/portable/GCC/ARM_CM4F/port.c.obj
 .debug_ranges  0x0000000000001478       0x48 CMakeFiles/StepServer.elf.dir/Middlewares/Third_Party/FreeRTOS/Source/portable/MemMang/heap_4.c.obj
 .debug_ranges  0x00000000000014c0      0x280 CMakeFiles/StepServer.elf.dir/Middlewares/Third_Party/FreeRTOS/Source/tasks.c.obj
 .debug_ranges  0x0000000000001740       0xf8 /usr/local/arm/gcc-arm-10.3-2021.07-x86_64-arm-none-eabi/bin/../lib/gcc/arm-none-eabi/10.3.1/thumb/v7e-m+fp/hard/libgcc.a(_udivmoddi4.o)
 .debug_ranges  0x0000000000001838       0x10 /usr/local/arm/gcc-arm-10.3-2021.07-x86_64-arm-none-eabi/bin/../lib/gcc/arm-none-eabi/10.3.1/../../../../arm-none-eabi/lib/thumb/v7e-m+fp/hard/libg.a(lib_a-init.o)
 .debug_ranges  0x0000000000001848       0x10 /usr/local/arm/gcc-arm-10.3-2021.07-x86_64-arm-none-eabi/bin/../lib/gcc/arm-none-eabi/10.3.1/../../../../arm-none-eabi/lib/thumb/v7e-m+fp/hard/libg.a(lib_a-memset.o)

.debug_line     0x0000000000000000    0x1f8fe
 .debug_line    0x0000000000000000      0x2c3 CMakeFiles/StepServer.elf.dir/Core/Src/freertos.c.obj
 .debug_line    0x00000000000002c3      0xae0 CMakeFiles/StepServer.elf.dir/Core/Src/main.c.obj
 .debug_line    0x0000000000000da3      0x694 CMakeFiles/StepServer.elf.dir/Core/Src/stm32h7xx_hal_msp.c.obj
 .debug_line    0x0000000000001437      0x4bc CMakeFiles/StepServer.elf.dir/Core/Src/stm32h7xx_it.c.obj
 .debug_line    0x00000000000018f3      0x4bd CMakeFiles/StepServer.elf.dir/Core/Src/system_stm32h7xx.c.obj
 .debug_line    0x0000000000001db0       0xab CMakeFiles/StepServer.elf.dir/Core/Startup/startup_stm32h743vitx.s.obj
 .debug_line    0x0000000000001e5b      0x960 CMakeFiles/StepServer.elf.dir/Drivers/STM32H7xx_HAL_Driver/Src/stm32h7xx_hal.c.obj
 .debug_line    0x00000000000027bb      0x82b CMakeFiles/StepServer.elf.dir/Drivers/STM32H7xx_HAL_Driver/Src/stm32h7xx_hal_cortex.c.obj
 .debug_line    0x0000000000002fe6     0x24b5 CMakeFiles/StepServer.elf.dir/Drivers/STM32H7xx_HAL_Driver/Src/stm32h7xx_hal_dma.c.obj
 .debug_line    0x000000000000549b      0x731 CMakeFiles/StepServer.elf.dir/Drivers/STM32H7xx_HAL_Driver/Src/stm32h7xx_hal_gpio.c.obj
 .debug_line    0x0000000000005bcc      0xb20 CMakeFiles/StepServer.elf.dir/Drivers/STM32H7xx_HAL_Driver/Src/stm32h7xx_hal_pwr_ex.c.obj
 .debug_line    0x00000000000066ec     0x1333 CMakeFiles/StepServer.elf.dir/Drivers/STM32H7xx_HAL_Driver/Src/stm32h7xx_hal_rcc.c.obj
 .debug_line    0x0000000000007a1f     0x2025 CMakeFiles/StepServer.elf.dir/Drivers/STM32H7xx_HAL_Driver/Src/stm32h7xx_hal_rcc_ex.c.obj
 .debug_line    0x0000000000009a44     0x24a6 CMakeFiles/StepServer.elf.dir/Drivers/STM32H7xx_HAL_Driver/Src/stm32h7xx_hal_spi.c.obj
 .debug_line    0x000000000000beea     0x50e3 CMakeFiles/StepServer.elf.dir/Drivers/STM32H7xx_HAL_Driver/Src/stm32h7xx_hal_tim.c.obj
 .debug_line    0x0000000000010fcd     0x1fa3 CMakeFiles/StepServer.elf.dir/Drivers/STM32H7xx_HAL_Driver/Src/stm32h7xx_hal_tim_ex.c.obj
 .debug_line    0x0000000000012f70     0x6757 CMakeFiles/StepServer.elf.dir/Drivers/STM32H7xx_HAL_Driver/Src/stm32h7xx_hal_uart.c.obj
 .debug_line    0x00000000000196c7      0xd10 CMakeFiles/StepServer.elf.dir/Drivers/STM32H7xx_HAL_Driver/Src/stm32h7xx_hal_uart_ex.c.obj
 .debug_line    0x000000000001a3d7     0x122e CMakeFiles/StepServer.elf.dir/Middlewares/Third_Party/FreeRTOS/Source/CMSIS_RTOS/cmsis_os.c.obj
 .debug_line    0x000000000001b605      0x3d7 CMakeFiles/StepServer.elf.dir/Middlewares/Third_Party/FreeRTOS/Source/list.c.obj
 .debug_line    0x000000000001b9dc      0x788 CMakeFiles/StepServer.elf.dir/Middlewares/Third_Party/FreeRTOS/Source/portable/GCC/ARM_CM4F/port.c.obj
 .debug_line    0x000000000001c164      0x7b6 CMakeFiles/StepServer.elf.dir/Middlewares/Third_Party/FreeRTOS/Source/portable/MemMang/heap_4.c.obj
 .debug_line    0x000000000001c91a     0x2553 CMakeFiles/StepServer.elf.dir/Middlewares/Third_Party/FreeRTOS/Source/tasks.c.obj
 .debug_line    0x000000000001ee6d       0x83 /usr/local/arm/gcc-arm-10.3-2021.07-x86_64-arm-none-eabi/bin/../lib/gcc/arm-none-eabi/10.3.1/thumb/v7e-m+fp/hard/libgcc.a(_aeabi_uldivmod.o)